main.c:89:5:main	8	static
main.c:144:6:SystemClock_Config	248	static
main.c:228:13:MX_ADC1_Init	32	static
main.c:284:13:MX_DFSDM1_Init	8	static
main.c:322:13:MX_I2C1_Init	8	static
main.c:368:13:MX_I2C2_Init	8	static
main.c:414:13:MX_OCTOSPI1_Init	32	static
main.c:462:13:MX_SPI1_Init	8	static
main.c:502:13:MX_UART4_Init	8	static
main.c:550:13:MX_USART2_UART_Init	8	static
main.c:598:13:MX_USART3_UART_Init	8	static
main.c:646:13:MX_USB_OTG_FS_USB_Init	4	static
main.c:667:13:MX_GPIO_Init	56	static
main.c:802:6:Error_Handler	4	static,ignoring_inline_asm
