b_l4s5i_iot01a.c:93:9:BSP_GetVersion	4	static
b_l4s5i_iot01a.c:105:9:BSP_LED_Init	16	static
b_l4s5i_iot01a.c:120:9:BSP_LED_DeInit	40	static
b_l4s5i_iot01a.c:143:9:BSP_LED_On	16	static
b_l4s5i_iot01a.c:160:9:BSP_LED_Off	16	static
b_l4s5i_iot01a.c:177:9:BSP_LED_Toggle	16	static
b_l4s5i_iot01a.c:194:9:BSP_LED_GetState	16	static
b_l4s5i_iot01a.c:202:13:LED_USER_GPIO_Init	40	static
b_l4s5i_iot01a.c:236:9:BSP_PB_Init	24	static
b_l4s5i_iot01a.c:276:9:BSP_PB_DeInit	40	static
b_l4s5i_iot01a.c:294:9:BSP_PB_GetState	16	static
b_l4s5i_iot01a.c:303:6:BSP_PB_IRQHandler	16	static
b_l4s5i_iot01a.c:313:13:BSP_PB_Callback	16	static
b_l4s5i_iot01a.c:326:13:BUTTON_USER_EXTI_Callback	8	static
b_l4s5i_iot01a.c:335:13:BUTTON_USER_GPIO_Init	40	static
b_l4s5i_iot01a.c:362:9:BSP_COM_Init	24	static
b_l4s5i_iot01a.c:401:9:BSP_COM_DeInit	24	static
b_l4s5i_iot01a.c:438:26:MX_USART1_UART_Init	24	static
b_l4s5i_iot01a.c:557:9:BSP_COM_SelectLogPort	16	static
b_l4s5i_iot01a.c:569:6:__io_putchar	16	static
b_l4s5i_iot01a.c:582:13:USART1_MspInit	48	static
b_l4s5i_iot01a.c:615:13:USART1_MspDeInit	16	static
