Archive member included to satisfy reference by file (symbol)

/Applications/STM32CubeIDE.app/Contents/Eclipse/plugins/com.st.stm32cube.ide.mcu.externaltools.gnu-tools-for-stm32.7-2018-q2-update.macos64_1.5.0.202011040924/tools/bin/../lib/gcc/arm-none-eabi/7.3.1/../../../../arm-none-eabi/lib/thumb/v7e-m/fpv4-sp/hard/libc_nano.a(lib_a-errno.o)
                              Core/Src/syscalls.o (__errno)
/Applications/STM32CubeIDE.app/Contents/Eclipse/plugins/com.st.stm32cube.ide.mcu.externaltools.gnu-tools-for-stm32.7-2018-q2-update.macos64_1.5.0.202011040924/tools/bin/../lib/gcc/arm-none-eabi/7.3.1/../../../../arm-none-eabi/lib/thumb/v7e-m/fpv4-sp/hard/libc_nano.a(lib_a-exit.o)
                              /Applications/STM32CubeIDE.app/Contents/Eclipse/plugins/com.st.stm32cube.ide.mcu.externaltools.gnu-tools-for-stm32.7-2018-q2-update.macos64_1.5.0.202011040924/tools/bin/../lib/gcc/arm-none-eabi/7.3.1/../../../../arm-none-eabi/lib/thumb/v7e-m/fpv4-sp/hard/crt0.o (exit)
/Applications/STM32CubeIDE.app/Contents/Eclipse/plugins/com.st.stm32cube.ide.mcu.externaltools.gnu-tools-for-stm32.7-2018-q2-update.macos64_1.5.0.202011040924/tools/bin/../lib/gcc/arm-none-eabi/7.3.1/../../../../arm-none-eabi/lib/thumb/v7e-m/fpv4-sp/hard/libc_nano.a(lib_a-fflush.o)
                              BlueNRG_MS/App/sample_service.o (fflush)
/Applications/STM32CubeIDE.app/Contents/Eclipse/plugins/com.st.stm32cube.ide.mcu.externaltools.gnu-tools-for-stm32.7-2018-q2-update.macos64_1.5.0.202011040924/tools/bin/../lib/gcc/arm-none-eabi/7.3.1/../../../../arm-none-eabi/lib/thumb/v7e-m/fpv4-sp/hard/libc_nano.a(lib_a-findfp.o)
                              /Applications/STM32CubeIDE.app/Contents/Eclipse/plugins/com.st.stm32cube.ide.mcu.externaltools.gnu-tools-for-stm32.7-2018-q2-update.macos64_1.5.0.202011040924/tools/bin/../lib/gcc/arm-none-eabi/7.3.1/../../../../arm-none-eabi/lib/thumb/v7e-m/fpv4-sp/hard/libc_nano.a(lib_a-fflush.o) (__sinit)
/Applications/STM32CubeIDE.app/Contents/Eclipse/plugins/com.st.stm32cube.ide.mcu.externaltools.gnu-tools-for-stm32.7-2018-q2-update.macos64_1.5.0.202011040924/tools/bin/../lib/gcc/arm-none-eabi/7.3.1/../../../../arm-none-eabi/lib/thumb/v7e-m/fpv4-sp/hard/libc_nano.a(lib_a-fwalk.o)
                              /Applications/STM32CubeIDE.app/Contents/Eclipse/plugins/com.st.stm32cube.ide.mcu.externaltools.gnu-tools-for-stm32.7-2018-q2-update.macos64_1.5.0.202011040924/tools/bin/../lib/gcc/arm-none-eabi/7.3.1/../../../../arm-none-eabi/lib/thumb/v7e-m/fpv4-sp/hard/libc_nano.a(lib_a-findfp.o) (_fwalk)
/Applications/STM32CubeIDE.app/Contents/Eclipse/plugins/com.st.stm32cube.ide.mcu.externaltools.gnu-tools-for-stm32.7-2018-q2-update.macos64_1.5.0.202011040924/tools/bin/../lib/gcc/arm-none-eabi/7.3.1/../../../../arm-none-eabi/lib/thumb/v7e-m/fpv4-sp/hard/libc_nano.a(lib_a-impure.o)
                              /Applications/STM32CubeIDE.app/Contents/Eclipse/plugins/com.st.stm32cube.ide.mcu.externaltools.gnu-tools-for-stm32.7-2018-q2-update.macos64_1.5.0.202011040924/tools/bin/../lib/gcc/arm-none-eabi/7.3.1/../../../../arm-none-eabi/lib/thumb/v7e-m/fpv4-sp/hard/libc_nano.a(lib_a-exit.o) (_global_impure_ptr)
/Applications/STM32CubeIDE.app/Contents/Eclipse/plugins/com.st.stm32cube.ide.mcu.externaltools.gnu-tools-for-stm32.7-2018-q2-update.macos64_1.5.0.202011040924/tools/bin/../lib/gcc/arm-none-eabi/7.3.1/../../../../arm-none-eabi/lib/thumb/v7e-m/fpv4-sp/hard/libc_nano.a(lib_a-init.o)
                              /Applications/STM32CubeIDE.app/Contents/Eclipse/plugins/com.st.stm32cube.ide.mcu.externaltools.gnu-tools-for-stm32.7-2018-q2-update.macos64_1.5.0.202011040924/tools/bin/../lib/gcc/arm-none-eabi/7.3.1/../../../../arm-none-eabi/lib/thumb/v7e-m/fpv4-sp/hard/crt0.o (__libc_init_array)
/Applications/STM32CubeIDE.app/Contents/Eclipse/plugins/com.st.stm32cube.ide.mcu.externaltools.gnu-tools-for-stm32.7-2018-q2-update.macos64_1.5.0.202011040924/tools/bin/../lib/gcc/arm-none-eabi/7.3.1/../../../../arm-none-eabi/lib/thumb/v7e-m/fpv4-sp/hard/libc_nano.a(lib_a-memcpy-stub.o)
                              Middlewares/ST/BlueNRG-MS/hci/controller/bluenrg_gap_aci.o (memcpy)
/Applications/STM32CubeIDE.app/Contents/Eclipse/plugins/com.st.stm32cube.ide.mcu.externaltools.gnu-tools-for-stm32.7-2018-q2-update.macos64_1.5.0.202011040924/tools/bin/../lib/gcc/arm-none-eabi/7.3.1/../../../../arm-none-eabi/lib/thumb/v7e-m/fpv4-sp/hard/libc_nano.a(lib_a-memset.o)
                              /Applications/STM32CubeIDE.app/Contents/Eclipse/plugins/com.st.stm32cube.ide.mcu.externaltools.gnu-tools-for-stm32.7-2018-q2-update.macos64_1.5.0.202011040924/tools/bin/../lib/gcc/arm-none-eabi/7.3.1/../../../../arm-none-eabi/lib/thumb/v7e-m/fpv4-sp/hard/crt0.o (memset)
[...]
Memory Configuration

Name             Origin             Length             Attributes
RAM              0x0000000020000000 0x00000000000a0000 xrw
FLASH            0x0000000008000000 0x0000000000200000 xr
*default*        0x0000000000000000 0xffffffffffffffff

Linker script and memory map

LOAD /Applications/STM32CubeIDE.app/Contents/Eclipse/plugins/com.st.stm32cube.ide.mcu.externaltools.gnu-tools-for-stm32.7-2018-q2-update.macos64_1.5.0.202011040924/tools/bin/../lib/gcc/arm-none-eabi/7.3.1/thumb/v7e-m/fpv4-sp/hard/crti.o
LOAD /Applications/STM32CubeIDE.app/Contents/Eclipse/plugins/com.st.stm32cube.ide.mcu.externaltools.gnu-tools-for-stm32.7-2018-q2-update.macos64_1.5.0.202011040924/tools/bin/../lib/gcc/arm-none-eabi/7.3.1/thumb/v7e-m/fpv4-sp/hard/crtbegin.o
LOAD /Applications/STM32CubeIDE.app/Contents/Eclipse/plugins/com.st.stm32cube.ide.mcu.externaltools.gnu-tools-for-stm32.7-2018-q2-update.macos64_1.5.0.202011040924/tools/bin/../lib/gcc/arm-none-eabi/7.3.1/../../../../arm-none-eabi/lib/thumb/v7e-m/fpv4-sp/hard/crt0.o
LOAD BlueNRG_MS/App/app_bluenrg_ms.o
LOAD BlueNRG_MS/App/sample_service.o
LOAD BlueNRG_MS/Target/hci_tl_interface.o
LOAD Core/Src/main.o
LOAD Core/Src/stm32l4xx_hal_msp.o
LOAD Core/Src/stm32l4xx_it.o
LOAD Core/Src/syscalls.o
LOAD Core/Src/sysmem.o
LOAD Core/Src/system_stm32l4xx.o
LOAD Core/Startup/startup_stm32l4s5vitx.o
LOAD Drivers/BSP/B-L4S5I-IOT01A/b_l4s5i_iot01a.o
LOAD Drivers/BSP/B-L4S5I-IOT01A/b_l4s5i_iot01a_bus.o
LOAD Drivers/STM32L4xx_HAL_Driver/Src/stm32l4xx_hal.o
LOAD Drivers/STM32L4xx_HAL_Driver/Src/stm32l4xx_hal_adc.o
LOAD Drivers/STM32L4xx_HAL_Driver/Src/stm32l4xx_hal_adc_ex.o
LOAD Drivers/STM32L4xx_HAL_Driver/Src/stm32l4xx_hal_cortex.o
LOAD Drivers/STM32L4xx_HAL_Driver/Src/stm32l4xx_hal_dfsdm.o
LOAD Drivers/STM32L4xx_HAL_Driver/Src/stm32l4xx_hal_dfsdm_ex.o
LOAD Drivers/STM32L4xx_HAL_Driver/Src/stm32l4xx_hal_dma.o
LOAD Drivers/STM32L4xx_HAL_Driver/Src/stm32l4xx_hal_dma_ex.o
LOAD Drivers/STM32L4xx_HAL_Driver/Src/stm32l4xx_hal_exti.o
LOAD Drivers/STM32L4xx_HAL_Driver/Src/stm32l4xx_hal_flash.o
LOAD Drivers/STM32L4xx_HAL_Driver/Src/stm32l4xx_hal_flash_ex.o
LOAD Drivers/STM32L4xx_HAL_Driver/Src/stm32l4xx_hal_flash_ramfunc.o
LOAD Drivers/STM32L4xx_HAL_Driver/Src/stm32l4xx_hal_gpio.o
LOAD Drivers/STM32L4xx_HAL_Driver/Src/stm32l4xx_hal_i2c.o
LOAD Drivers/STM32L4xx_HAL_Driver/Src/stm32l4xx_hal_i2c_ex.o
LOAD Drivers/STM32L4xx_HAL_Driver/Src/stm32l4xx_hal_ospi.o
LOAD Drivers/STM32L4xx_HAL_Driver/Src/stm32l4xx_hal_pwr.o
LOAD Drivers/STM32L4xx_HAL_Driver/Src/stm32l4xx_hal_pwr_ex.o
LOAD Drivers/STM32L4xx_HAL_Driver/Src/stm32l4xx_hal_rcc.o
LOAD Drivers/STM32L4xx_HAL_Driver/Src/stm32l4xx_hal_rcc_ex.o
LOAD Drivers/STM32L4xx_HAL_Driver/Src/stm32l4xx_hal_spi.o
LOAD Drivers/STM32L4xx_HAL_Driver/Src/stm32l4xx_hal_spi_ex.o
LOAD Drivers/STM32L4xx_HAL_Driver/Src/stm32l4xx_hal_tim.o
LOAD Drivers/STM32L4xx_HAL_Driver/Src/stm32l4xx_hal_tim_ex.o
LOAD Drivers/STM32L4xx_HAL_Driver/Src/stm32l4xx_hal_uart.o
LOAD Drivers/STM32L4xx_HAL_Driver/Src/stm32l4xx_hal_uart_ex.o
LOAD Middlewares/ST/BlueNRG-MS/hci/controller/bluenrg_gap_aci.o
LOAD Middlewares/ST/BlueNRG-MS/hci/controller/bluenrg_gatt_aci.o
LOAD Middlewares/ST/BlueNRG-MS/hci/controller/bluenrg_hal_aci.o
LOAD Middlewares/ST/BlueNRG-MS/hci/controller/bluenrg_l2cap_aci.o
LOAD Middlewares/ST/BlueNRG-MS/hci/controller/bluenrg_updater_aci.o
LOAD Middlewares/ST/BlueNRG-MS/hci/controller/bluenrg_utils_small.o
LOAD Middlewares/ST/BlueNRG-MS/hci/hci_le.o
LOAD Middlewares/ST/BlueNRG-MS/hci/hci_tl_patterns/Basic/hci_tl.o
LOAD Middlewares/ST/BlueNRG-MS/utils/ble_list.o
START GROUP
LOAD /Applications/STM32CubeIDE.app/Contents/Eclipse/plugins/com.st.stm32cube.ide.mcu.externaltools.gnu-tools-for-stm32.7-2018-q2-update.macos64_1.5.0.202011040924/tools/bin/../lib/gcc/arm-none-eabi/7.3.1/../../../../arm-none-eabi/lib/thumb/v7e-m/fpv4-sp/hard/libc_nano.a
LOAD /Applications/STM32CubeIDE.app/Contents/Eclipse/plugins/com.st.stm32cube.ide.mcu.externaltools.gnu-tools-for-stm32.7-2018-q2-update.macos64_1.5.0.202011040924/tools/bin/../lib/gcc/arm-none-eabi/7.3.1/../../../../arm-none-eabi/lib/thumb/v7e-m/fpv4-sp/hard/libm.a
END GROUP
START GROUP
LOAD /Applications/STM32CubeIDE.app/Contents/Eclipse/plugins/com.st.stm32cube.ide.mcu.externaltools.gnu-tools-for-stm32.7-2018-q2-update.macos64_1.5.0.202011040924/tools/bin/../lib/gcc/arm-none-eabi/7.3.1/thumb/v7e-m/fpv4-sp/hard/libgcc.a
LOAD /Applications/STM32CubeIDE.app/Contents/Eclipse/plugins/com.st.stm32cube.ide.mcu.externaltools.gnu-tools-for-stm32.7-2018-q2-update.macos64_1.5.0.202011040924/tools/bin/../lib/gcc/arm-none-eabi/7.3.1/../../../../arm-none-eabi/lib/thumb/v7e-m/fpv4-sp/hard/libc_nano.a
END GROUP
START GROUP
LOAD /Applications/STM32CubeIDE.app/Contents/Eclipse/plugins/com.st.stm32cube.ide.mcu.externaltools.gnu-tools-for-stm32.7-2018-q2-update.macos64_1.5.0.202011040924/tools/bin/../lib/gcc/arm-none-eabi/7.3.1/thumb/v7e-m/fpv4-sp/hard/libgcc.a
LOAD /Applications/STM32CubeIDE.app/Contents/Eclipse/plugins/com.st.stm32cube.ide.mcu.externaltools.gnu-tools-for-stm32.7-2018-q2-update.macos64_1.5.0.202011040924/tools/bin/../lib/gcc/arm-none-eabi/7.3.1/../../../../arm-none-eabi/lib/thumb/v7e-m/fpv4-sp/hard/libc_nano.a
LOAD /Applications/STM32CubeIDE.app/Contents/Eclipse/plugins/com.st.stm32cube.ide.mcu.externaltools.gnu-tools-for-stm32.7-2018-q2-update.macos64_1.5.0.202011040924/tools/bin/../lib/gcc/arm-none-eabi/7.3.1/../../../../arm-none-eabi/lib/thumb/v7e-m/fpv4-sp/hard/libnosys.a
END GROUP
START GROUP
LOAD /Applications/STM32CubeIDE.app/Contents/Eclipse/plugins/com.st.stm32cube.ide.mcu.externaltools.gnu-tools-for-stm32.7-2018-q2-update.macos64_1.5.0.202011040924/tools/bin/../lib/gcc/arm-none-eabi/7.3.1/thumb/v7e-m/fpv4-sp/hard/libgcc.a
LOAD /Applications/STM32CubeIDE.app/Contents/Eclipse/plugins/com.st.stm32cube.ide.mcu.externaltools.gnu-tools-for-stm32.7-2018-q2-update.macos64_1.5.0.202011040924/tools/bin/../lib/gcc/arm-none-eabi/7.3.1/../../../../arm-none-eabi/lib/thumb/v7e-m/fpv4-sp/hard/libc_nano.a
LOAD /Applications/STM32CubeIDE.app/Contents/Eclipse/plugins/com.st.stm32cube.ide.mcu.externaltools.gnu-tools-for-stm32.7-2018-q2-update.macos64_1.5.0.202011040924/tools/bin/../lib/gcc/arm-none-eabi/7.3.1/../../../../arm-none-eabi/lib/thumb/v7e-m/fpv4-sp/hard/libnosys.a
END GROUP
LOAD /Applications/STM32CubeIDE.app/Contents/Eclipse/plugins/com.st.stm32cube.ide.mcu.externaltools.gnu-tools-for-stm32.7-2018-q2-update.macos64_1.5.0.202011040924/tools/bin/../lib/gcc/arm-none-eabi/7.3.1/thumb/v7e-m/fpv4-sp/hard/crtend.o
LOAD /Applications/STM32CubeIDE.app/Contents/Eclipse/plugins/com.st.stm32cube.ide.mcu.externaltools.gnu-tools-for-stm32.7-2018-q2-update.macos64_1.5.0.202011040924/tools/bin/../lib/gcc/arm-none-eabi/7.3.1/thumb/v7e-m/fpv4-sp/hard/crtn.o
                0x00000000200a0000                _estack = (ORIGIN (RAM) + LENGTH (RAM))
                0x0000000000000200                _Min_Heap_Size = 0x200
                0x0000000000000400                _Min_Stack_Size = 0x400

.isr_vector     0x0000000008000000      0x1bc
                0x0000000008000000                . = ALIGN (0x4)
 *(.isr_vector)
 .isr_vector    0x0000000008000000      0x1bc Core/Startup/startup_stm32l4s5vitx.o
                0x0000000008000000                g_pfnVectors
                0x00000000080001bc                . = ALIGN (0x4)

.text           0x00000000080001c0     0xa1d0
                0x00000000080001c0                . = ALIGN (0x4)
 *(.text)
 .text          0x00000000080001c0       0x40 /Applications/STM32CubeIDE.app/Contents/Eclipse/plugins/com.st.stm32cube.ide.mcu.externaltools.gnu-tools-for-stm32.7-2018-q2-update.macos64_1.5.0.202011040924/tools/bin/../lib/gcc/arm-none-eabi/7.3.1/thumb/v7e-m/fpv4-sp/hard/crtbegin.o
 .text          0x0000000008000200       0xa0 /Applications/STM32CubeIDE.app/Contents/Eclipse/plugins/com.st.stm32cube.ide.mcu.externaltools.gnu-tools-for-stm32.7-2018-q2-update.macos64_1.5.0.202011040924/tools/bin/../lib/gcc/arm-none-eabi/7.3.1/../../../../arm-none-eabi/lib/thumb/v7e-m/fpv4-sp/hard/libc_nano.a(lib_a-memchr.o)
                0x0000000008000200                memchr
 .text          0x00000000080002a0       0x30 /Applications/STM32CubeIDE.app/Contents/Eclipse/plugins/com.st.stm32cube.ide.mcu.externaltools.gnu-tools-for-stm32.7-2018-q2-update.macos64_1.5.0.202011040924/tools/bin/../lib/gcc/arm-none-eabi/7.3.1/thumb/v7e-m/fpv4-sp/hard/libgcc.a(_aeabi_uldivmod.o)
                0x00000000080002a0                __aeabi_uldivmod
 .text          0x00000000080002d0      0x2cc /Applications/STM32CubeIDE.app/Contents/Eclipse/plugins/com.st.stm32cube.ide.mcu.externaltools.gnu-tools-for-stm32.7-2018-q2-update.macos64_1.5.0.202011040924/tools/bin/../lib/gcc/arm-none-eabi/7.3.1/thumb/v7e-m/fpv4-sp/hard/libgcc.a(_udivmoddi4.o)
                0x00000000080002d0                __udivmoddi4
 .text          0x000000000800059c        0x4 /Applications/STM32CubeIDE.app/Contents/Eclipse/plugins/com.st.stm32cube.ide.mcu.externaltools.gnu-tools-for-stm32.7-2018-q2-update.macos64_1.5.0.202011040924/tools/bin/../lib/gcc/arm-none-eabi/7.3.1/thumb/v7e-m/fpv4-sp/hard/libgcc.a(_dvmd_tls.o)
                0x000000000800059c                __aeabi_ldiv0
                0x000000000800059c                __aeabi_idiv0
 *(.text*)
 .text.MX_BlueNRG_MS_Init
                0x00000000080005a0      0x214 BlueNRG_MS/App/app_bluenrg_ms.o
                0x00000000080005a0                MX_BlueNRG_MS_Init
 .text.MX_BlueNRG_MS_Process
                0x00000000080007b4       0x10 BlueNRG_MS/App/app_bluenrg_ms.o
                0x00000000080007b4                MX_BlueNRG_MS_Process
 .text.User_Init
                0x00000000080007c4       0x1c BlueNRG_MS/App/app_bluenrg_ms.o
 .text.User_Process
                0x00000000080007e0      0x120 BlueNRG_MS/App/app_bluenrg_ms.o
 .text.BSP_PB_Callback
                0x0000000008000900       0x20 BlueNRG_MS/App/app_bluenrg_ms.o
                0x0000000008000900                BSP_PB_Callback
 .text.Add_Sample_Service
                0x0000000008000920       0xe4 BlueNRG_MS/App/sample_service.o
                0x0000000008000920                Add_Sample_Service
 .text.Make_Connection
                0x0000000008000a04       0xd4 BlueNRG_MS/App/sample_service.o
                0x0000000008000a04                Make_Connection
 .text.startReadTXCharHandle
                0x0000000008000ad8       0x4c BlueNRG_MS/App/sample_service.o
                0x0000000008000ad8                startReadTXCharHandle
 .text.startReadRXCharHandle
                0x0000000008000b24       0x4c BlueNRG_MS/App/sample_service.o
                0x0000000008000b24                startReadRXCharHandle
 .text.receiveData
                0x0000000008000b70       0x4c BlueNRG_MS/App/sample_service.o
                0x0000000008000b70                receiveData
 .text.sendData
                0x0000000008000bbc       0x60 BlueNRG_MS/App/sample_service.o
                0x0000000008000bbc                sendData
 .text.enableNotification
                0x0000000008000c1c       0x64 BlueNRG_MS/App/sample_service.o
                0x0000000008000c1c                enableNotification
 .text.Attribute_Modified_CB
                0x0000000008000c80       0x58 BlueNRG_MS/App/sample_service.o
                0x0000000008000c80                Attribute_Modified_CB
 .text.GAP_ConnectionComplete_CB
                0x0000000008000cd8       0x68 BlueNRG_MS/App/sample_service.o
                0x0000000008000cd8                GAP_ConnectionComplete_CB
 .text.GAP_DisconnectionComplete_CB
                0x0000000008000d40       0x58 BlueNRG_MS/App/sample_service.o
                0x0000000008000d40                GAP_DisconnectionComplete_CB
 .text.GATT_Notification_CB
                0x0000000008000d98       0x34 BlueNRG_MS/App/sample_service.o
                0x0000000008000d98                GATT_Notification_CB
 .text.user_notify
                0x0000000008000dcc      0x214 BlueNRG_MS/App/sample_service.o
                0x0000000008000dcc                user_notify
 .text.HCI_TL_SPI_Init
                0x0000000008000fe0       0x94 BlueNRG_MS/Target/hci_tl_interface.o
                0x0000000008000fe0                HCI_TL_SPI_Init
 .text.HCI_TL_SPI_DeInit
                0x0000000008001074       0x30 BlueNRG_MS/Target/hci_tl_interface.o
                0x0000000008001074                HCI_TL_SPI_DeInit
 .text.HCI_TL_SPI_Reset
                0x00000000080010a4       0x44 BlueNRG_MS/Target/hci_tl_interface.o
                0x00000000080010a4                HCI_TL_SPI_Reset
 .text.HCI_TL_SPI_Receive
                0x00000000080010e8       0xb8 BlueNRG_MS/Target/hci_tl_interface.o
                0x00000000080010e8                HCI_TL_SPI_Receive
 .text.HCI_TL_SPI_Send
                0x00000000080011a0       0xac BlueNRG_MS/Target/hci_tl_interface.o
                0x00000000080011a0                HCI_TL_SPI_Send
 .text.IsDataAvailable
                0x000000000800124c       0x20 BlueNRG_MS/Target/hci_tl_interface.o
 .text.hci_tl_lowlevel_init
                0x000000000800126c       0x74 BlueNRG_MS/Target/hci_tl_interface.o
                0x000000000800126c                hci_tl_lowlevel_init
 .text.hci_tl_lowlevel_isr
                0x00000000080012e0       0x22 BlueNRG_MS/Target/hci_tl_interface.o
                0x00000000080012e0                hci_tl_lowlevel_isr
 .text.main     0x0000000008001302       0x42 Core/Src/main.o
                0x0000000008001302                main
 .text.SystemClock_Config
                0x0000000008001344      0x160 Core/Src/main.o
                0x0000000008001344                SystemClock_Config
 .text.MX_ADC1_Init
                0x00000000080014a4       0xc8 Core/Src/main.o
 .text.MX_DFSDM1_Init
                0x000000000800156c       0x70 Core/Src/main.o
 .text.MX_I2C1_Init
                0x00000000080015dc       0x80 Core/Src/main.o
 .text.MX_I2C2_Init
                0x000000000800165c       0x80 Core/Src/main.o
 .text.MX_OCTOSPI1_Init
                0x00000000080016dc       0xac Core/Src/main.o
 .text.MX_SPI1_Init
                0x0000000008001788       0x7c Core/Src/main.o
 .text.MX_UART4_Init
                0x0000000008001804       0x98 Core/Src/main.o
 .text.MX_USART2_UART_Init
                0x000000000800189c       0x9c Core/Src/main.o
 .text.MX_USART3_UART_Init
                0x0000000008001938       0x98 Core/Src/main.o
 .text.MX_USB_OTG_FS_USB_Init
                0x00000000080019d0        0xe Core/Src/main.o
 *fill*         0x00000000080019de        0x2 
 .text.MX_GPIO_Init
                0x00000000080019e0      0x27c Core/Src/main.o
 .text.Error_Handler
                0x0000000008001c5c        0x8 Core/Src/main.o
                0x0000000008001c5c                Error_Handler
 .text.HAL_MspInit
                0x0000000008001c64       0x48 Core/Src/stm32l4xx_hal_msp.o
                0x0000000008001c64                HAL_MspInit
 .text.HAL_ADC_MspInit
                0x0000000008001cac       0x80 Core/Src/stm32l4xx_hal_msp.o
                0x0000000008001cac                HAL_ADC_MspInit
 .text.HAL_DFSDM_ChannelMspInit
                0x0000000008001d2c       0x90 Core/Src/stm32l4xx_hal_msp.o
                0x0000000008001d2c                HAL_DFSDM_ChannelMspInit
 .text.HAL_I2C_MspInit
                0x0000000008001dbc       0xec Core/Src/stm32l4xx_hal_msp.o
                0x0000000008001dbc                HAL_I2C_MspInit
 .text.HAL_OSPI_MspInit
                0x0000000008001ea8       0xa0 Core/Src/stm32l4xx_hal_msp.o
                0x0000000008001ea8                HAL_OSPI_MspInit
 .text.HAL_SPI_MspInit
                0x0000000008001f48       0x84 Core/Src/stm32l4xx_hal_msp.o
                0x0000000008001f48                HAL_SPI_MspInit
 .text.HAL_UART_MspInit
                0x0000000008001fcc      0x14c Core/Src/stm32l4xx_hal_msp.o
                0x0000000008001fcc                HAL_UART_MspInit
 .text.NMI_Handler
                0x0000000008002118        0x6 Core/Src/stm32l4xx_it.o
                0x0000000008002118                NMI_Handler
 .text.HardFault_Handler
                0x000000000800211e        0x6 Core/Src/stm32l4xx_it.o
                0x000000000800211e                HardFault_Handler
 .text.MemManage_Handler
                0x0000000008002124        0x6 Core/Src/stm32l4xx_it.o
                0x0000000008002124                MemManage_Handler
 .text.BusFault_Handler
                0x000000000800212a        0x6 Core/Src/stm32l4xx_it.o
                0x000000000800212a                BusFault_Handler
 .text.UsageFault_Handler
                0x0000000008002130        0x6 Core/Src/stm32l4xx_it.o
                0x0000000008002130                UsageFault_Handler
 .text.SVC_Handler
                0x0000000008002136        0xe Core/Src/stm32l4xx_it.o
                0x0000000008002136                SVC_Handler
 .text.DebugMon_Handler
                0x0000000008002144        0xe Core/Src/stm32l4xx_it.o
                0x0000000008002144                DebugMon_Handler
 .text.PendSV_Handler
                0x0000000008002152        0xe Core/Src/stm32l4xx_it.o
                0x0000000008002152                PendSV_Handler
 .text.SysTick_Handler
                0x0000000008002160        0xc Core/Src/stm32l4xx_it.o
                0x0000000008002160                SysTick_Handler
 .text.EXTI9_5_IRQHandler
                0x000000000800216c       0x28 Core/Src/stm32l4xx_it.o
                0x000000000800216c                EXTI9_5_IRQHandler
 .text.EXTI15_10_IRQHandler
                0x0000000008002194       0x3c Core/Src/stm32l4xx_it.o
                0x0000000008002194                EXTI15_10_IRQHandler
 .text._read    0x00000000080021d0       0x3a Core/Src/syscalls.o
                0x00000000080021d0                _read
 .text._write   0x000000000800220a       0x38 Core/Src/syscalls.o
                0x000000000800220a                _write
 .text._close   0x0000000008002242       0x18 Core/Src/syscalls.o
                0x0000000008002242                _close
 .text._fstat   0x000000000800225a       0x20 Core/Src/syscalls.o
                0x000000000800225a                _fstat
 .text._isatty  0x000000000800227a       0x16 Core/Src/syscalls.o
                0x000000000800227a                _isatty
 .text._lseek   0x0000000008002290       0x1a Core/Src/syscalls.o
                0x0000000008002290                _lseek
 *fill*         0x00000000080022aa        0x2 
 .text._sbrk    0x00000000080022ac       0x6c Core/Src/sysmem.o
                0x00000000080022ac                _sbrk
 .text.SystemInit
                0x0000000008002318       0x64 Core/Src/system_stm32l4xx.o
                0x0000000008002318                SystemInit
 .text.Reset_Handler
                0x000000000800237c       0x50 Core/Startup/startup_stm32l4s5vitx.o
                0x000000000800237c                Reset_Handler
 .text.Default_Handler
                0x00000000080023cc        0x2 Core/Startup/startup_stm32l4s5vitx.o
                0x00000000080023cc                TIM1_BRK_TIM15_IRQHandler
                0x00000000080023cc                EXTI2_IRQHandler
                0x00000000080023cc                TIM8_TRG_COM_IRQHandler
                0x00000000080023cc                TIM8_CC_IRQHandler
                0x00000000080023cc                TIM1_CC_IRQHandler
                0x00000000080023cc                TSC_IRQHandler
                0x00000000080023cc                TAMP_STAMP_IRQHandler
                0x00000000080023cc                EXTI3_IRQHandler
                0x00000000080023cc                LPTIM2_IRQHandler
                0x00000000080023cc                DFSDM1_FLT1_IRQHandler
                0x00000000080023cc                GFXMMU_IRQHandler
                0x00000000080023cc                I2C3_ER_IRQHandler
                0x00000000080023cc                DFSDM1_FLT2_IRQHandler
                0x00000000080023cc                EXTI0_IRQHandler
                0x00000000080023cc                I2C2_EV_IRQHandler
                0x00000000080023cc                CAN1_RX0_IRQHandler
                0x00000000080023cc                FPU_IRQHandler
                0x00000000080023cc                TIM1_UP_TIM16_IRQHandler
                0x00000000080023cc                LTDC_ER_IRQHandler
                0x00000000080023cc                SPI1_IRQHandler
                0x00000000080023cc                OCTOSPI1_IRQHandler
                0x00000000080023cc                TIM6_DAC_IRQHandler
                0x00000000080023cc                DCMI_IRQHandler
                0x00000000080023cc                TIM8_UP_IRQHandler
                0x00000000080023cc                OCTOSPI2_IRQHandler
                0x00000000080023cc                DMA2_Channel2_IRQHandler
                0x00000000080023cc                DMA1_Channel4_IRQHandler
                0x00000000080023cc                SAI2_IRQHandler
                0x00000000080023cc                ADC1_IRQHandler
                0x00000000080023cc                DFSDM1_FLT3_IRQHandler
                0x00000000080023cc                USART3_IRQHandler
                0x00000000080023cc                DMA1_Channel7_IRQHandler
                0x00000000080023cc                CAN1_RX1_IRQHandler
                0x00000000080023cc                UART5_IRQHandler
                0x00000000080023cc                TIM4_IRQHandler
                0x00000000080023cc                DMA2_Channel1_IRQHandler
                0x00000000080023cc                I2C1_EV_IRQHandler
                0x00000000080023cc                DMAMUX1_OVR_IRQHandler
                0x00000000080023cc                DMA1_Channel6_IRQHandler
                0x00000000080023cc                UART4_IRQHandler
                0x00000000080023cc                DMA2_Channel4_IRQHandler
                0x00000000080023cc                TIM3_IRQHandler
                0x00000000080023cc                RCC_IRQHandler
                0x00000000080023cc                DMA1_Channel1_IRQHandler
                0x00000000080023cc                Default_Handler
                0x00000000080023cc                DMA2_Channel7_IRQHandler
                0x00000000080023cc                TIM7_IRQHandler
                0x00000000080023cc                SDMMC1_IRQHandler
                0x00000000080023cc                TIM5_IRQHandler
                0x00000000080023cc                I2C3_EV_IRQHandler
                0x00000000080023cc                RTC_WKUP_IRQHandler
                0x00000000080023cc                LTDC_IRQHandler
                0x00000000080023cc                PVD_PVM_IRQHandler
                0x00000000080023cc                SPI2_IRQHandler
                0x00000000080023cc                CAN1_TX_IRQHandler
                0x00000000080023cc                DMA2_Channel5_IRQHandler
                0x00000000080023cc                DMA1_Channel5_IRQHandler
                0x00000000080023cc                EXTI4_IRQHandler
                0x00000000080023cc                RNG_IRQHandler
                0x00000000080023cc                TIM1_TRG_COM_TIM17_IRQHandler
                0x00000000080023cc                DMA1_Channel3_IRQHandler
                0x00000000080023cc                COMP_IRQHandler
                0x00000000080023cc                HASH_CRS_IRQHandler
                0x00000000080023cc                WWDG_IRQHandler
                0x00000000080023cc                I2C4_EV_IRQHandler
                0x00000000080023cc                LPUART1_IRQHandler
                0x00000000080023cc                DMA2_Channel6_IRQHandler
                0x00000000080023cc                TIM2_IRQHandler
                0x00000000080023cc                DMA2D_IRQHandler
                0x00000000080023cc                EXTI1_IRQHandler
                0x00000000080023cc                AES_IRQHandler
                0x00000000080023cc                USART2_IRQHandler
                0x00000000080023cc                DFSDM1_FLT0_IRQHandler
                0x00000000080023cc                I2C2_ER_IRQHandler
                0x00000000080023cc                DMA1_Channel2_IRQHandler
                0x00000000080023cc                TIM8_BRK_IRQHandler
                0x00000000080023cc                CAN1_SCE_IRQHandler
                0x00000000080023cc                FLASH_IRQHandler
                0x00000000080023cc                USART1_IRQHandler
                0x00000000080023cc                OTG_FS_IRQHandler
                0x00000000080023cc                SPI3_IRQHandler
                0x00000000080023cc                I2C1_ER_IRQHandler
                0x00000000080023cc                FMC_IRQHandler
                0x00000000080023cc                LPTIM1_IRQHandler
                0x00000000080023cc                I2C4_ER_IRQHandler
                0x00000000080023cc                SAI1_IRQHandler
                0x00000000080023cc                DMA2_Channel3_IRQHandler
                0x00000000080023cc                RTC_Alarm_IRQHandler
 *fill*         0x00000000080023ce        0x2 
 .text.BSP_LED_Init
                0x00000000080023d0       0x24 Drivers/BSP/B-L4S5I-IOT01A/b_l4s5i_iot01a.o
                0x00000000080023d0                BSP_LED_Init
 .text.BSP_LED_On
                0x00000000080023f4       0x2c Drivers/BSP/B-L4S5I-IOT01A/b_l4s5i_iot01a.o
                0x00000000080023f4                BSP_LED_On
 .text.BSP_LED_Off
                0x0000000008002420       0x2c Drivers/BSP/B-L4S5I-IOT01A/b_l4s5i_iot01a.o
                0x0000000008002420                BSP_LED_Off
 .text.BSP_LED_Toggle
                0x000000000800244c       0x2c Drivers/BSP/B-L4S5I-IOT01A/b_l4s5i_iot01a.o
                0x000000000800244c                BSP_LED_Toggle
 .text.LED_USER_GPIO_Init
                0x0000000008002478       0x80 Drivers/BSP/B-L4S5I-IOT01A/b_l4s5i_iot01a.o
 .text.BSP_PB_Init
                0x00000000080024f8       0xa8 Drivers/BSP/B-L4S5I-IOT01A/b_l4s5i_iot01a.o
                0x00000000080024f8                BSP_PB_Init
 .text.BSP_PB_GetState
                0x00000000080025a0       0x38 Drivers/BSP/B-L4S5I-IOT01A/b_l4s5i_iot01a.o
                0x00000000080025a0                BSP_PB_GetState
 .text.BUTTON_USER_EXTI_Callback
                0x00000000080025d8        0xe Drivers/BSP/B-L4S5I-IOT01A/b_l4s5i_iot01a.o
 *fill*         0x00000000080025e6        0x2 
 .text.BUTTON_USER_GPIO_Init
                0x00000000080025e8       0x74 Drivers/BSP/B-L4S5I-IOT01A/b_l4s5i_iot01a.o
 .text.BSP_COM_Init
                0x000000000800265c       0x7c Drivers/BSP/B-L4S5I-IOT01A/b_l4s5i_iot01a.o
                0x000000000800265c                BSP_COM_Init
 .text.MX_USART1_UART_Init
                0x00000000080026d8       0xa4 Drivers/BSP/B-L4S5I-IOT01A/b_l4s5i_iot01a.o
                0x00000000080026d8                MX_USART1_UART_Init
 .text.__io_putchar
                0x000000000800277c       0x38 Drivers/BSP/B-L4S5I-IOT01A/b_l4s5i_iot01a.o
                0x000000000800277c                __io_putchar
 .text.USART1_MspInit
                0x00000000080027b4       0x88 Drivers/BSP/B-L4S5I-IOT01A/b_l4s5i_iot01a.o
 .text.BSP_SPI3_Init
                0x000000000800283c       0x60 Drivers/BSP/B-L4S5I-IOT01A/b_l4s5i_iot01a_bus.o
                0x000000000800283c                BSP_SPI3_Init
 .text.BSP_SPI3_SendRecv
                0x000000000800289c       0x40 Drivers/BSP/B-L4S5I-IOT01A/b_l4s5i_iot01a_bus.o
                0x000000000800289c                BSP_SPI3_SendRecv
 .text.BSP_GetTick
                0x00000000080028dc        0xe Drivers/BSP/B-L4S5I-IOT01A/b_l4s5i_iot01a_bus.o
                0x00000000080028dc                BSP_GetTick
 *fill*         0x00000000080028ea        0x2 
 .text.MX_SPI3_Init
                0x00000000080028ec       0x84 Drivers/BSP/B-L4S5I-IOT01A/b_l4s5i_iot01a_bus.o
                0x00000000080028ec                MX_SPI3_Init
 .text.SPI3_MspInit
                0x0000000008002970       0xb0 Drivers/BSP/B-L4S5I-IOT01A/b_l4s5i_iot01a_bus.o
 .text.HAL_Init
                0x0000000008002a20       0x30 Drivers/STM32L4xx_HAL_Driver/Src/stm32l4xx_hal.o
                0x0000000008002a20                HAL_Init
 .text.HAL_InitTick
                0x0000000008002a50       0x78 Drivers/STM32L4xx_HAL_Driver/Src/stm32l4xx_hal.o
                0x0000000008002a50                HAL_InitTick
 .text.HAL_IncTick
                0x0000000008002ac8       0x28 Drivers/STM32L4xx_HAL_Driver/Src/stm32l4xx_hal.o
                0x0000000008002ac8                HAL_IncTick
 .text.HAL_GetTick
                0x0000000008002af0       0x18 Drivers/STM32L4xx_HAL_Driver/Src/stm32l4xx_hal.o
                0x0000000008002af0                HAL_GetTick
 .text.HAL_Delay
                0x0000000008002b08       0x44 Drivers/STM32L4xx_HAL_Driver/Src/stm32l4xx_hal.o
                0x0000000008002b08                HAL_Delay
 .text.LL_ADC_SetCommonClock
                0x0000000008002b4c       0x26 Drivers/STM32L4xx_HAL_Driver/Src/stm32l4xx_hal_adc.o
 .text.LL_ADC_SetCommonPathInternalCh
                0x0000000008002b72       0x26 Drivers/STM32L4xx_HAL_Driver/Src/stm32l4xx_hal_adc.o
 .text.LL_ADC_GetCommonPathInternalCh
                0x0000000008002b98       0x1c Drivers/STM32L4xx_HAL_Driver/Src/stm32l4xx_hal_adc.o
 .text.LL_ADC_SetOffset
                0x0000000008002bb4       0x48 Drivers/STM32L4xx_HAL_Driver/Src/stm32l4xx_hal_adc.o
 .text.LL_ADC_GetOffsetChannel
                0x0000000008002bfc       0x2c Drivers/STM32L4xx_HAL_Driver/Src/stm32l4xx_hal_adc.o
 .text.LL_ADC_SetOffsetState
                0x0000000008002c28       0x36 Drivers/STM32L4xx_HAL_Driver/Src/stm32l4xx_hal_adc.o
 .text.LL_ADC_SetSamplingTimeCommonConfig
                0x0000000008002c5e       0x26 Drivers/STM32L4xx_HAL_Driver/Src/stm32l4xx_hal_adc.o
 .text.LL_ADC_REG_SetSequencerRanks
                0x0000000008002c84       0x58 Drivers/STM32L4xx_HAL_Driver/Src/stm32l4xx_hal_adc.o
 .text.LL_ADC_SetChannelSamplingTime
                0x0000000008002cdc       0x56 Drivers/STM32L4xx_HAL_Driver/Src/stm32l4xx_hal_adc.o
 *fill*         0x0000000008002d32        0x2 
 .text.LL_ADC_SetChannelSingleDiff
                0x0000000008002d34       0x48 Drivers/STM32L4xx_HAL_Driver/Src/stm32l4xx_hal_adc.o
 .text.LL_ADC_DisableDeepPowerDown
                0x0000000008002d7c       0x24 Drivers/STM32L4xx_HAL_Driver/Src/stm32l4xx_hal_adc.o
 .text.LL_ADC_IsDeepPowerDownEnabled
                0x0000000008002da0       0x28 Drivers/STM32L4xx_HAL_Driver/Src/stm32l4xx_hal_adc.o
 .text.LL_ADC_EnableInternalRegulator
                0x0000000008002dc8       0x28 Drivers/STM32L4xx_HAL_Driver/Src/stm32l4xx_hal_adc.o
 .text.LL_ADC_IsInternalRegulatorEnabled
                0x0000000008002df0       0x28 Drivers/STM32L4xx_HAL_Driver/Src/stm32l4xx_hal_adc.o
 .text.LL_ADC_IsEnabled
                0x0000000008002e18       0x26 Drivers/STM32L4xx_HAL_Driver/Src/stm32l4xx_hal_adc.o
 .text.LL_ADC_REG_IsConversionOngoing
                0x0000000008002e3e       0x26 Drivers/STM32L4xx_HAL_Driver/Src/stm32l4xx_hal_adc.o
 .text.LL_ADC_INJ_IsConversionOngoing
                0x0000000008002e64       0x26 Drivers/STM32L4xx_HAL_Driver/Src/stm32l4xx_hal_adc.o
 *fill*         0x0000000008002e8a        0x2 
 .text.HAL_ADC_Init
                0x0000000008002e8c      0x298 Drivers/STM32L4xx_HAL_Driver/Src/stm32l4xx_hal_adc.o
                0x0000000008002e8c                HAL_ADC_Init
 .text.HAL_ADC_ConfigChannel
                0x0000000008003124      0x7f8 Drivers/STM32L4xx_HAL_Driver/Src/stm32l4xx_hal_adc.o
                0x0000000008003124                HAL_ADC_ConfigChannel
 .text.__NVIC_SetPriorityGrouping
                0x000000000800391c       0x48 Drivers/STM32L4xx_HAL_Driver/Src/stm32l4xx_hal_cortex.o
 .text.__NVIC_GetPriorityGrouping
                0x0000000008003964       0x1c Drivers/STM32L4xx_HAL_Driver/Src/stm32l4xx_hal_cortex.o
 .text.__NVIC_EnableIRQ
                0x0000000008003980       0x3c Drivers/STM32L4xx_HAL_Driver/Src/stm32l4xx_hal_cortex.o
 .text.__NVIC_SetPriority
                0x00000000080039bc       0x54 Drivers/STM32L4xx_HAL_Driver/Src/stm32l4xx_hal_cortex.o
 .text.NVIC_EncodePriority
                0x0000000008003a10       0x66 Drivers/STM32L4xx_HAL_Driver/Src/stm32l4xx_hal_cortex.o
 *fill*         0x0000000008003a76        0x2 
 .text.SysTick_Config
                0x0000000008003a78       0x44 Drivers/STM32L4xx_HAL_Driver/Src/stm32l4xx_hal_cortex.o
 .text.HAL_NVIC_SetPriorityGrouping
                0x0000000008003abc       0x16 Drivers/STM32L4xx_HAL_Driver/Src/stm32l4xx_hal_cortex.o
                0x0000000008003abc                HAL_NVIC_SetPriorityGrouping
 .text.HAL_NVIC_SetPriority
                0x0000000008003ad2       0x38 Drivers/STM32L4xx_HAL_Driver/Src/stm32l4xx_hal_cortex.o
                0x0000000008003ad2                HAL_NVIC_SetPriority
 .text.HAL_NVIC_EnableIRQ
                0x0000000008003b0a       0x1c Drivers/STM32L4xx_HAL_Driver/Src/stm32l4xx_hal_cortex.o
                0x0000000008003b0a                HAL_NVIC_EnableIRQ
 .text.HAL_SYSTICK_Config
                0x0000000008003b26       0x18 Drivers/STM32L4xx_HAL_Driver/Src/stm32l4xx_hal_cortex.o
                0x0000000008003b26                HAL_SYSTICK_Config
 *fill*         0x0000000008003b3e        0x2 
 .text.HAL_DFSDM_ChannelInit
                0x0000000008003b40      0x180 Drivers/STM32L4xx_HAL_Driver/Src/stm32l4xx_hal_dfsdm.o
                0x0000000008003b40                HAL_DFSDM_ChannelInit
 .text.DFSDM_GetChannelFromInstance
                0x0000000008003cc0       0x98 Drivers/STM32L4xx_HAL_Driver/Src/stm32l4xx_hal_dfsdm.o
 .text.HAL_EXTI_RegisterCallback
                0x0000000008003d58       0x34 Drivers/STM32L4xx_HAL_Driver/Src/stm32l4xx_hal_exti.o
                0x0000000008003d58                HAL_EXTI_RegisterCallback
 .text.HAL_EXTI_GetHandle
                0x0000000008003d8c       0x28 Drivers/STM32L4xx_HAL_Driver/Src/stm32l4xx_hal_exti.o
                0x0000000008003d8c                HAL_EXTI_GetHandle
 .text.HAL_EXTI_IRQHandler
                0x0000000008003db4       0x60 Drivers/STM32L4xx_HAL_Driver/Src/stm32l4xx_hal_exti.o
                0x0000000008003db4                HAL_EXTI_IRQHandler
 .text.HAL_GPIO_Init
                0x0000000008003e14      0x324 Drivers/STM32L4xx_HAL_Driver/Src/stm32l4xx_hal_gpio.o
                0x0000000008003e14                HAL_GPIO_Init
 .text.HAL_GPIO_DeInit
                0x0000000008004138      0x1e4 Drivers/STM32L4xx_HAL_Driver/Src/stm32l4xx_hal_gpio.o
                0x0000000008004138                HAL_GPIO_DeInit
 .text.HAL_GPIO_ReadPin
                0x000000000800431c       0x30 Drivers/STM32L4xx_HAL_Driver/Src/stm32l4xx_hal_gpio.o
                0x000000000800431c                HAL_GPIO_ReadPin
 .text.HAL_GPIO_WritePin
                0x000000000800434c       0x30 Drivers/STM32L4xx_HAL_Driver/Src/stm32l4xx_hal_gpio.o
                0x000000000800434c                HAL_GPIO_WritePin
 .text.HAL_GPIO_TogglePin
                0x000000000800437c       0x34 Drivers/STM32L4xx_HAL_Driver/Src/stm32l4xx_hal_gpio.o
                0x000000000800437c                HAL_GPIO_TogglePin
 .text.HAL_GPIO_EXTI_IRQHandler
                0x00000000080043b0       0x30 Drivers/STM32L4xx_HAL_Driver/Src/stm32l4xx_hal_gpio.o
                0x00000000080043b0                HAL_GPIO_EXTI_IRQHandler
 .text.HAL_GPIO_EXTI_Callback
                0x00000000080043e0       0x16 Drivers/STM32L4xx_HAL_Driver/Src/stm32l4xx_hal_gpio.o
                0x00000000080043e0                HAL_GPIO_EXTI_Callback
 .text.HAL_I2C_Init
                0x00000000080043f6      0x11e Drivers/STM32L4xx_HAL_Driver/Src/stm32l4xx_hal_i2c.o
                0x00000000080043f6                HAL_I2C_Init
 .text.HAL_I2CEx_ConfigAnalogFilter
                0x0000000008004514       0x96 Drivers/STM32L4xx_HAL_Driver/Src/stm32l4xx_hal_i2c_ex.o
                0x0000000008004514                HAL_I2CEx_ConfigAnalogFilter
 .text.HAL_I2CEx_ConfigDigitalFilter
                0x00000000080045aa       0x98 Drivers/STM32L4xx_HAL_Driver/Src/stm32l4xx_hal_i2c_ex.o
                0x00000000080045aa                HAL_I2CEx_ConfigDigitalFilter
 *fill*         0x0000000008004642        0x2 
 .text.HAL_OSPI_Init
                0x0000000008004644      0x154 Drivers/STM32L4xx_HAL_Driver/Src/stm32l4xx_hal_ospi.o
                0x0000000008004644                HAL_OSPI_Init
 .text.HAL_OSPI_SetTimeout
                0x0000000008004798       0x1e Drivers/STM32L4xx_HAL_Driver/Src/stm32l4xx_hal_ospi.o
                0x0000000008004798                HAL_OSPI_SetTimeout
 *fill*         0x00000000080047b6        0x2 
 .text.HAL_OSPIM_Config
                0x00000000080047b8      0x6a8 Drivers/STM32L4xx_HAL_Driver/Src/stm32l4xx_hal_ospi.o
                0x00000000080047b8                HAL_OSPIM_Config
 .text.OSPI_WaitFlagStateUntilTimeout
                0x0000000008004e60       0x6e Drivers/STM32L4xx_HAL_Driver/Src/stm32l4xx_hal_ospi.o
 *fill*         0x0000000008004ece        0x2 
 .text.OSPIM_GetConfig
                0x0000000008004ed0      0x160 Drivers/STM32L4xx_HAL_Driver/Src/stm32l4xx_hal_ospi.o
 .text.HAL_PWR_EnableBkUpAccess
                0x0000000008005030       0x20 Drivers/STM32L4xx_HAL_Driver/Src/stm32l4xx_hal_pwr.o
                0x0000000008005030                HAL_PWR_EnableBkUpAccess
 .text.HAL_PWREx_GetVoltageRange
                0x0000000008005050       0x40 Drivers/STM32L4xx_HAL_Driver/Src/stm32l4xx_hal_pwr_ex.o
                0x0000000008005050                HAL_PWREx_GetVoltageRange
 .text.HAL_PWREx_ControlVoltageScaling
                0x0000000008005090      0x148 Drivers/STM32L4xx_HAL_Driver/Src/stm32l4xx_hal_pwr_ex.o
                0x0000000008005090                HAL_PWREx_ControlVoltageScaling
 .text.HAL_RCC_OscConfig
                0x00000000080051d8      0x84c Drivers/STM32L4xx_HAL_Driver/Src/stm32l4xx_hal_rcc.o
                0x00000000080051d8                HAL_RCC_OscConfig
 .text.HAL_RCC_ClockConfig
                0x0000000008005a24      0x258 Drivers/STM32L4xx_HAL_Driver/Src/stm32l4xx_hal_rcc.o
                0x0000000008005a24                HAL_RCC_ClockConfig
 .text.HAL_RCC_GetSysClockFreq
                0x0000000008005c7c      0x114 Drivers/STM32L4xx_HAL_Driver/Src/stm32l4xx_hal_rcc.o
                0x0000000008005c7c                HAL_RCC_GetSysClockFreq
 .text.HAL_RCC_GetHCLKFreq
                0x0000000008005d90       0x18 Drivers/STM32L4xx_HAL_Driver/Src/stm32l4xx_hal_rcc.o
                0x0000000008005d90                HAL_RCC_GetHCLKFreq
 .text.HAL_RCC_GetPCLK1Freq
                0x0000000008005da8       0x2c Drivers/STM32L4xx_HAL_Driver/Src/stm32l4xx_hal_rcc.o
                0x0000000008005da8                HAL_RCC_GetPCLK1Freq
 .text.HAL_RCC_GetPCLK2Freq
                0x0000000008005dd4       0x2c Drivers/STM32L4xx_HAL_Driver/Src/stm32l4xx_hal_rcc.o
                0x0000000008005dd4                HAL_RCC_GetPCLK2Freq
 .text.RCC_SetFlashLatencyFromMSIRange
                0x0000000008005e00       0xb4 Drivers/STM32L4xx_HAL_Driver/Src/stm32l4xx_hal_rcc.o
 .text.RCC_GetSysClockFreqFromPLLSource
                0x0000000008005eb4       0xd0 Drivers/STM32L4xx_HAL_Driver/Src/stm32l4xx_hal_rcc.o
 .text.HAL_RCCEx_PeriphCLKConfig
                0x0000000008005f84      0x650 Drivers/STM32L4xx_HAL_Driver/Src/stm32l4xx_hal_rcc_ex.o
                0x0000000008005f84                HAL_RCCEx_PeriphCLKConfig
 .text.HAL_RCCEx_EnableMSIPLLMode
                0x00000000080065d4       0x20 Drivers/STM32L4xx_HAL_Driver/Src/stm32l4xx_hal_rcc_ex.o
                0x00000000080065d4                HAL_RCCEx_EnableMSIPLLMode
 .text.RCCEx_PLLSAI1_Config
                0x00000000080065f4      0x1e0 Drivers/STM32L4xx_HAL_Driver/Src/stm32l4xx_hal_rcc_ex.o
 .text.RCCEx_PLLSAI2_Config
                0x00000000080067d4      0x1e0 Drivers/STM32L4xx_HAL_Driver/Src/stm32l4xx_hal_rcc_ex.o
 .text.HAL_SPI_Init
                0x00000000080069b4      0x146 Drivers/STM32L4xx_HAL_Driver/Src/stm32l4xx_hal_spi.o
                0x00000000080069b4                HAL_SPI_Init
 .text.HAL_SPI_TransmitReceive
                0x0000000008006afa      0x426 Drivers/STM32L4xx_HAL_Driver/Src/stm32l4xx_hal_spi.o
                0x0000000008006afa                HAL_SPI_TransmitReceive
 .text.HAL_SPI_GetState
                0x0000000008006f20       0x1c Drivers/STM32L4xx_HAL_Driver/Src/stm32l4xx_hal_spi.o
                0x0000000008006f20                HAL_SPI_GetState
 .text.SPI_WaitFlagStateUntilTimeout
                0x0000000008006f3c      0x110 Drivers/STM32L4xx_HAL_Driver/Src/stm32l4xx_hal_spi.o
 .text.SPI_WaitFifoStateUntilTimeout
                0x000000000800704c      0x124 Drivers/STM32L4xx_HAL_Driver/Src/stm32l4xx_hal_spi.o
 .text.SPI_EndRxTxTransaction
                0x0000000008007170       0x8c Drivers/STM32L4xx_HAL_Driver/Src/stm32l4xx_hal_spi.o
 .text.HAL_UART_Init
                0x00000000080071fc       0xa0 Drivers/STM32L4xx_HAL_Driver/Src/stm32l4xx_hal_uart.o
                0x00000000080071fc                HAL_UART_Init
 .text.HAL_UART_Transmit
                0x000000000800729c      0x12e Drivers/STM32L4xx_HAL_Driver/Src/stm32l4xx_hal_uart.o
                0x000000000800729c                HAL_UART_Transmit
 *fill*         0x00000000080073ca        0x2 
 .text.UART_SetConfig
                0x00000000080073cc      0x59c Drivers/STM32L4xx_HAL_Driver/Src/stm32l4xx_hal_uart.o
                0x00000000080073cc                UART_SetConfig
 .text.UART_AdvFeatureConfig
                0x0000000008007968      0x144 Drivers/STM32L4xx_HAL_Driver/Src/stm32l4xx_hal_uart.o
                0x0000000008007968                UART_AdvFeatureConfig
 .text.UART_CheckIdleState
                0x0000000008007aac       0x96 Drivers/STM32L4xx_HAL_Driver/Src/stm32l4xx_hal_uart.o
                0x0000000008007aac                UART_CheckIdleState
 .text.UART_WaitOnFlagUntilTimeout
                0x0000000008007b42      0x100 Drivers/STM32L4xx_HAL_Driver/Src/stm32l4xx_hal_uart.o
                0x0000000008007b42                UART_WaitOnFlagUntilTimeout
 .text.HAL_UARTEx_DisableFifoMode
                0x0000000008007c42       0x72 Drivers/STM32L4xx_HAL_Driver/Src/stm32l4xx_hal_uart_ex.o
                0x0000000008007c42                HAL_UARTEx_DisableFifoMode
 .text.HAL_UARTEx_SetTxFifoThreshold
                0x0000000008007cb4       0x7c Drivers/STM32L4xx_HAL_Driver/Src/stm32l4xx_hal_uart_ex.o
                0x0000000008007cb4                HAL_UARTEx_SetTxFifoThreshold
 .text.HAL_UARTEx_SetRxFifoThreshold
                0x0000000008007d30       0x7c Drivers/STM32L4xx_HAL_Driver/Src/stm32l4xx_hal_uart_ex.o
                0x0000000008007d30                HAL_UARTEx_SetRxFifoThreshold
 .text.UARTEx_SetNbDataToProcess
                0x0000000008007dac       0x9c Drivers/STM32L4xx_HAL_Driver/Src/stm32l4xx_hal_uart_ex.o
 .text.aci_gap_init_IDB05A1
                0x0000000008007e48       0xa0 Middlewares/ST/BlueNRG-MS/hci/controller/bluenrg_gap_aci.o
                0x0000000008007e48                aci_gap_init_IDB05A1
 .text.aci_gap_init_IDB04A1
                0x0000000008007ee8       0x94 Middlewares/ST/BlueNRG-MS/hci/controller/bluenrg_gap_aci.o
                0x0000000008007ee8                aci_gap_init_IDB04A1
 .text.aci_gap_set_discoverable
                0x0000000008007f7c      0x1de Middlewares/ST/BlueNRG-MS/hci/controller/bluenrg_gap_aci.o
                0x0000000008007f7c                aci_gap_set_discoverable
 .text.aci_gap_set_auth_requirement
                0x000000000800815a       0xae Middlewares/ST/BlueNRG-MS/hci/controller/bluenrg_gap_aci.o
                0x000000000800815a                aci_gap_set_auth_requirement
 .text.aci_gap_create_connection
                0x0000000008008208       0xa8 Middlewares/ST/BlueNRG-MS/hci/controller/bluenrg_gap_aci.o
                0x0000000008008208                aci_gap_create_connection
 .text.aci_gatt_init
                0x00000000080082b0       0x46 Middlewares/ST/BlueNRG-MS/hci/controller/bluenrg_gatt_aci.o
                0x00000000080082b0                aci_gatt_init
 .text.aci_gatt_add_serv
                0x00000000080082f6      0x118 Middlewares/ST/BlueNRG-MS/hci/controller/bluenrg_gatt_aci.o
                0x00000000080082f6                aci_gatt_add_serv
 .text.aci_gatt_add_char
                0x000000000800840e      0x1a4 Middlewares/ST/BlueNRG-MS/hci/controller/bluenrg_gatt_aci.o
                0x000000000800840e                aci_gatt_add_char
 .text.aci_gatt_update_char_value
                0x00000000080085b2      0x126 Middlewares/ST/BlueNRG-MS/hci/controller/bluenrg_gatt_aci.o
                0x00000000080085b2                aci_gatt_update_char_value
 .text.aci_gatt_disc_charac_by_uuid
                0x00000000080086d8      0x11e Middlewares/ST/BlueNRG-MS/hci/controller/bluenrg_gatt_aci.o
                0x00000000080086d8                aci_gatt_disc_charac_by_uuid
 .text.aci_gatt_write_charac_descriptor
                0x00000000080087f6       0xfa Middlewares/ST/BlueNRG-MS/hci/controller/bluenrg_gatt_aci.o
                0x00000000080087f6                aci_gatt_write_charac_descriptor
 .text.aci_gatt_write_without_response
                0x00000000080088f0       0x8a Middlewares/ST/BlueNRG-MS/hci/controller/bluenrg_gatt_aci.o
                0x00000000080088f0                aci_gatt_write_without_response
 .text.aci_hal_write_config_data
                0x000000000800897a       0xd0 Middlewares/ST/BlueNRG-MS/hci/controller/bluenrg_hal_aci.o
                0x000000000800897a                aci_hal_write_config_data
 .text.aci_hal_set_tx_power_level
                0x0000000008008a4a       0x62 Middlewares/ST/BlueNRG-MS/hci/controller/bluenrg_hal_aci.o
                0x0000000008008a4a                aci_hal_set_tx_power_level
 .text.getBlueNRGVersion
                0x0000000008008aac       0x88 Middlewares/ST/BlueNRG-MS/hci/controller/bluenrg_utils_small.o
                0x0000000008008aac                getBlueNRGVersion
 .text.hci_reset
                0x0000000008008b34       0x44 Middlewares/ST/BlueNRG-MS/hci/hci_le.o
                0x0000000008008b34                hci_reset
 .text.hci_le_read_local_version
                0x0000000008008b78       0x94 Middlewares/ST/BlueNRG-MS/hci/hci_le.o
                0x0000000008008b78                hci_le_read_local_version
 .text.hci_le_set_scan_resp_data
                0x0000000008008c0c       0x82 Middlewares/ST/BlueNRG-MS/hci/hci_le.o
                0x0000000008008c0c                hci_le_set_scan_resp_data
 .text.verify_packet
                0x0000000008008c8e       0x40 Middlewares/ST/BlueNRG-MS/hci/hci_tl_patterns/Basic/hci_tl.o
 *fill*         0x0000000008008cce        0x2 
 .text.send_cmd
                0x0000000008008cd0       0x80 Middlewares/ST/BlueNRG-MS/hci/hci_tl_patterns/Basic/hci_tl.o
 .text.move_list
                0x0000000008008d50       0x36 Middlewares/ST/BlueNRG-MS/hci/hci_tl_patterns/Basic/hci_tl.o
 *fill*         0x0000000008008d86        0x2 
 .text.free_event_list
                0x0000000008008d88       0x38 Middlewares/ST/BlueNRG-MS/hci/hci_tl_patterns/Basic/hci_tl.o
 .text.hci_init
                0x0000000008008dc0       0x84 Middlewares/ST/BlueNRG-MS/hci/hci_tl_patterns/Basic/hci_tl.o
                0x0000000008008dc0                hci_init
 .text.hci_register_io_bus
                0x0000000008008e44       0x40 Middlewares/ST/BlueNRG-MS/hci/hci_tl_patterns/Basic/hci_tl.o
                0x0000000008008e44                hci_register_io_bus
 .text.hci_send_req
                0x0000000008008e84      0x230 Middlewares/ST/BlueNRG-MS/hci/hci_tl_patterns/Basic/hci_tl.o
                0x0000000008008e84                hci_send_req
 .text.hci_user_evt_proc
                0x00000000080090b4       0x54 Middlewares/ST/BlueNRG-MS/hci/hci_tl_patterns/Basic/hci_tl.o
                0x00000000080090b4                hci_user_evt_proc
 .text.hci_notify_asynch_evt
                0x0000000008009108       0x9c Middlewares/ST/BlueNRG-MS/hci/hci_tl_patterns/Basic/hci_tl.o
                0x0000000008009108                hci_notify_asynch_evt
 .text.list_init_head
                0x00000000080091a4       0x20 Middlewares/ST/BlueNRG-MS/utils/ble_list.o
                0x00000000080091a4                list_init_head
 .text.list_is_empty
                0x00000000080091c4       0x40 Middlewares/ST/BlueNRG-MS/utils/ble_list.o
                0x00000000080091c4                list_is_empty
 .text.list_insert_head
                0x0000000008009204       0x48 Middlewares/ST/BlueNRG-MS/utils/ble_list.o
                0x0000000008009204                list_insert_head
 .text.list_insert_tail
                0x000000000800924c       0x48 Middlewares/ST/BlueNRG-MS/utils/ble_list.o
                0x000000000800924c                list_insert_tail
 .text.list_remove_node
                0x0000000008009294       0x3e Middlewares/ST/BlueNRG-MS/utils/ble_list.o
                0x0000000008009294                list_remove_node
 .text.list_remove_head
                0x00000000080092d2       0x4a Middlewares/ST/BlueNRG-MS/utils/ble_list.o
                0x00000000080092d2                list_remove_head
 .text.list_remove_tail
                0x000000000800931c       0x4a Middlewares/ST/BlueNRG-MS/utils/ble_list.o
                0x000000000800931c                list_remove_tail
 .text.list_get_size
                0x0000000008009366       0x4c Middlewares/ST/BlueNRG-MS/utils/ble_list.o
                0x0000000008009366                list_get_size
 *fill*         0x00000000080093b2        0x2 
 .text.__errno  0x00000000080093b4        0xc /Applications/STM32CubeIDE.app/Contents/Eclipse/plugins/com.st.stm32cube.ide.mcu.externaltools.gnu-tools-for-stm32.7-2018-q2-update.macos64_1.5.0.202011040924/tools/bin/../lib/gcc/arm-none-eabi/7.3.1/../../../../arm-none-eabi/lib/thumb/v7e-m/fpv4-sp/hard/libc_nano.a(lib_a-errno.o)
                0x00000000080093b4                __errno
 .text.__sflush_r
                0x00000000080093c0      0x10c /Applications/STM32CubeIDE.app/Contents/Eclipse/plugins/com.st.stm32cube.ide.mcu.externaltools.gnu-tools-for-stm32.7-2018-q2-update.macos64_1.5.0.202011040924/tools/bin/../lib/gcc/arm-none-eabi/7.3.1/../../../../arm-none-eabi/lib/thumb/v7e-m/fpv4-sp/hard/libc_nano.a(lib_a-fflush.o)
                0x00000000080093c0                __sflush_r
 .text._fflush_r
                0x00000000080094cc       0x54 /Applications/STM32CubeIDE.app/Contents/Eclipse/plugins/com.st.stm32cube.ide.mcu.externaltools.gnu-tools-for-stm32.7-2018-q2-update.macos64_1.5.0.202011040924/tools/bin/../lib/gcc/arm-none-eabi/7.3.1/../../../../arm-none-eabi/lib/thumb/v7e-m/fpv4-sp/hard/libc_nano.a(lib_a-fflush.o)
                0x00000000080094cc                _fflush_r
 .text.fflush   0x0000000008009520       0x24 /Applications/STM32CubeIDE.app/Contents/Eclipse/plugins/com.st.stm32cube.ide.mcu.externaltools.gnu-tools-for-stm32.7-2018-q2-update.macos64_1.5.0.202011040924/tools/bin/../lib/gcc/arm-none-eabi/7.3.1/../../../../arm-none-eabi/lib/thumb/v7e-m/fpv4-sp/hard/libc_nano.a(lib_a-fflush.o)
                0x0000000008009520                fflush
 .text.std      0x0000000008009544       0x48 /Applications/STM32CubeIDE.app/Contents/Eclipse/plugins/com.st.stm32cube.ide.mcu.externaltools.gnu-tools-for-stm32.7-2018-q2-update.macos64_1.5.0.202011040924/tools/bin/../lib/gcc/arm-none-eabi/7.3.1/../../../../arm-none-eabi/lib/thumb/v7e-m/fpv4-sp/hard/libc_nano.a(lib_a-findfp.o)
 .text._cleanup_r
                0x000000000800958c        0xc /Applications/STM32CubeIDE.app/Contents/Eclipse/plugins/com.st.stm32cube.ide.mcu.externaltools.gnu-tools-for-stm32.7-2018-q2-update.macos64_1.5.0.202011040924/tools/bin/../lib/gcc/arm-none-eabi/7.3.1/../../../../arm-none-eabi/lib/thumb/v7e-m/fpv4-sp/hard/libc_nano.a(lib_a-findfp.o)
                0x000000000800958c                _cleanup_r
 .text.__sfmoreglue
                0x0000000008009598       0x2c /Applications/STM32CubeIDE.app/Contents/Eclipse/plugins/com.st.stm32cube.ide.mcu.externaltools.gnu-tools-for-stm32.7-2018-q2-update.macos64_1.5.0.202011040924/tools/bin/../lib/gcc/arm-none-eabi/7.3.1/../../../../arm-none-eabi/lib/thumb/v7e-m/fpv4-sp/hard/libc_nano.a(lib_a-findfp.o)
                0x0000000008009598                __sfmoreglue
 .text.__sinit  0x00000000080095c4       0x60 /Applications/STM32CubeIDE.app/Contents/Eclipse/plugins/com.st.stm32cube.ide.mcu.externaltools.gnu-tools-for-stm32.7-2018-q2-update.macos64_1.5.0.202011040924/tools/bin/../lib/gcc/arm-none-eabi/7.3.1/../../../../arm-none-eabi/lib/thumb/v7e-m/fpv4-sp/hard/libc_nano.a(lib_a-findfp.o)
                0x00000000080095c4                __sinit
 .text.__sfp    0x0000000008009624       0x78 /Applications/STM32CubeIDE.app/Contents/Eclipse/plugins/com.st.stm32cube.ide.mcu.externaltools.gnu-tools-for-stm32.7-2018-q2-update.macos64_1.5.0.202011040924/tools/bin/../lib/gcc/arm-none-eabi/7.3.1/../../../../arm-none-eabi/lib/thumb/v7e-m/fpv4-sp/hard/libc_nano.a(lib_a-findfp.o)
                0x0000000008009624                __sfp
 .text._fwalk_reent
                0x000000000800969c       0x3c /Applications/STM32CubeIDE.app/Contents/Eclipse/plugins/com.st.stm32cube.ide.mcu.externaltools.gnu-tools-for-stm32.7-2018-q2-update.macos64_1.5.0.202011040924/tools/bin/../lib/gcc/arm-none-eabi/7.3.1/../../../../arm-none-eabi/lib/thumb/v7e-m/fpv4-sp/hard/libc_nano.a(lib_a-fwalk.o)
                0x000000000800969c                _fwalk_reent
 .text.__libc_init_array
                0x00000000080096d8       0x48 /Applications/STM32CubeIDE.app/Contents/Eclipse/plugins/com.st.stm32cube.ide.mcu.externaltools.gnu-tools-for-stm32.7-2018-q2-update.macos64_1.5.0.202011040924/tools/bin/../lib/gcc/arm-none-eabi/7.3.1/../../../../arm-none-eabi/lib/thumb/v7e-m/fpv4-sp/hard/libc_nano.a(lib_a-init.o)
                0x00000000080096d8                __libc_init_array
 .text.memcpy   0x0000000008009720       0x16 /Applications/STM32CubeIDE.app/Contents/Eclipse/plugins/com.st.stm32cube.ide.mcu.externaltools.gnu-tools-for-stm32.7-2018-q2-update.macos64_1.5.0.202011040924/tools/bin/../lib/gcc/arm-none-eabi/7.3.1/../../../../arm-none-eabi/lib/thumb/v7e-m/fpv4-sp/hard/libc_nano.a(lib_a-memcpy-stub.o)
                0x0000000008009720                memcpy
 .text.memset   0x0000000008009736       0x10 /Applications/STM32CubeIDE.app/Contents/Eclipse/plugins/com.st.stm32cube.ide.mcu.externaltools.gnu-tools-for-stm32.7-2018-q2-update.macos64_1.5.0.202011040924/tools/bin/../lib/gcc/arm-none-eabi/7.3.1/../../../../arm-none-eabi/lib/thumb/v7e-m/fpv4-sp/hard/libc_nano.a(lib_a-memset.o)
                0x0000000008009736                memset
 *fill*         0x0000000008009746        0x2 
 .text._free_r  0x0000000008009748       0x9c /Applications/STM32CubeIDE.app/Contents/Eclipse/plugins/com.st.stm32cube.ide.mcu.externaltools.gnu-tools-for-stm32.7-2018-q2-update.macos64_1.5.0.202011040924/tools/bin/../lib/gcc/arm-none-eabi/7.3.1/../../../../arm-none-eabi/lib/thumb/v7e-m/fpv4-sp/hard/libc_nano.a(lib_a-nano-freer.o)
                0x0000000008009748                _free_r
 .text._malloc_r
                0x00000000080097e4       0xb4 /Applications/STM32CubeIDE.app/Contents/Eclipse/plugins/com.st.stm32cube.ide.mcu.externaltools.gnu-tools-for-stm32.7-2018-q2-update.macos64_1.5.0.202011040924/tools/bin/../lib/gcc/arm-none-eabi/7.3.1/../../../../arm-none-eabi/lib/thumb/v7e-m/fpv4-sp/hard/libc_nano.a(lib_a-nano-mallocr.o)
                0x00000000080097e4                _malloc_r
 .text.printf   0x0000000008009898       0x30 /Applications/STM32CubeIDE.app/Contents/Eclipse/plugins/com.st.stm32cube.ide.mcu.externaltools.gnu-tools-for-stm32.7-2018-q2-update.macos64_1.5.0.202011040924/tools/bin/../lib/gcc/arm-none-eabi/7.3.1/../../../../arm-none-eabi/lib/thumb/v7e-m/fpv4-sp/hard/libc_nano.a(lib_a-printf.o)
                0x0000000008009898                printf
                0x0000000008009898                iprintf
 .text.putchar  0x00000000080098c8       0x28 /Applications/STM32CubeIDE.app/Contents/Eclipse/plugins/com.st.stm32cube.ide.mcu.externaltools.gnu-tools-for-stm32.7-2018-q2-update.macos64_1.5.0.202011040924/tools/bin/../lib/gcc/arm-none-eabi/7.3.1/../../../../arm-none-eabi/lib/thumb/v7e-m/fpv4-sp/hard/libc_nano.a(lib_a-putchar.o)
                0x00000000080098c8                putchar
 .text._puts_r  0x00000000080098f0       0xb8 /Applications/STM32CubeIDE.app/Contents/Eclipse/plugins/com.st.stm32cube.ide.mcu.externaltools.gnu-tools-for-stm32.7-2018-q2-update.macos64_1.5.0.202011040924/tools/bin/../lib/gcc/arm-none-eabi/7.3.1/../../../../arm-none-eabi/lib/thumb/v7e-m/fpv4-sp/hard/libc_nano.a(lib_a-puts.o)
                0x00000000080098f0                _puts_r
 .text.puts     0x00000000080099a8       0x10 /Applications/STM32CubeIDE.app/Contents/Eclipse/plugins/com.st.stm32cube.ide.mcu.externaltools.gnu-tools-for-stm32.7-2018-q2-update.macos64_1.5.0.202011040924/tools/bin/../lib/gcc/arm-none-eabi/7.3.1/../../../../arm-none-eabi/lib/thumb/v7e-m/fpv4-sp/hard/libc_nano.a(lib_a-puts.o)
                0x00000000080099a8                puts
 .text._sbrk_r  0x00000000080099b8       0x20 /Applications/STM32CubeIDE.app/Contents/Eclipse/plugins/com.st.stm32cube.ide.mcu.externaltools.gnu-tools-for-stm32.7-2018-q2-update.macos64_1.5.0.202011040924/tools/bin/../lib/gcc/arm-none-eabi/7.3.1/../../../../arm-none-eabi/lib/thumb/v7e-m/fpv4-sp/hard/libc_nano.a(lib_a-sbrkr.o)
                0x00000000080099b8                _sbrk_r
 .text.__sread  0x00000000080099d8       0x22 /Applications/STM32CubeIDE.app/Contents/Eclipse/plugins/com.st.stm32cube.ide.mcu.externaltools.gnu-tools-for-stm32.7-2018-q2-update.macos64_1.5.0.202011040924/tools/bin/../lib/gcc/arm-none-eabi/7.3.1/../../../../arm-none-eabi/lib/thumb/v7e-m/fpv4-sp/hard/libc_nano.a(lib_a-stdio.o)
                0x00000000080099d8                __sread
 .text.__swrite
                0x00000000080099fa       0x38 /Applications/STM32CubeIDE.app/Contents/Eclipse/plugins/com.st.stm32cube.ide.mcu.externaltools.gnu-tools-for-stm32.7-2018-q2-update.macos64_1.5.0.202011040924/tools/bin/../lib/gcc/arm-none-eabi/7.3.1/../../../../arm-none-eabi/lib/thumb/v7e-m/fpv4-sp/hard/libc_nano.a(lib_a-stdio.o)
                0x00000000080099fa                __swrite
 .text.__sseek  0x0000000008009a32       0x24 /Applications/STM32CubeIDE.app/Contents/Eclipse/plugins/com.st.stm32cube.ide.mcu.externaltools.gnu-tools-for-stm32.7-2018-q2-update.macos64_1.5.0.202011040924/tools/bin/../lib/gcc/arm-none-eabi/7.3.1/../../../../arm-none-eabi/lib/thumb/v7e-m/fpv4-sp/hard/libc_nano.a(lib_a-stdio.o)
                0x0000000008009a32                __sseek
 .text.__sclose
                0x0000000008009a56        0x8 /Applications/STM32CubeIDE.app/Contents/Eclipse/plugins/com.st.stm32cube.ide.mcu.externaltools.gnu-tools-for-stm32.7-2018-q2-update.macos64_1.5.0.202011040924/tools/bin/../lib/gcc/arm-none-eabi/7.3.1/../../../../arm-none-eabi/lib/thumb/v7e-m/fpv4-sp/hard/libc_nano.a(lib_a-stdio.o)
                0x0000000008009a56                __sclose
 *fill*         0x0000000008009a5e        0x2 
 .text.__swbuf_r
                0x0000000008009a60       0xa4 /Applications/STM32CubeIDE.app/Contents/Eclipse/plugins/com.st.stm32cube.ide.mcu.externaltools.gnu-tools-for-stm32.7-2018-q2-update.macos64_1.5.0.202011040924/tools/bin/../lib/gcc/arm-none-eabi/7.3.1/../../../../arm-none-eabi/lib/thumb/v7e-m/fpv4-sp/hard/libc_nano.a(lib_a-wbuf.o)
                0x0000000008009a60                __swbuf_r
 .text._write_r
                0x0000000008009b04       0x24 /Applications/STM32CubeIDE.app/Contents/Eclipse/plugins/com.st.stm32cube.ide.mcu.externaltools.gnu-tools-for-stm32.7-2018-q2-update.macos64_1.5.0.202011040924/tools/bin/../lib/gcc/arm-none-eabi/7.3.1/../../../../arm-none-eabi/lib/thumb/v7e-m/fpv4-sp/hard/libc_nano.a(lib_a-writer.o)
                0x0000000008009b04                _write_r
 .text.__swsetup_r
                0x0000000008009b28       0xdc /Applications/STM32CubeIDE.app/Contents/Eclipse/plugins/com.st.stm32cube.ide.mcu.externaltools.gnu-tools-for-stm32.7-2018-q2-update.macos64_1.5.0.202011040924/tools/bin/../lib/gcc/arm-none-eabi/7.3.1/../../../../arm-none-eabi/lib/thumb/v7e-m/fpv4-sp/hard/libc_nano.a(lib_a-wsetup.o)
                0x0000000008009b28                __swsetup_r
 .text._close_r
                0x0000000008009c04       0x20 /Applications/STM32CubeIDE.app/Contents/Eclipse/plugins/com.st.stm32cube.ide.mcu.externaltools.gnu-tools-for-stm32.7-2018-q2-update.macos64_1.5.0.202011040924/tools/bin/../lib/gcc/arm-none-eabi/7.3.1/../../../../arm-none-eabi/lib/thumb/v7e-m/fpv4-sp/hard/libc_nano.a(lib_a-closer.o)
                0x0000000008009c04                _close_r
 .text._lseek_r
                0x0000000008009c24       0x24 /Applications/STM32CubeIDE.app/Contents/Eclipse/plugins/com.st.stm32cube.ide.mcu.externaltools.gnu-tools-for-stm32.7-2018-q2-update.macos64_1.5.0.202011040924/tools/bin/../lib/gcc/arm-none-eabi/7.3.1/../../../../arm-none-eabi/lib/thumb/v7e-m/fpv4-sp/hard/libc_nano.a(lib_a-lseekr.o)
                0x0000000008009c24                _lseek_r
 .text.__swhatbuf_r
                0x0000000008009c48       0x48 /Applications/STM32CubeIDE.app/Contents/Eclipse/plugins/com.st.stm32cube.ide.mcu.externaltools.gnu-tools-for-stm32.7-2018-q2-update.macos64_1.5.0.202011040924/tools/bin/../lib/gcc/arm-none-eabi/7.3.1/../../../../arm-none-eabi/lib/thumb/v7e-m/fpv4-sp/hard/libc_nano.a(lib_a-makebuf.o)
                0x0000000008009c48                __swhatbuf_r
 .text.__smakebuf_r
                0x0000000008009c90       0x80 /Applications/STM32CubeIDE.app/Contents/Eclipse/plugins/com.st.stm32cube.ide.mcu.externaltools.gnu-tools-for-stm32.7-2018-q2-update.macos64_1.5.0.202011040924/tools/bin/../lib/gcc/arm-none-eabi/7.3.1/../../../../arm-none-eabi/lib/thumb/v7e-m/fpv4-sp/hard/libc_nano.a(lib_a-makebuf.o)
                0x0000000008009c90                __smakebuf_r
 .text.__malloc_lock
                0x0000000008009d10        0x2 /Applications/STM32CubeIDE.app/Contents/Eclipse/plugins/com.st.stm32cube.ide.mcu.externaltools.gnu-tools-for-stm32.7-2018-q2-update.macos64_1.5.0.202011040924/tools/bin/../lib/gcc/arm-none-eabi/7.3.1/../../../../arm-none-eabi/lib/thumb/v7e-m/fpv4-sp/hard/libc_nano.a(lib_a-mlock.o)
                0x0000000008009d10                __malloc_lock
 .text.__malloc_unlock
                0x0000000008009d12        0x2 /Applications/STM32CubeIDE.app/Contents/Eclipse/plugins/com.st.stm32cube.ide.mcu.externaltools.gnu-tools-for-stm32.7-2018-q2-update.macos64_1.5.0.202011040924/tools/bin/../lib/gcc/arm-none-eabi/7.3.1/../../../../arm-none-eabi/lib/thumb/v7e-m/fpv4-sp/hard/libc_nano.a(lib_a-mlock.o)
                0x0000000008009d12                __malloc_unlock
 .text.__sfputc_r
                0x0000000008009d14       0x2e /Applications/STM32CubeIDE.app/Contents/Eclipse/plugins/com.st.stm32cube.ide.mcu.externaltools.gnu-tools-for-stm32.7-2018-q2-update.macos64_1.5.0.202011040924/tools/bin/../lib/gcc/arm-none-eabi/7.3.1/../../../../arm-none-eabi/lib/thumb/v7e-m/fpv4-sp/hard/libc_nano.a(lib_a-nano-vfprintf.o)
 .text.__sfputs_r
                0x0000000008009d42       0x24 /Applications/STM32CubeIDE.app/Contents/Eclipse/plugins/com.st.stm32cube.ide.mcu.externaltools.gnu-tools-for-stm32.7-2018-q2-update.macos64_1.5.0.202011040924/tools/bin/../lib/gcc/arm-none-eabi/7.3.1/../../../../arm-none-eabi/lib/thumb/v7e-m/fpv4-sp/hard/libc_nano.a(lib_a-nano-vfprintf.o)
                0x0000000008009d42                __sfputs_r
 *fill*         0x0000000008009d66        0x2 
 .text._vfprintf_r
                0x0000000008009d68      0x22c /Applications/STM32CubeIDE.app/Contents/Eclipse/plugins/com.st.stm32cube.ide.mcu.externaltools.gnu-tools-for-stm32.7-2018-q2-update.macos64_1.5.0.202011040924/tools/bin/../lib/gcc/arm-none-eabi/7.3.1/../../../../arm-none-eabi/lib/thumb/v7e-m/fpv4-sp/hard/libc_nano.a(lib_a-nano-vfprintf.o)
                0x0000000008009d68                _vfiprintf_r
                0x0000000008009d68                _vfprintf_r
 .text._printf_common
                0x0000000008009f94       0xea /Applications/STM32CubeIDE.app/Contents/Eclipse/plugins/com.st.stm32cube.ide.mcu.externaltools.gnu-tools-for-stm32.7-2018-q2-update.macos64_1.5.0.202011040924/tools/bin/../lib/gcc/arm-none-eabi/7.3.1/../../../../arm-none-eabi/lib/thumb/v7e-m/fpv4-sp/hard/libc_nano.a(lib_a-nano-vfprintf_i.o)
                0x0000000008009f94                _printf_common
 *fill*         0x000000000800a07e        0x2 
 .text._printf_i
                0x000000000800a080      0x224 /Applications/STM32CubeIDE.app/Contents/Eclipse/plugins/com.st.stm32cube.ide.mcu.externaltools.gnu-tools-for-stm32.7-2018-q2-update.macos64_1.5.0.202011040924/tools/bin/../lib/gcc/arm-none-eabi/7.3.1/../../../../arm-none-eabi/lib/thumb/v7e-m/fpv4-sp/hard/libc_nano.a(lib_a-nano-vfprintf_i.o)
                0x000000000800a080                _printf_i
 .text._putc_r  0x000000000800a2a4       0x6c /Applications/STM32CubeIDE.app/Contents/Eclipse/plugins/com.st.stm32cube.ide.mcu.externaltools.gnu-tools-for-stm32.7-2018-q2-update.macos64_1.5.0.202011040924/tools/bin/../lib/gcc/arm-none-eabi/7.3.1/../../../../arm-none-eabi/lib/thumb/v7e-m/fpv4-sp/hard/libc_nano.a(lib_a-putc.o)
                0x000000000800a2a4                _putc_r
 .text._read_r  0x000000000800a310       0x24 /Applications/STM32CubeIDE.app/Contents/Eclipse/plugins/com.st.stm32cube.ide.mcu.externaltools.gnu-tools-for-stm32.7-2018-q2-update.macos64_1.5.0.202011040924/tools/bin/../lib/gcc/arm-none-eabi/7.3.1/../../../../arm-none-eabi/lib/thumb/v7e-m/fpv4-sp/hard/libc_nano.a(lib_a-readr.o)
                0x000000000800a310                _read_r
 .text._fstat_r
                0x000000000800a334       0x24 /Applications/STM32CubeIDE.app/Contents/Eclipse/plugins/com.st.stm32cube.ide.mcu.externaltools.gnu-tools-for-stm32.7-2018-q2-update.macos64_1.5.0.202011040924/tools/bin/../lib/gcc/arm-none-eabi/7.3.1/../../../../arm-none-eabi/lib/thumb/v7e-m/fpv4-sp/hard/libc_nano.a(lib_a-fstatr.o)
                0x000000000800a334                _fstat_r
 .text._isatty_r
                0x000000000800a358       0x20 /Applications/STM32CubeIDE.app/Contents/Eclipse/plugins/com.st.stm32cube.ide.mcu.externaltools.gnu-tools-for-stm32.7-2018-q2-update.macos64_1.5.0.202011040924/tools/bin/../lib/gcc/arm-none-eabi/7.3.1/../../../../arm-none-eabi/lib/thumb/v7e-m/fpv4-sp/hard/libc_nano.a(lib_a-isattyr.o)
                0x000000000800a358                _isatty_r
 *(.glue_7)
 .glue_7        0x000000000800a378        0x0 linker stubs
 *(.glue_7t)
 .glue_7t       0x000000000800a378        0x0 linker stubs
 *(.eh_frame)
 .eh_frame      0x000000000800a378        0x0 /Applications/STM32CubeIDE.app/Contents/Eclipse/plugins/com.st.stm32cube.ide.mcu.externaltools.gnu-tools-for-stm32.7-2018-q2-update.macos64_1.5.0.202011040924/tools/bin/../lib/gcc/arm-none-eabi/7.3.1/thumb/v7e-m/fpv4-sp/hard/crtbegin.o
 *(.init)
 .init          0x000000000800a378        0x4 /Applications/STM32CubeIDE.app/Contents/Eclipse/plugins/com.st.stm32cube.ide.mcu.externaltools.gnu-tools-for-stm32.7-2018-q2-update.macos64_1.5.0.202011040924/tools/bin/../lib/gcc/arm-none-eabi/7.3.1/thumb/v7e-m/fpv4-sp/hard/crti.o
                0x000000000800a378                _init
 .init          0x000000000800a37c        0x8 /Applications/STM32CubeIDE.app/Contents/Eclipse/plugins/com.st.stm32cube.ide.mcu.externaltools.gnu-tools-for-stm32.7-2018-q2-update.macos64_1.5.0.202011040924/tools/bin/../lib/gcc/arm-none-eabi/7.3.1/thumb/v7e-m/fpv4-sp/hard/crtn.o
 *(.fini)
 .fini          0x000000000800a384        0x4 /Applications/STM32CubeIDE.app/Contents/Eclipse/plugins/com.st.stm32cube.ide.mcu.externaltools.gnu-tools-for-stm32.7-2018-q2-update.macos64_1.5.0.202011040924/tools/bin/../lib/gcc/arm-none-eabi/7.3.1/thumb/v7e-m/fpv4-sp/hard/crti.o
                0x000000000800a384                _fini
 .fini          0x000000000800a388        0x8 /Applications/STM32CubeIDE.app/Contents/Eclipse/plugins/com.st.stm32cube.ide.mcu.externaltools.gnu-tools-for-stm32.7-2018-q2-update.macos64_1.5.0.202011040924/tools/bin/../lib/gcc/arm-none-eabi/7.3.1/thumb/v7e-m/fpv4-sp/hard/crtn.o
                0x000000000800a390                . = ALIGN (0x4)
                0x000000000800a390                _etext = .

.vfp11_veneer   0x000000000800a390        0x0
 .vfp11_veneer  0x000000000800a390        0x0 linker stubs

.v4_bx          0x000000000800a390        0x0
 .v4_bx         0x000000000800a390        0x0 linker stubs

.iplt           0x000000000800a390        0x0
 .iplt          0x000000000800a390        0x0 /Applications/STM32CubeIDE.app/Contents/Eclipse/plugins/com.st.stm32cube.ide.mcu.externaltools.gnu-tools-for-stm32.7-2018-q2-update.macos64_1.5.0.202011040924/tools/bin/../lib/gcc/arm-none-eabi/7.3.1/thumb/v7e-m/fpv4-sp/hard/crtbegin.o

.rodata         0x000000000800a390      0x31c
                0x000000000800a390                . = ALIGN (0x4)
 *(.rodata)
 .rodata        0x000000000800a390      0x110 BlueNRG_MS/App/app_bluenrg_ms.o
 .rodata        0x000000000800a4a0       0xed BlueNRG_MS/App/sample_service.o
 *(.rodata*)
 *fill*         0x000000000800a58d        0x3 
 .rodata.AHBPrescTable
                0x000000000800a590       0x10 Core/Src/system_stm32l4xx.o
                0x000000000800a590                AHBPrescTable
 .rodata.APBPrescTable
                0x000000000800a5a0        0x8 Core/Src/system_stm32l4xx.o
                0x000000000800a5a0                APBPrescTable
 .rodata.MSIRangeTable
                0x000000000800a5a8       0x30 Core/Src/system_stm32l4xx.o
                0x000000000800a5a8                MSIRangeTable
 .rodata.LedGpioInit.9859
                0x000000000800a5d8        0x4 Drivers/BSP/B-L4S5I-IOT01A/b_l4s5i_iot01a.o
 .rodata.ButtonGpioInit.9890
                0x000000000800a5dc        0x4 Drivers/BSP/B-L4S5I-IOT01A/b_l4s5i_iot01a.o
 .rodata.BUTTON_EXTI_LINE.9889
                0x000000000800a5e0        0x4 Drivers/BSP/B-L4S5I-IOT01A/b_l4s5i_iot01a.o
 .rodata.ButtonCallback.9887
                0x000000000800a5e4        0x4 Drivers/BSP/B-L4S5I-IOT01A/b_l4s5i_iot01a.o
 .rodata.BSP_BUTTON_PRIO.9888
                0x000000000800a5e8        0x4 Drivers/BSP/B-L4S5I-IOT01A/b_l4s5i_iot01a.o
 .rodata.UARTPrescTable
                0x000000000800a5ec       0x18 Drivers/STM32L4xx_HAL_Driver/Src/stm32l4xx_hal_uart.o
                0x000000000800a5ec                UARTPrescTable
 .rodata.numerator.9806
                0x000000000800a604        0x8 Drivers/STM32L4xx_HAL_Driver/Src/stm32l4xx_hal_uart_ex.o
 .rodata.denominator.9807
                0x000000000800a60c        0x8 Drivers/STM32L4xx_HAL_Driver/Src/stm32l4xx_hal_uart_ex.o
 .rodata.__sf_fake_stderr
                0x000000000800a614       0x20 /Applications/STM32CubeIDE.app/Contents/Eclipse/plugins/com.st.stm32cube.ide.mcu.externaltools.gnu-tools-for-stm32.7-2018-q2-update.macos64_1.5.0.202011040924/tools/bin/../lib/gcc/arm-none-eabi/7.3.1/../../../../arm-none-eabi/lib/thumb/v7e-m/fpv4-sp/hard/libc_nano.a(lib_a-findfp.o)
                0x000000000800a614                __sf_fake_stderr
 .rodata.__sf_fake_stdin
                0x000000000800a634       0x20 /Applications/STM32CubeIDE.app/Contents/Eclipse/plugins/com.st.stm32cube.ide.mcu.externaltools.gnu-tools-for-stm32.7-2018-q2-update.macos64_1.5.0.202011040924/tools/bin/../lib/gcc/arm-none-eabi/7.3.1/../../../../arm-none-eabi/lib/thumb/v7e-m/fpv4-sp/hard/libc_nano.a(lib_a-findfp.o)
                0x000000000800a634                __sf_fake_stdin
 .rodata.__sf_fake_stdout
                0x000000000800a654       0x20 /Applications/STM32CubeIDE.app/Contents/Eclipse/plugins/com.st.stm32cube.ide.mcu.externaltools.gnu-tools-for-stm32.7-2018-q2-update.macos64_1.5.0.202011040924/tools/bin/../lib/gcc/arm-none-eabi/7.3.1/../../../../arm-none-eabi/lib/thumb/v7e-m/fpv4-sp/hard/libc_nano.a(lib_a-findfp.o)
                0x000000000800a654                __sf_fake_stdout
 .rodata._global_impure_ptr
                0x000000000800a674        0x4 /Applications/STM32CubeIDE.app/Contents/Eclipse/plugins/com.st.stm32cube.ide.mcu.externaltools.gnu-tools-for-stm32.7-2018-q2-update.macos64_1.5.0.202011040924/tools/bin/../lib/gcc/arm-none-eabi/7.3.1/../../../../arm-none-eabi/lib/thumb/v7e-m/fpv4-sp/hard/libc_nano.a(lib_a-impure.o)
                0x000000000800a674                _global_impure_ptr
 .rodata._vfprintf_r.str1.1
                0x000000000800a678       0x11 /Applications/STM32CubeIDE.app/Contents/Eclipse/plugins/com.st.stm32cube.ide.mcu.externaltools.gnu-tools-for-stm32.7-2018-q2-update.macos64_1.5.0.202011040924/tools/bin/../lib/gcc/arm-none-eabi/7.3.1/../../../../arm-none-eabi/lib/thumb/v7e-m/fpv4-sp/hard/libc_nano.a(lib_a-nano-vfprintf.o)
 .rodata._printf_i.str1.1
                0x000000000800a689       0x22 /Applications/STM32CubeIDE.app/Contents/Eclipse/plugins/com.st.stm32cube.ide.mcu.externaltools.gnu-tools-for-stm32.7-2018-q2-update.macos64_1.5.0.202011040924/tools/bin/../lib/gcc/arm-none-eabi/7.3.1/../../../../arm-none-eabi/lib/thumb/v7e-m/fpv4-sp/hard/libc_nano.a(lib_a-nano-vfprintf_i.o)
                0x000000000800a6ac                . = ALIGN (0x4)
 *fill*         0x000000000800a6ab        0x1 

.ARM.extab      0x000000000800a6ac        0x0
                0x000000000800a6ac                . = ALIGN (0x4)
 *(.ARM.extab* .gnu.linkonce.armextab.*)
                0x000000000800a6ac                . = ALIGN (0x4)

.ARM            0x000000000800a6ac        0x8
                0x000000000800a6ac                . = ALIGN (0x4)
                0x000000000800a6ac                __exidx_start = .
 *(.ARM.exidx*)
 .ARM.exidx     0x000000000800a6ac        0x8 /Applications/STM32CubeIDE.app/Contents/Eclipse/plugins/com.st.stm32cube.ide.mcu.externaltools.gnu-tools-for-stm32.7-2018-q2-update.macos64_1.5.0.202011040924/tools/bin/../lib/gcc/arm-none-eabi/7.3.1/thumb/v7e-m/fpv4-sp/hard/libgcc.a(_udivmoddi4.o)
                0x000000000800a6b4                __exidx_end = .
                0x000000000800a6b4                . = ALIGN (0x4)

.rel.dyn        0x000000000800a6b4        0x0
 .rel.iplt      0x000000000800a6b4        0x0 /Applications/STM32CubeIDE.app/Contents/Eclipse/plugins/com.st.stm32cube.ide.mcu.externaltools.gnu-tools-for-stm32.7-2018-q2-update.macos64_1.5.0.202011040924/tools/bin/../lib/gcc/arm-none-eabi/7.3.1/thumb/v7e-m/fpv4-sp/hard/crtbegin.o

.preinit_array  0x000000000800a6b4        0x0
                0x000000000800a6b4                . = ALIGN (0x4)
                0x000000000800a6b4                PROVIDE (__preinit_array_start = .)
 *(.preinit_array*)
                0x000000000800a6b4                PROVIDE (__preinit_array_end = .)
                0x000000000800a6b4                . = ALIGN (0x4)

.init_array     0x000000000800a6b4        0x4
                0x000000000800a6b4                . = ALIGN (0x4)
                0x000000000800a6b4                PROVIDE (__init_array_start = .)
 *(SORT_BY_NAME(.init_array.*))
 *(.init_array*)
 .init_array    0x000000000800a6b4        0x4 /Applications/STM32CubeIDE.app/Contents/Eclipse/plugins/com.st.stm32cube.ide.mcu.externaltools.gnu-tools-for-stm32.7-2018-q2-update.macos64_1.5.0.202011040924/tools/bin/../lib/gcc/arm-none-eabi/7.3.1/thumb/v7e-m/fpv4-sp/hard/crtbegin.o
                0x000000000800a6b8                PROVIDE (__init_array_end = .)
                0x000000000800a6b8                . = ALIGN (0x4)

.fini_array     0x000000000800a6b8        0x4
                0x000000000800a6b8                . = ALIGN (0x4)
                [!provide]                        PROVIDE (__fini_array_start = .)
 *(SORT_BY_NAME(.fini_array.*))
 *(.fini_array*)
 .fini_array    0x000000000800a6b8        0x4 /Applications/STM32CubeIDE.app/Contents/Eclipse/plugins/com.st.stm32cube.ide.mcu.externaltools.gnu-tools-for-stm32.7-2018-q2-update.macos64_1.5.0.202011040924/tools/bin/../lib/gcc/arm-none-eabi/7.3.1/thumb/v7e-m/fpv4-sp/hard/crtbegin.o
                [!provide]                        PROVIDE (__fini_array_end = .)
                0x000000000800a6bc                . = ALIGN (0x4)
                0x000000000800a6bc                _sidata = LOADADDR (.data)

.data           0x0000000020000000       0x88 load address 0x000000000800a6bc
                0x0000000020000000                . = ALIGN (0x4)
                0x0000000020000000                _sdata = .
 *(.data)
 *(.data*)
 .data.user_button_init_state
                0x0000000020000000        0x1 BlueNRG_MS/App/app_bluenrg_ms.o
 .data.BLE_Role
                0x0000000020000001        0x1 BlueNRG_MS/App/app_bluenrg_ms.o
                0x0000000020000001                BLE_Role
 .data.set_connectable
                0x0000000020000002        0x1 BlueNRG_MS/App/sample_service.o
                0x0000000020000002                set_connectable
 *fill*         0x0000000020000003        0x1 
 .data.SystemCoreClock
                0x0000000020000004        0x4 Core/Src/system_stm32l4xx.o
                0x0000000020000004                SystemCoreClock
 .data.LED_PORT
                0x0000000020000008        0x4 Drivers/BSP/B-L4S5I-IOT01A/b_l4s5i_iot01a.o
 .data.BUTTON_PORT
                0x000000002000000c        0x4 Drivers/BSP/B-L4S5I-IOT01A/b_l4s5i_iot01a.o
 .data.hpb_exti
                0x0000000020000010        0x8 Drivers/BSP/B-L4S5I-IOT01A/b_l4s5i_iot01a.o
                0x0000000020000010                hpb_exti
 .data.COM_USART
                0x0000000020000018        0x4 Drivers/BSP/B-L4S5I-IOT01A/b_l4s5i_iot01a.o
                0x0000000020000018                COM_USART
 .data.uwTickPrio
                0x000000002000001c        0x4 Drivers/STM32L4xx_HAL_Driver/Src/stm32l4xx_hal.o
                0x000000002000001c                uwTickPrio
 .data.uwTickFreq
                0x0000000020000020        0x1 Drivers/STM32L4xx_HAL_Driver/Src/stm32l4xx_hal.o
                0x0000000020000020                uwTickFreq
 *fill*         0x0000000020000021        0x3 
 .data._impure_ptr
                0x0000000020000024        0x4 /Applications/STM32CubeIDE.app/Contents/Eclipse/plugins/com.st.stm32cube.ide.mcu.externaltools.gnu-tools-for-stm32.7-2018-q2-update.macos64_1.5.0.202011040924/tools/bin/../lib/gcc/arm-none-eabi/7.3.1/../../../../arm-none-eabi/lib/thumb/v7e-m/fpv4-sp/hard/libc_nano.a(lib_a-impure.o)
                0x0000000020000024                _impure_ptr
 .data.impure_data
                0x0000000020000028       0x60 /Applications/STM32CubeIDE.app/Contents/Eclipse/plugins/com.st.stm32cube.ide.mcu.externaltools.gnu-tools-for-stm32.7-2018-q2-update.macos64_1.5.0.202011040924/tools/bin/../lib/gcc/arm-none-eabi/7.3.1/../../../../arm-none-eabi/lib/thumb/v7e-m/fpv4-sp/hard/libc_nano.a(lib_a-impure.o)
 *(.RamFunc)
 *(.RamFunc*)
                0x0000000020000088                . = ALIGN (0x4)
                0x0000000020000088                _edata = .

.igot.plt       0x0000000020000088        0x0 load address 0x000000000800a744
 .igot.plt      0x0000000020000088        0x0 /Applications/STM32CubeIDE.app/Contents/Eclipse/plugins/com.st.stm32cube.ide.mcu.externaltools.gnu-tools-for-stm32.7-2018-q2-update.macos64_1.5.0.202011040924/tools/bin/../lib/gcc/arm-none-eabi/7.3.1/thumb/v7e-m/fpv4-sp/hard/crtbegin.o
                0x0000000020000088                . = ALIGN (0x4)

.bss            0x0000000020000088      0x900 load address 0x000000000800a744
                0x0000000020000088                _sbss = .
                0x0000000020000088                __bss_start__ = _sbss
 *(.bss)
 .bss           0x0000000020000088       0x1c /Applications/STM32CubeIDE.app/Contents/Eclipse/plugins/com.st.stm32cube.ide.mcu.externaltools.gnu-tools-for-stm32.7-2018-q2-update.macos64_1.5.0.202011040924/tools/bin/../lib/gcc/arm-none-eabi/7.3.1/thumb/v7e-m/fpv4-sp/hard/crtbegin.o
 *(.bss*)
 .bss.bnrg_expansion_board
                0x00000000200000a4        0x1 BlueNRG_MS/App/app_bluenrg_ms.o
                0x00000000200000a4                bnrg_expansion_board
 .bss.user_button_pressed
                0x00000000200000a5        0x1 BlueNRG_MS/App/app_bluenrg_ms.o
 *fill*         0x00000000200000a6        0x2 
 .bss.connected
                0x00000000200000a8        0x4 BlueNRG_MS/App/sample_service.o
                0x00000000200000a8                connected
 .bss.connection_handle
                0x00000000200000ac        0x2 BlueNRG_MS/App/sample_service.o
                0x00000000200000ac                connection_handle
 .bss.notification_enabled
                0x00000000200000ae        0x1 BlueNRG_MS/App/sample_service.o
                0x00000000200000ae                notification_enabled
 .bss.start_read_tx_char_handle
                0x00000000200000af        0x1 BlueNRG_MS/App/sample_service.o
                0x00000000200000af                start_read_tx_char_handle
 .bss.start_read_rx_char_handle
                0x00000000200000b0        0x1 BlueNRG_MS/App/sample_service.o
                0x00000000200000b0                start_read_rx_char_handle
 .bss.end_read_tx_char_handle
                0x00000000200000b1        0x1 BlueNRG_MS/App/sample_service.o
                0x00000000200000b1                end_read_tx_char_handle
 .bss.end_read_rx_char_handle
                0x00000000200000b2        0x1 BlueNRG_MS/App/sample_service.o
                0x00000000200000b2                end_read_rx_char_handle
 *fill*         0x00000000200000b3        0x1 
 .bss.read_char_buf.10262
                0x00000000200000b4       0xff BlueNRG_MS/Target/hci_tl_interface.o
 *fill*         0x00000000200001b3        0x1 
 .bss.DFSDM1_Init
                0x00000000200001b4        0x4 Core/Src/stm32l4xx_hal_msp.o
 .bss.__sbrk_heap_end
                0x00000000200001b8        0x4 Core/Src/sysmem.o
 .bss.COM_ActiveLogPort
                0x00000000200001bc        0x1 Drivers/BSP/B-L4S5I-IOT01A/b_l4s5i_iot01a.o
 *fill*         0x00000000200001bd        0x3 
 .bss.SPI3InitCounter
                0x00000000200001c0        0x4 Drivers/BSP/B-L4S5I-IOT01A/b_l4s5i_iot01a_bus.o
 .bss.v_dfsdm1ChannelCounter
                0x00000000200001c4        0x4 Drivers/STM32L4xx_HAL_Driver/Src/stm32l4xx_hal_dfsdm.o
 .bss.a_dfsdm1ChannelHandle
                0x00000000200001c8       0x20 Drivers/STM32L4xx_HAL_Driver/Src/stm32l4xx_hal_dfsdm.o
 .bss.hciReadPacketBuffer
                0x00000000200001e8      0x2bc Middlewares/ST/BlueNRG-MS/hci/hci_tl_patterns/Basic/hci_tl.o
 .bss.hciContext
                0x00000000200004a4       0x20 Middlewares/ST/BlueNRG-MS/hci/hci_tl_patterns/Basic/hci_tl.o
 .bss.__malloc_free_list
                0x00000000200004c4        0x4 /Applications/STM32CubeIDE.app/Contents/Eclipse/plugins/com.st.stm32cube.ide.mcu.externaltools.gnu-tools-for-stm32.7-2018-q2-update.macos64_1.5.0.202011040924/tools/bin/../lib/gcc/arm-none-eabi/7.3.1/../../../../arm-none-eabi/lib/thumb/v7e-m/fpv4-sp/hard/libc_nano.a(lib_a-nano-mallocr.o)
                0x00000000200004c4                __malloc_free_list
 .bss.__malloc_sbrk_start
                0x00000000200004c8        0x4 /Applications/STM32CubeIDE.app/Contents/Eclipse/plugins/com.st.stm32cube.ide.mcu.externaltools.gnu-tools-for-stm32.7-2018-q2-update.macos64_1.5.0.202011040924/tools/bin/../lib/gcc/arm-none-eabi/7.3.1/../../../../arm-none-eabi/lib/thumb/v7e-m/fpv4-sp/hard/libc_nano.a(lib_a-nano-mallocr.o)
                0x00000000200004c8                __malloc_sbrk_start
 *(COMMON)
 COMMON         0x00000000200004cc        0xa BlueNRG_MS/App/sample_service.o
                0x00000000200004cc                tx_handle
                0x00000000200004ce                rx_handle
                0x00000000200004d0                TXCharHandle
                0x00000000200004d2                sampleServHandle
                0x00000000200004d4                RXCharHandle
 *fill*         0x00000000200004d6        0x2 
 COMMON         0x00000000200004d8        0x8 BlueNRG_MS/Target/hci_tl_interface.o
                0x00000000200004d8                hexti6
 COMMON         0x00000000200004e0      0x39c Core/Src/main.o
                0x00000000200004e0                huart3
                0x0000000020000570                hi2c1
                0x00000000200005bc                hospi1
                0x000000002000060c                hi2c2
                0x0000000020000658                hadc1
                0x00000000200006c0                huart4
                0x0000000020000750                hspi1
                0x00000000200007b4                huart2
                0x0000000020000844                hdfsdm1_channel2
 COMMON         0x000000002000087c       0x90 Drivers/BSP/B-L4S5I-IOT01A/b_l4s5i_iot01a.o
                0x000000002000087c                hcom_uart
 COMMON         0x000000002000090c       0x64 Drivers/BSP/B-L4S5I-IOT01A/b_l4s5i_iot01a_bus.o
                0x000000002000090c                hspi3
 COMMON         0x0000000020000970        0x4 Drivers/STM32L4xx_HAL_Driver/Src/stm32l4xx_hal.o
                0x0000000020000970                uwTick
 COMMON         0x0000000020000974       0x10 Middlewares/ST/BlueNRG-MS/hci/hci_tl_patterns/Basic/hci_tl.o
                0x0000000020000974                hciReadPktPool
                0x000000002000097c                hciReadPktRxQueue
 COMMON         0x0000000020000984        0x4 /Applications/STM32CubeIDE.app/Contents/Eclipse/plugins/com.st.stm32cube.ide.mcu.externaltools.gnu-tools-for-stm32.7-2018-q2-update.macos64_1.5.0.202011040924/tools/bin/../lib/gcc/arm-none-eabi/7.3.1/../../../../arm-none-eabi/lib/thumb/v7e-m/fpv4-sp/hard/libc_nano.a(lib_a-reent.o)
                0x0000000020000984                errno
                0x0000000020000988                . = ALIGN (0x4)
                0x0000000020000988                _ebss = .
                0x0000000020000988                __bss_end__ = _ebss

._user_heap_stack
                0x0000000020000988      0x600 load address 0x000000000800a744
                0x0000000020000988                . = ALIGN (0x8)
                [!provide]                        PROVIDE (end = .)
                0x0000000020000988                PROVIDE (_end = .)
                0x0000000020000b88                . = (. + _Min_Heap_Size)
 *fill*         0x0000000020000988      0x200 
                0x0000000020000f88                . = (. + _Min_Stack_Size)
 *fill*         0x0000000020000b88      0x400 
                0x0000000020000f88                . = ALIGN (0x8)

/DISCARD/
 libc.a(*)
 libm.a(*)
 libgcc.a(*)

.ARM.attributes
                0x0000000000000000       0x30
 *(.ARM.attributes)
 .ARM.attributes
                0x0000000000000000       0x22 /Applications/STM32CubeIDE.app/Contents/Eclipse/plugins/com.st.stm32cube.ide.mcu.externaltools.gnu-tools-for-stm32.7-2018-q2-update.macos64_1.5.0.202011040924/tools/bin/../lib/gcc/arm-none-eabi/7.3.1/thumb/v7e-m/fpv4-sp/hard/crti.o
 .ARM.attributes
                0x0000000000000022       0x34 /Applications/STM32CubeIDE.app/Contents/Eclipse/plugins/com.st.stm32cube.ide.mcu.externaltools.gnu-tools-for-stm32.7-2018-q2-update.macos64_1.5.0.202011040924/tools/bin/../lib/gcc/arm-none-eabi/7.3.1/thumb/v7e-m/fpv4-sp/hard/crtbegin.o
 .ARM.attributes
                0x0000000000000056       0x39 BlueNRG_MS/App/app_bluenrg_ms.o
 .ARM.attributes
                0x000000000000008f       0x39 BlueNRG_MS/App/sample_service.o
 .ARM.attributes
                0x00000000000000c8       0x39 BlueNRG_MS/Target/hci_tl_interface.o
 .ARM.attributes
                0x0000000000000101       0x39 Core/Src/main.o
 .ARM.attributes
                0x000000000000013a       0x39 Core/Src/stm32l4xx_hal_msp.o
 .ARM.attributes
                0x0000000000000173       0x39 Core/Src/stm32l4xx_it.o
 .ARM.attributes
                0x00000000000001ac       0x39 Core/Src/syscalls.o
 .ARM.attributes
                0x00000000000001e5       0x39 Core/Src/sysmem.o
 .ARM.attributes
                0x000000000000021e       0x39 Core/Src/system_stm32l4xx.o
 .ARM.attributes
                0x0000000000000257       0x21 Core/Startup/startup_stm32l4s5vitx.o
 .ARM.attributes
                0x0000000000000278       0x39 Drivers/BSP/B-L4S5I-IOT01A/b_l4s5i_iot01a.o
 .ARM.attributes
                0x00000000000002b1       0x39 Drivers/BSP/B-L4S5I-IOT01A/b_l4s5i_iot01a_bus.o
 .ARM.attributes
                0x00000000000002ea       0x39 Drivers/STM32L4xx_HAL_Driver/Src/stm32l4xx_hal.o
 .ARM.attributes
                0x0000000000000323       0x39 Drivers/STM32L4xx_HAL_Driver/Src/stm32l4xx_hal_adc.o
 .ARM.attributes
                0x000000000000035c       0x39 Drivers/STM32L4xx_HAL_Driver/Src/stm32l4xx_hal_cortex.o
 .ARM.attributes
                0x0000000000000395       0x39 Drivers/STM32L4xx_HAL_Driver/Src/stm32l4xx_hal_dfsdm.o
 .ARM.attributes
                0x00000000000003ce       0x39 Drivers/STM32L4xx_HAL_Driver/Src/stm32l4xx_hal_exti.o
 .ARM.attributes
                0x0000000000000407       0x39 Drivers/STM32L4xx_HAL_Driver/Src/stm32l4xx_hal_gpio.o
 .ARM.attributes
                0x0000000000000440       0x39 Drivers/STM32L4xx_HAL_Driver/Src/stm32l4xx_hal_i2c.o
 .ARM.attributes
                0x0000000000000479       0x39 Drivers/STM32L4xx_HAL_Driver/Src/stm32l4xx_hal_i2c_ex.o
 .ARM.attributes
                0x00000000000004b2       0x39 Drivers/STM32L4xx_HAL_Driver/Src/stm32l4xx_hal_ospi.o
 .ARM.attributes
                0x00000000000004eb       0x39 Drivers/STM32L4xx_HAL_Driver/Src/stm32l4xx_hal_pwr.o
 .ARM.attributes
                0x0000000000000524       0x39 Drivers/STM32L4xx_HAL_Driver/Src/stm32l4xx_hal_pwr_ex.o
 .ARM.attributes
                0x000000000000055d       0x39 Drivers/STM32L4xx_HAL_Driver/Src/stm32l4xx_hal_rcc.o
 .ARM.attributes
                0x0000000000000596       0x39 Drivers/STM32L4xx_HAL_Driver/Src/stm32l4xx_hal_rcc_ex.o
 .ARM.attributes
                0x00000000000005cf       0x39 Drivers/STM32L4xx_HAL_Driver/Src/stm32l4xx_hal_spi.o
 .ARM.attributes
                0x0000000000000608       0x39 Drivers/STM32L4xx_HAL_Driver/Src/stm32l4xx_hal_uart.o
 .ARM.attributes
                0x0000000000000641       0x39 Drivers/STM32L4xx_HAL_Driver/Src/stm32l4xx_hal_uart_ex.o
 .ARM.attributes
                0x000000000000067a       0x39 Middlewares/ST/BlueNRG-MS/hci/controller/bluenrg_gap_aci.o
 .ARM.attributes
                0x00000000000006b3       0x39 Middlewares/ST/BlueNRG-MS/hci/controller/bluenrg_gatt_aci.o
 .ARM.attributes
                0x00000000000006ec       0x39 Middlewares/ST/BlueNRG-MS/hci/controller/bluenrg_hal_aci.o
 .ARM.attributes
                0x0000000000000725       0x39 Middlewares/ST/BlueNRG-MS/hci/controller/bluenrg_utils_small.o
 .ARM.attributes
                0x000000000000075e       0x39 Middlewares/ST/BlueNRG-MS/hci/hci_le.o
 .ARM.attributes
                0x0000000000000797       0x39 Middlewares/ST/BlueNRG-MS/hci/hci_tl_patterns/Basic/hci_tl.o
 .ARM.attributes
                0x00000000000007d0       0x39 Middlewares/ST/BlueNRG-MS/utils/ble_list.o
 .ARM.attributes
                0x0000000000000809       0x34 /Applications/STM32CubeIDE.app/Contents/Eclipse/plugins/com.st.stm32cube.ide.mcu.externaltools.gnu-tools-for-stm32.7-2018-q2-update.macos64_1.5.0.202011040924/tools/bin/../lib/gcc/arm-none-eabi/7.3.1/../../../../arm-none-eabi/lib/thumb/v7e-m/fpv4-sp/hard/libc_nano.a(lib_a-errno.o)
 .ARM.attributes
                0x000000000000083d       0x34 /Applications/STM32CubeIDE.app/Contents/Eclipse/plugins/com.st.stm32cube.ide.mcu.externaltools.gnu-tools-for-stm32.7-2018-q2-update.macos64_1.5.0.202011040924/tools/bin/../lib/gcc/arm-none-eabi/7.3.1/../../../../arm-none-eabi/lib/thumb/v7e-m/fpv4-sp/hard/libc_nano.a(lib_a-fflush.o)
 .ARM.attributes
                0x0000000000000871       0x34 /Applications/STM32CubeIDE.app/Contents/Eclipse/plugins/com.st.stm32cube.ide.mcu.externaltools.gnu-tools-for-stm32.7-2018-q2-update.macos64_1.5.0.202011040924/tools/bin/../lib/gcc/arm-none-eabi/7.3.1/../../../../arm-none-eabi/lib/thumb/v7e-m/fpv4-sp/hard/libc_nano.a(lib_a-findfp.o)
 .ARM.attributes
                0x00000000000008a5       0x34 /Applications/STM32CubeIDE.app/Contents/Eclipse/plugins/com.st.stm32cube.ide.mcu.externaltools.gnu-tools-for-stm32.7-2018-q2-update.macos64_1.5.0.202011040924/tools/bin/../lib/gcc/arm-none-eabi/7.3.1/../../../../arm-none-eabi/lib/thumb/v7e-m/fpv4-sp/hard/libc_nano.a(lib_a-fwalk.o)
 .ARM.attributes
                0x00000000000008d9       0x34 /Applications/STM32CubeIDE.app/Contents/Eclipse/plugins/com.st.stm32cube.ide.mcu.externaltools.gnu-tools-for-stm32.7-2018-q2-update.macos64_1.5.0.202011040924/tools/bin/../lib/gcc/arm-none-eabi/7.3.1/../../../../arm-none-eabi/lib/thumb/v7e-m/fpv4-sp/hard/libc_nano.a(lib_a-impure.o)
 .ARM.attributes
                0x000000000000090d       0x34 /Applications/STM32CubeIDE.app/Contents/Eclipse/plugins/com.st.stm32cube.ide.mcu.externaltools.gnu-tools-for-stm32.7-2018-q2-update.macos64_1.5.0.202011040924/tools/bin/../lib/gcc/arm-none-eabi/7.3.1/../../../../arm-none-eabi/lib/thumb/v7e-m/fpv4-sp/hard/libc_nano.a(lib_a-init.o)
 .ARM.attributes
                0x0000000000000941       0x34 /Applications/STM32CubeIDE.app/Contents/Eclipse/plugins/com.st.stm32cube.ide.mcu.externaltools.gnu-tools-for-stm32.7-2018-q2-update.macos64_1.5.0.202011040924/tools/bin/../lib/gcc/arm-none-eabi/7.3.1/../../../../arm-none-eabi/lib/thumb/v7e-m/fpv4-sp/hard/libc_nano.a(lib_a-memcpy-stub.o)
 .ARM.attributes
                0x0000000000000975       0x34 /Applications/STM32CubeIDE.app/Contents/Eclipse/plugins/com.st.stm32cube.ide.mcu.externaltools.gnu-tools-for-stm32.7-2018-q2-update.macos64_1.5.0.202011040924/tools/bin/../lib/gcc/arm-none-eabi/7.3.1/../../../../arm-none-eabi/lib/thumb/v7e-m/fpv4-sp/hard/libc_nano.a(lib_a-memset.o)
 .ARM.attributes
                0x00000000000009a9       0x34 /Applications/STM32CubeIDE.app/Contents/Eclipse/plugins/com.st.stm32cube.ide.mcu.externaltools.gnu-tools-for-stm32.7-2018-q2-update.macos64_1.5.0.202011040924/tools/bin/../lib/gcc/arm-none-eabi/7.3.1/../../../../arm-none-eabi/lib/thumb/v7e-m/fpv4-sp/hard/libc_nano.a(lib_a-nano-freer.o)
 .ARM.attributes