Archive member included to satisfy reference by file (symbol)

c:/st/stm32cubeide_1.6.0/stm32cubeide/plugins/com.st.stm32cube.ide.mcu.externaltools.gnu-tools-for-stm32.9-2020-q2-update.win32_1.5.0.202011040924/tools/bin/../lib/gcc/arm-none-eabi/9.3.1/../../../../arm-none-eabi/lib/thumb/v7e-m+fp/hard\libc_nano.a(lib_a-errno.o)
                              Core/Src/syscalls.o (__errno)
c:/st/stm32cubeide_1.6.0/stm32cubeide/plugins/com.st.stm32cube.ide.mcu.externaltools.gnu-tools-for-stm32.9-2020-q2-update.win32_1.5.0.202011040924/tools/bin/../lib/gcc/arm-none-eabi/9.3.1/../../../../arm-none-eabi/lib/thumb/v7e-m+fp/hard\libc_nano.a(lib_a-exit.o)
                              c:/st/stm32cubeide_1.6.0/stm32cubeide/plugins/com.st.stm32cube.ide.mcu.externaltools.gnu-tools-for-stm32.9-2020-q2-update.win32_1.5.0.202011040924/tools/bin/../lib/gcc/arm-none-eabi/9.3.1/../../../../arm-none-eabi/lib/thumb/v7e-m+fp/hard/crt0.o (exit)
c:/st/stm32cubeide_1.6.0/stm32cubeide/plugins/com.st.stm32cube.ide.mcu.externaltools.gnu-tools-for-stm32.9-2020-q2-update.win32_1.5.0.202011040924/tools/bin/../lib/gcc/arm-none-eabi/9.3.1/../../../../arm-none-eabi/lib/thumb/v7e-m+fp/hard\libc_nano.a(lib_a-fflush.o)
                              BlueNRG_MS/App/sample_service.o (fflush)
c:/st/stm32cubeide_1.6.0/stm32cubeide/plugins/com.st.stm32cube.ide.mcu.externaltools.gnu-tools-for-stm32.9-2020-q2-update.win32_1.5.0.202011040924/tools/bin/../lib/gcc/arm-none-eabi/9.3.1/../../../../arm-none-eabi/lib/thumb/v7e-m+fp/hard\libc_nano.a(lib_a-findfp.o)
                              c:/st/stm32cubeide_1.6.0/stm32cubeide/plugins/com.st.stm32cube.ide.mcu.externaltools.gnu-tools-for-stm32.9-2020-q2-update.win32_1.5.0.202011040924/tools/bin/../lib/gcc/arm-none-eabi/9.3.1/../../../../arm-none-eabi/lib/thumb/v7e-m+fp/hard\libc_nano.a(lib_a-fflush.o) (__sinit)
c:/st/stm32cubeide_1.6.0/stm32cubeide/plugins/com.st.stm32cube.ide.mcu.externaltools.gnu-tools-for-stm32.9-2020-q2-update.win32_1.5.0.202011040924/tools/bin/../lib/gcc/arm-none-eabi/9.3.1/../../../../arm-none-eabi/lib/thumb/v7e-m+fp/hard\libc_nano.a(lib_a-fwalk.o)
                              c:/st/stm32cubeide_1.6.0/stm32cubeide/plugins/com.st.stm32cube.ide.mcu.externaltools.gnu-tools-for-stm32.9-2020-q2-update.win32_1.5.0.202011040924/tools/bin/../lib/gcc/arm-none-eabi/9.3.1/../../../../arm-none-eabi/lib/thumb/v7e-m+fp/hard\libc_nano.a(lib_a-findfp.o) (_fwalk)
c:/st/stm32cubeide_1.6.0/stm32cubeide/plugins/com.st.stm32cube.ide.mcu.externaltools.gnu-tools-for-stm32.9-2020-q2-update.win32_1.5.0.202011040924/tools/bin/../lib/gcc/arm-none-eabi/9.3.1/../../../../arm-none-eabi/lib/thumb/v7e-m+fp/hard\libc_nano.a(lib_a-impure.o)
                              c:/st/stm32cubeide_1.6.0/stm32cubeide/plugins/com.st.stm32cube.ide.mcu.externaltools.gnu-tools-for-stm32.9-2020-q2-update.win32_1.5.0.202011040924/tools/bin/../lib/gcc/arm-none-eabi/9.3.1/../../../../arm-none-eabi/lib/thumb/v7e-m+fp/hard\libc_nano.a(lib_a-exit.o) (_global_impure_ptr)
c:/st/stm32cubeide_1.6.0/stm32cubeide/plugins/com.st.stm32cube.ide.mcu.externaltools.gnu-tools-for-stm32.9-2020-q2-update.win32_1.5.0.202011040924/tools/bin/../lib/gcc/arm-none-eabi/9.3.1/../../../../arm-none-eabi/lib/thumb/v7e-m+fp/hard\libc_nano.a(lib_a-init.o)
                              c:/st/stm32cubeide_1.6.0/stm32cubeide/plugins/com.st.stm32cube.ide.mcu.externaltools.gnu-tools-for-stm32.9-2020-q2-update.win32_1.5.0.202011040924/tools/bin/../lib/gcc/arm-none-eabi/9.3.1/../../../../arm-none-eabi/lib/thumb/v7e-m+fp/hard/crt0.o (__libc_init_array)
c:/st/stm32cubeide_1.6.0/stm32cubeide/plugins/com.st.stm32cube.ide.mcu.externaltools.gnu-tools-for-stm32.9-2020-q2-update.win32_1.5.0.202011040924/tools/bin/../lib/gcc/arm-none-eabi/9.3.1/../../../../arm-none-eabi/lib/thumb/v7e-m+fp/hard\libc_nano.a(lib_a-lock.o)
                              c:/st/stm32cubeide_1.6.0/stm32cubeide/plugins/com.st.stm32cube.ide.mcu.externaltools.gnu-tools-for-stm32.9-2020-q2-update.win32_1.5.0.202011040924/tools/bin/../lib/gcc/arm-none-eabi/9.3.1/../../../../arm-none-eabi/lib/thumb/v7e-m+fp/hard\libc_nano.a(lib_a-findfp.o) (__retarget_lock_init_recursive)
c:/st/stm32cubeide_1.6.0/stm32cubeide/plugins/com.st.stm32cube.ide.mcu.externaltools.gnu-tools-for-stm32.9-2020-q2-update.win32_1.5.0.202011040924/tools/bin/../lib/gcc/arm-none-eabi/9.3.1/../../../../arm-none-eabi/lib/thumb/v7e-m+fp/hard\libc_nano.a(lib_a-memcpy-stub.o)
                              Middlewares/ST/BlueNRG-MS/hci/controller/bluenrg_gap_aci.o (memcpy)
c:/st/stm32cubeide_1.6.0/stm32cubeide/plugins/com.st.stm32cube.ide.mcu.externaltools.gnu-tools-for-stm32.9-2020-q2-update.win32_1.5.0.202011040924/tools/bin/../lib/gcc/arm-none-eabi/9.3.1/../../../../arm-none-eabi/lib/thumb/v7e-m+fp/hard\libc_nano.a(lib_a-memset.o)
[...]
Memory Configuration

Name             Origin             Length             Attributes
RAM              0x0000000020000000 0x00000000000a0000 xrw
FLASH            0x0000000008000000 0x0000000000200000 xr
*default*        0x0000000000000000 0xffffffffffffffff

Linker script and memory map

LOAD c:/st/stm32cubeide_1.6.0/stm32cubeide/plugins/com.st.stm32cube.ide.mcu.externaltools.gnu-tools-for-stm32.9-2020-q2-update.win32_1.5.0.202011040924/tools/bin/../lib/gcc/arm-none-eabi/9.3.1/thumb/v7e-m+fp/hard/crti.o
LOAD c:/st/stm32cubeide_1.6.0/stm32cubeide/plugins/com.st.stm32cube.ide.mcu.externaltools.gnu-tools-for-stm32.9-2020-q2-update.win32_1.5.0.202011040924/tools/bin/../lib/gcc/arm-none-eabi/9.3.1/thumb/v7e-m+fp/hard/crtbegin.o
LOAD c:/st/stm32cubeide_1.6.0/stm32cubeide/plugins/com.st.stm32cube.ide.mcu.externaltools.gnu-tools-for-stm32.9-2020-q2-update.win32_1.5.0.202011040924/tools/bin/../lib/gcc/arm-none-eabi/9.3.1/../../../../arm-none-eabi/lib/thumb/v7e-m+fp/hard/crt0.o
LOAD BlueNRG_MS/App/app_bluenrg_ms.o
LOAD BlueNRG_MS/App/sample_service.o
LOAD BlueNRG_MS/Target/hci_tl_interface.o
LOAD Core/Src/main.o
LOAD Core/Src/stm32l4xx_hal_msp.o
LOAD Core/Src/stm32l4xx_it.o
LOAD Core/Src/syscalls.o
LOAD Core/Src/sysmem.o
LOAD Core/Src/system_stm32l4xx.o
LOAD Core/Startup/startup_stm32l4s5vitx.o
LOAD Drivers/BSP/B-L4S5I-IOT01A/b_l4s5i_iot01a.o
LOAD Drivers/BSP/B-L4S5I-IOT01A/b_l4s5i_iot01a_bus.o
LOAD Drivers/STM32L4xx_HAL_Driver/Src/stm32l4xx_hal.o
LOAD Drivers/STM32L4xx_HAL_Driver/Src/stm32l4xx_hal_adc.o
LOAD Drivers/STM32L4xx_HAL_Driver/Src/stm32l4xx_hal_adc_ex.o
LOAD Drivers/STM32L4xx_HAL_Driver/Src/stm32l4xx_hal_cortex.o
LOAD Drivers/STM32L4xx_HAL_Driver/Src/stm32l4xx_hal_dfsdm.o
LOAD Drivers/STM32L4xx_HAL_Driver/Src/stm32l4xx_hal_dfsdm_ex.o
LOAD Drivers/STM32L4xx_HAL_Driver/Src/stm32l4xx_hal_dma.o
LOAD Drivers/STM32L4xx_HAL_Driver/Src/stm32l4xx_hal_dma_ex.o
LOAD Drivers/STM32L4xx_HAL_Driver/Src/stm32l4xx_hal_exti.o
LOAD Drivers/STM32L4xx_HAL_Driver/Src/stm32l4xx_hal_flash.o
LOAD Drivers/STM32L4xx_HAL_Driver/Src/stm32l4xx_hal_flash_ex.o
LOAD Drivers/STM32L4xx_HAL_Driver/Src/stm32l4xx_hal_flash_ramfunc.o
LOAD Drivers/STM32L4xx_HAL_Driver/Src/stm32l4xx_hal_gpio.o
LOAD Drivers/STM32L4xx_HAL_Driver/Src/stm32l4xx_hal_i2c.o
LOAD Drivers/STM32L4xx_HAL_Driver/Src/stm32l4xx_hal_i2c_ex.o
LOAD Drivers/STM32L4xx_HAL_Driver/Src/stm32l4xx_hal_ospi.o
LOAD Drivers/STM32L4xx_HAL_Driver/Src/stm32l4xx_hal_pwr.o
LOAD Drivers/STM32L4xx_HAL_Driver/Src/stm32l4xx_hal_pwr_ex.o
LOAD Drivers/STM32L4xx_HAL_Driver/Src/stm32l4xx_hal_rcc.o
LOAD Drivers/STM32L4xx_HAL_Driver/Src/stm32l4xx_hal_rcc_ex.o
LOAD Drivers/STM32L4xx_HAL_Driver/Src/stm32l4xx_hal_spi.o
LOAD Drivers/STM32L4xx_HAL_Driver/Src/stm32l4xx_hal_spi_ex.o
LOAD Drivers/STM32L4xx_HAL_Driver/Src/stm32l4xx_hal_tim.o
LOAD Drivers/STM32L4xx_HAL_Driver/Src/stm32l4xx_hal_tim_ex.o
LOAD Drivers/STM32L4xx_HAL_Driver/Src/stm32l4xx_hal_uart.o
LOAD Drivers/STM32L4xx_HAL_Driver/Src/stm32l4xx_hal_uart_ex.o
LOAD Middlewares/ST/BlueNRG-MS/hci/controller/bluenrg_gap_aci.o
LOAD Middlewares/ST/BlueNRG-MS/hci/controller/bluenrg_gatt_aci.o
LOAD Middlewares/ST/BlueNRG-MS/hci/controller/bluenrg_hal_aci.o
LOAD Middlewares/ST/BlueNRG-MS/hci/controller/bluenrg_l2cap_aci.o
LOAD Middlewares/ST/BlueNRG-MS/hci/controller/bluenrg_updater_aci.o
LOAD Middlewares/ST/BlueNRG-MS/hci/controller/bluenrg_utils_small.o
LOAD Middlewares/ST/BlueNRG-MS/hci/hci_le.o
LOAD Middlewares/ST/BlueNRG-MS/hci/hci_tl_patterns/Basic/hci_tl.o
LOAD Middlewares/ST/BlueNRG-MS/utils/ble_list.o
START GROUP
LOAD c:/st/stm32cubeide_1.6.0/stm32cubeide/plugins/com.st.stm32cube.ide.mcu.externaltools.gnu-tools-for-stm32.9-2020-q2-update.win32_1.5.0.202011040924/tools/bin/../lib/gcc/arm-none-eabi/9.3.1/../../../../arm-none-eabi/lib/thumb/v7e-m+fp/hard\libc_nano.a
LOAD c:/st/stm32cubeide_1.6.0/stm32cubeide/plugins/com.st.stm32cube.ide.mcu.externaltools.gnu-tools-for-stm32.9-2020-q2-update.win32_1.5.0.202011040924/tools/bin/../lib/gcc/arm-none-eabi/9.3.1/../../../../arm-none-eabi/lib/thumb/v7e-m+fp/hard\libm.a
END GROUP
START GROUP
LOAD c:/st/stm32cubeide_1.6.0/stm32cubeide/plugins/com.st.stm32cube.ide.mcu.externaltools.gnu-tools-for-stm32.9-2020-q2-update.win32_1.5.0.202011040924/tools/bin/../lib/gcc/arm-none-eabi/9.3.1/thumb/v7e-m+fp/hard\libgcc.a
LOAD c:/st/stm32cubeide_1.6.0/stm32cubeide/plugins/com.st.stm32cube.ide.mcu.externaltools.gnu-tools-for-stm32.9-2020-q2-update.win32_1.5.0.202011040924/tools/bin/../lib/gcc/arm-none-eabi/9.3.1/../../../../arm-none-eabi/lib/thumb/v7e-m+fp/hard\libc_nano.a
END GROUP
START GROUP
LOAD c:/st/stm32cubeide_1.6.0/stm32cubeide/plugins/com.st.stm32cube.ide.mcu.externaltools.gnu-tools-for-stm32.9-2020-q2-update.win32_1.5.0.202011040924/tools/bin/../lib/gcc/arm-none-eabi/9.3.1/thumb/v7e-m+fp/hard\libgcc.a
LOAD c:/st/stm32cubeide_1.6.0/stm32cubeide/plugins/com.st.stm32cube.ide.mcu.externaltools.gnu-tools-for-stm32.9-2020-q2-update.win32_1.5.0.202011040924/tools/bin/../lib/gcc/arm-none-eabi/9.3.1/../../../../arm-none-eabi/lib/thumb/v7e-m+fp/hard\libc_nano.a
LOAD c:/st/stm32cubeide_1.6.0/stm32cubeide/plugins/com.st.stm32cube.ide.mcu.externaltools.gnu-tools-for-stm32.9-2020-q2-update.win32_1.5.0.202011040924/tools/bin/../lib/gcc/arm-none-eabi/9.3.1/../../../../arm-none-eabi/lib/thumb/v7e-m+fp/hard\libnosys.a
END GROUP
START GROUP
LOAD c:/st/stm32cubeide_1.6.0/stm32cubeide/plugins/com.st.stm32cube.ide.mcu.externaltools.gnu-tools-for-stm32.9-2020-q2-update.win32_1.5.0.202011040924/tools/bin/../lib/gcc/arm-none-eabi/9.3.1/thumb/v7e-m+fp/hard\libgcc.a
LOAD c:/st/stm32cubeide_1.6.0/stm32cubeide/plugins/com.st.stm32cube.ide.mcu.externaltools.gnu-tools-for-stm32.9-2020-q2-update.win32_1.5.0.202011040924/tools/bin/../lib/gcc/arm-none-eabi/9.3.1/../../../../arm-none-eabi/lib/thumb/v7e-m+fp/hard\libc_nano.a
LOAD c:/st/stm32cubeide_1.6.0/stm32cubeide/plugins/com.st.stm32cube.ide.mcu.externaltools.gnu-tools-for-stm32.9-2020-q2-update.win32_1.5.0.202011040924/tools/bin/../lib/gcc/arm-none-eabi/9.3.1/../../../../arm-none-eabi/lib/thumb/v7e-m+fp/hard\libnosys.a
END GROUP
LOAD c:/st/stm32cubeide_1.6.0/stm32cubeide/plugins/com.st.stm32cube.ide.mcu.externaltools.gnu-tools-for-stm32.9-2020-q2-update.win32_1.5.0.202011040924/tools/bin/../lib/gcc/arm-none-eabi/9.3.1/thumb/v7e-m+fp/hard/crtend.o
LOAD c:/st/stm32cubeide_1.6.0/stm32cubeide/plugins/com.st.stm32cube.ide.mcu.externaltools.gnu-tools-for-stm32.9-2020-q2-update.win32_1.5.0.202011040924/tools/bin/../lib/gcc/arm-none-eabi/9.3.1/thumb/v7e-m+fp/hard/crtn.o
                0x00000000200a0000                _estack = (ORIGIN (RAM) + LENGTH (RAM))
                0x0000000000000200                _Min_Heap_Size = 0x200
                0x0000000000000400                _Min_Stack_Size = 0x400

.isr_vector     0x0000000008000000      0x1bc
                0x0000000008000000                . = ALIGN (0x4)
 *(.isr_vector)
 .isr_vector    0x0000000008000000      0x1bc Core/Startup/startup_stm32l4s5vitx.o
                0x0000000008000000                g_pfnVectors
                0x00000000080001bc                . = ALIGN (0x4)

.text           0x00000000080001c0     0xa31c
                0x00000000080001c0                . = ALIGN (0x4)
 *(.text)
 .text          0x00000000080001c0       0x40 c:/st/stm32cubeide_1.6.0/stm32cubeide/plugins/com.st.stm32cube.ide.mcu.externaltools.gnu-tools-for-stm32.9-2020-q2-update.win32_1.5.0.202011040924/tools/bin/../lib/gcc/arm-none-eabi/9.3.1/thumb/v7e-m+fp/hard/crtbegin.o
 .text          0x0000000008000200       0xa0 c:/st/stm32cubeide_1.6.0/stm32cubeide/plugins/com.st.stm32cube.ide.mcu.externaltools.gnu-tools-for-stm32.9-2020-q2-update.win32_1.5.0.202011040924/tools/bin/../lib/gcc/arm-none-eabi/9.3.1/../../../../arm-none-eabi/lib/thumb/v7e-m+fp/hard\libc_nano.a(lib_a-memchr.o)
                0x0000000008000200                memchr
 .text          0x00000000080002a0       0x30 c:/st/stm32cubeide_1.6.0/stm32cubeide/plugins/com.st.stm32cube.ide.mcu.externaltools.gnu-tools-for-stm32.9-2020-q2-update.win32_1.5.0.202011040924/tools/bin/../lib/gcc/arm-none-eabi/9.3.1/thumb/v7e-m+fp/hard\libgcc.a(_aeabi_uldivmod.o)
                0x00000000080002a0                __aeabi_uldivmod
 .text          0x00000000080002d0      0x2c4 c:/st/stm32cubeide_1.6.0/stm32cubeide/plugins/com.st.stm32cube.ide.mcu.externaltools.gnu-tools-for-stm32.9-2020-q2-update.win32_1.5.0.202011040924/tools/bin/../lib/gcc/arm-none-eabi/9.3.1/thumb/v7e-m+fp/hard\libgcc.a(_udivmoddi4.o)
                0x00000000080002d0                __udivmoddi4
 .text          0x0000000008000594        0x4 c:/st/stm32cubeide_1.6.0/stm32cubeide/plugins/com.st.stm32cube.ide.mcu.externaltools.gnu-tools-for-stm32.9-2020-q2-update.win32_1.5.0.202011040924/tools/bin/../lib/gcc/arm-none-eabi/9.3.1/thumb/v7e-m+fp/hard\libgcc.a(_dvmd_tls.o)
                0x0000000008000594                __aeabi_idiv0
                0x0000000008000594                __aeabi_ldiv0
 *(.text*)
 .text.MX_BlueNRG_MS_Init
                0x0000000008000598      0x248 BlueNRG_MS/App/app_bluenrg_ms.o
                0x0000000008000598                MX_BlueNRG_MS_Init
 .text.MX_BlueNRG_MS_Process
                0x00000000080007e0       0x10 BlueNRG_MS/App/app_bluenrg_ms.o
                0x00000000080007e0                MX_BlueNRG_MS_Process
 .text.User_Init
                0x00000000080007f0       0x1c BlueNRG_MS/App/app_bluenrg_ms.o
 .text.User_Process
                0x000000000800080c      0x120 BlueNRG_MS/App/app_bluenrg_ms.o
 .text.BSP_PB_Callback
                0x000000000800092c       0x20 BlueNRG_MS/App/app_bluenrg_ms.o
                0x000000000800092c                BSP_PB_Callback
 .text.Add_Sample_Service
                0x000000000800094c       0xe4 BlueNRG_MS/App/sample_service.o
                0x000000000800094c                Add_Sample_Service
 .text.Make_Connection
                0x0000000008000a30       0xd4 BlueNRG_MS/App/sample_service.o
                0x0000000008000a30                Make_Connection
 .text.startReadTXCharHandle
                0x0000000008000b04       0x4c BlueNRG_MS/App/sample_service.o
                0x0000000008000b04                startReadTXCharHandle
 .text.startReadRXCharHandle
                0x0000000008000b50       0x4c BlueNRG_MS/App/sample_service.o
                0x0000000008000b50                startReadRXCharHandle
 .text.receiveData
                0x0000000008000b9c       0x4c BlueNRG_MS/App/sample_service.o
                0x0000000008000b9c                receiveData
 .text.sendData
                0x0000000008000be8       0x60 BlueNRG_MS/App/sample_service.o
                0x0000000008000be8                sendData
 .text.enableNotification
                0x0000000008000c48       0x60 BlueNRG_MS/App/sample_service.o
                0x0000000008000c48                enableNotification
 .text.Attribute_Modified_CB
                0x0000000008000ca8       0x58 BlueNRG_MS/App/sample_service.o
                0x0000000008000ca8                Attribute_Modified_CB
 .text.GAP_ConnectionComplete_CB
                0x0000000008000d00       0x68 BlueNRG_MS/App/sample_service.o
                0x0000000008000d00                GAP_ConnectionComplete_CB
 .text.GAP_DisconnectionComplete_CB
                0x0000000008000d68       0x58 BlueNRG_MS/App/sample_service.o
                0x0000000008000d68                GAP_DisconnectionComplete_CB
 .text.GATT_Notification_CB
                0x0000000008000dc0       0x34 BlueNRG_MS/App/sample_service.o
                0x0000000008000dc0                GATT_Notification_CB
 .text.user_notify
                0x0000000008000df4      0x218 BlueNRG_MS/App/sample_service.o
                0x0000000008000df4                user_notify
 .text.HCI_TL_SPI_Init
                0x000000000800100c       0x94 BlueNRG_MS/Target/hci_tl_interface.o
                0x000000000800100c                HCI_TL_SPI_Init
 .text.HCI_TL_SPI_DeInit
                0x00000000080010a0       0x30 BlueNRG_MS/Target/hci_tl_interface.o
                0x00000000080010a0                HCI_TL_SPI_DeInit
 .text.HCI_TL_SPI_Reset
                0x00000000080010d0       0x44 BlueNRG_MS/Target/hci_tl_interface.o
                0x00000000080010d0                HCI_TL_SPI_Reset
 .text.HCI_TL_SPI_Receive
                0x0000000008001114       0xb8 BlueNRG_MS/Target/hci_tl_interface.o
                0x0000000008001114                HCI_TL_SPI_Receive
 .text.HCI_TL_SPI_Send
                0x00000000080011cc       0xac BlueNRG_MS/Target/hci_tl_interface.o
                0x00000000080011cc                HCI_TL_SPI_Send
 .text.IsDataAvailable
                0x0000000008001278       0x20 BlueNRG_MS/Target/hci_tl_interface.o
 .text.hci_tl_lowlevel_init
                0x0000000008001298       0x74 BlueNRG_MS/Target/hci_tl_interface.o
                0x0000000008001298                hci_tl_lowlevel_init
 .text.hci_tl_lowlevel_isr
                0x000000000800130c       0x22 BlueNRG_MS/Target/hci_tl_interface.o
                0x000000000800130c                hci_tl_lowlevel_isr
 .text.main     0x000000000800132e       0x3e Core/Src/main.o
                0x000000000800132e                main
 .text.SystemClock_Config
                0x000000000800136c      0x15c Core/Src/main.o
                0x000000000800136c                SystemClock_Config
 .text.MX_ADC1_Init
                0x00000000080014c8       0xc8 Core/Src/main.o
 .text.MX_DFSDM1_Init
                0x0000000008001590       0x70 Core/Src/main.o
 .text.MX_I2C1_Init
                0x0000000008001600       0x80 Core/Src/main.o
 .text.MX_I2C2_Init
                0x0000000008001680       0x80 Core/Src/main.o
 .text.MX_OCTOSPI1_Init
                0x0000000008001700       0xac Core/Src/main.o
 .text.MX_SPI1_Init
                0x00000000080017ac       0x7c Core/Src/main.o
 .text.MX_USART2_UART_Init
                0x0000000008001828       0x9c Core/Src/main.o
 .text.MX_USART3_UART_Init
                0x00000000080018c4       0x98 Core/Src/main.o
 .text.MX_USB_OTG_FS_USB_Init
                0x000000000800195c        0xe Core/Src/main.o
 *fill*         0x000000000800196a        0x2 
 .text.MX_GPIO_Init
                0x000000000800196c      0x290 Core/Src/main.o
 .text.Error_Handler
                0x0000000008001bfc        0xa Core/Src/main.o
                0x0000000008001bfc                Error_Handler
 *fill*         0x0000000008001c06        0x2 
 .text.HAL_MspInit
                0x0000000008001c08       0x48 Core/Src/stm32l4xx_hal_msp.o
                0x0000000008001c08                HAL_MspInit
 .text.HAL_ADC_MspInit
                0x0000000008001c50       0x80 Core/Src/stm32l4xx_hal_msp.o
                0x0000000008001c50                HAL_ADC_MspInit
 .text.HAL_DFSDM_ChannelMspInit
                0x0000000008001cd0       0x90 Core/Src/stm32l4xx_hal_msp.o
                0x0000000008001cd0                HAL_DFSDM_ChannelMspInit
 .text.HAL_I2C_MspInit
                0x0000000008001d60       0xec Core/Src/stm32l4xx_hal_msp.o
                0x0000000008001d60                HAL_I2C_MspInit
 .text.HAL_OSPI_MspInit
                0x0000000008001e4c       0xa0 Core/Src/stm32l4xx_hal_msp.o
                0x0000000008001e4c                HAL_OSPI_MspInit
 .text.HAL_SPI_MspInit
                0x0000000008001eec       0x84 Core/Src/stm32l4xx_hal_msp.o
                0x0000000008001eec                HAL_SPI_MspInit
 .text.HAL_UART_MspInit
                0x0000000008001f70       0xe8 Core/Src/stm32l4xx_hal_msp.o
                0x0000000008001f70                HAL_UART_MspInit
 .text.NMI_Handler
                0x0000000008002058        0x6 Core/Src/stm32l4xx_it.o
                0x0000000008002058                NMI_Handler
 .text.HardFault_Handler
                0x000000000800205e        0x6 Core/Src/stm32l4xx_it.o
                0x000000000800205e                HardFault_Handler
 .text.MemManage_Handler
                0x0000000008002064        0x6 Core/Src/stm32l4xx_it.o
                0x0000000008002064                MemManage_Handler
 .text.BusFault_Handler
                0x000000000800206a        0x6 Core/Src/stm32l4xx_it.o
                0x000000000800206a                BusFault_Handler
 .text.UsageFault_Handler
                0x0000000008002070        0x6 Core/Src/stm32l4xx_it.o
                0x0000000008002070                UsageFault_Handler
 .text.SVC_Handler
                0x0000000008002076        0xe Core/Src/stm32l4xx_it.o
                0x0000000008002076                SVC_Handler
 .text.DebugMon_Handler
                0x0000000008002084        0xe Core/Src/stm32l4xx_it.o
                0x0000000008002084                DebugMon_Handler
 .text.PendSV_Handler
                0x0000000008002092        0xe Core/Src/stm32l4xx_it.o
                0x0000000008002092                PendSV_Handler
 .text.SysTick_Handler
                0x00000000080020a0        0xc Core/Src/stm32l4xx_it.o
                0x00000000080020a0                SysTick_Handler
 .text.EXTI0_IRQHandler
                0x00000000080020ac        0xe Core/Src/stm32l4xx_it.o
                0x00000000080020ac                EXTI0_IRQHandler
 *fill*         0x00000000080020ba        0x2 
 .text.EXTI9_5_IRQHandler
                0x00000000080020bc       0x28 Core/Src/stm32l4xx_it.o
                0x00000000080020bc                EXTI9_5_IRQHandler
 .text.EXTI15_10_IRQHandler
                0x00000000080020e4       0x3c Core/Src/stm32l4xx_it.o
                0x00000000080020e4                EXTI15_10_IRQHandler
 .text._read    0x0000000008002120       0x3a Core/Src/syscalls.o
                0x0000000008002120                _read
 .text._write   0x000000000800215a       0x38 Core/Src/syscalls.o
                0x000000000800215a                _write
 .text._close   0x0000000008002192       0x18 Core/Src/syscalls.o
                0x0000000008002192                _close
 .text._fstat   0x00000000080021aa       0x20 Core/Src/syscalls.o
                0x00000000080021aa                _fstat
 .text._isatty  0x00000000080021ca       0x16 Core/Src/syscalls.o
                0x00000000080021ca                _isatty
 .text._lseek   0x00000000080021e0       0x1a Core/Src/syscalls.o
                0x00000000080021e0                _lseek
 *fill*         0x00000000080021fa        0x2 
 .text._sbrk    0x00000000080021fc       0x6c Core/Src/sysmem.o
                0x00000000080021fc                _sbrk
 .text.SystemInit
                0x0000000008002268       0x64 Core/Src/system_stm32l4xx.o
                0x0000000008002268                SystemInit
 .text.Reset_Handler
                0x00000000080022cc       0x50 Core/Startup/startup_stm32l4s5vitx.o
                0x00000000080022cc                Reset_Handler
 .text.Default_Handler
                0x000000000800231c        0x2 Core/Startup/startup_stm32l4s5vitx.o
                0x000000000800231c                RTC_Alarm_IRQHandler
                0x000000000800231c                EXTI2_IRQHandler
                0x000000000800231c                TIM8_TRG_COM_IRQHandler
                0x000000000800231c                TIM8_CC_IRQHandler
                0x000000000800231c                TIM1_CC_IRQHandler
                0x000000000800231c                TSC_IRQHandler
                0x000000000800231c                TAMP_STAMP_IRQHandler
                0x000000000800231c                EXTI3_IRQHandler
                0x000000000800231c                LPTIM2_IRQHandler
                0x000000000800231c                DFSDM1_FLT1_IRQHandler
                0x000000000800231c                GFXMMU_IRQHandler
                0x000000000800231c                I2C3_ER_IRQHandler
                0x000000000800231c                DFSDM1_FLT2_IRQHandler
                0x000000000800231c                I2C2_EV_IRQHandler
                0x000000000800231c                CAN1_RX0_IRQHandler
                0x000000000800231c                FPU_IRQHandler
                0x000000000800231c                TIM1_UP_TIM16_IRQHandler
                0x000000000800231c                LTDC_ER_IRQHandler
                0x000000000800231c                SPI1_IRQHandler
                0x000000000800231c                OCTOSPI1_IRQHandler
                0x000000000800231c                TIM6_DAC_IRQHandler
                0x000000000800231c                DCMI_IRQHandler
                0x000000000800231c                TIM8_UP_IRQHandler
                0x000000000800231c                OCTOSPI2_IRQHandler
                0x000000000800231c                DMA2_Channel2_IRQHandler
                0x000000000800231c                DMA1_Channel4_IRQHandler
                0x000000000800231c                SAI2_IRQHandler
                0x000000000800231c                ADC1_IRQHandler
                0x000000000800231c                DFSDM1_FLT3_IRQHandler
                0x000000000800231c                USART3_IRQHandler
                0x000000000800231c                DMA1_Channel7_IRQHandler
                0x000000000800231c                CAN1_RX1_IRQHandler
                0x000000000800231c                UART5_IRQHandler
                0x000000000800231c                TIM4_IRQHandler
                0x000000000800231c                DMA2_Channel1_IRQHandler
                0x000000000800231c                I2C1_EV_IRQHandler
                0x000000000800231c                DMAMUX1_OVR_IRQHandler
                0x000000000800231c                DMA1_Channel6_IRQHandler
                0x000000000800231c                UART4_IRQHandler
                0x000000000800231c                DMA2_Channel4_IRQHandler
                0x000000000800231c                TIM3_IRQHandler
                0x000000000800231c                RCC_IRQHandler
                0x000000000800231c                DMA1_Channel1_IRQHandler
                0x000000000800231c                Default_Handler
                0x000000000800231c                DMA2_Channel7_IRQHandler
                0x000000000800231c                TIM7_IRQHandler
                0x000000000800231c                SDMMC1_IRQHandler
                0x000000000800231c                TIM5_IRQHandler
                0x000000000800231c                I2C3_EV_IRQHandler
                0x000000000800231c                RTC_WKUP_IRQHandler
                0x000000000800231c                LTDC_IRQHandler
                0x000000000800231c                PVD_PVM_IRQHandler
                0x000000000800231c                SPI2_IRQHandler
                0x000000000800231c                CAN1_TX_IRQHandler
                0x000000000800231c                DMA2_Channel5_IRQHandler
                0x000000000800231c                DMA1_Channel5_IRQHandler
                0x000000000800231c                EXTI4_IRQHandler
                0x000000000800231c                RNG_IRQHandler
                0x000000000800231c                TIM1_TRG_COM_TIM17_IRQHandler
                0x000000000800231c                DMA1_Channel3_IRQHandler
                0x000000000800231c                COMP_IRQHandler
                0x000000000800231c                HASH_CRS_IRQHandler
                0x000000000800231c                WWDG_IRQHandler
                0x000000000800231c                I2C4_EV_IRQHandler
                0x000000000800231c                LPUART1_IRQHandler
                0x000000000800231c                DMA2_Channel6_IRQHandler
                0x000000000800231c                TIM2_IRQHandler
                0x000000000800231c                DMA2D_IRQHandler
                0x000000000800231c                EXTI1_IRQHandler
                0x000000000800231c                AES_IRQHandler
                0x000000000800231c                USART2_IRQHandler
                0x000000000800231c                DFSDM1_FLT0_IRQHandler
                0x000000000800231c                I2C2_ER_IRQHandler
                0x000000000800231c                DMA1_Channel2_IRQHandler
                0x000000000800231c                TIM8_BRK_IRQHandler
                0x000000000800231c                CAN1_SCE_IRQHandler
                0x000000000800231c                FLASH_IRQHandler
                0x000000000800231c                USART1_IRQHandler
                0x000000000800231c                OTG_FS_IRQHandler
                0x000000000800231c                SPI3_IRQHandler
                0x000000000800231c                I2C1_ER_IRQHandler
                0x000000000800231c                FMC_IRQHandler
                0x000000000800231c                LPTIM1_IRQHandler
                0x000000000800231c                I2C4_ER_IRQHandler
                0x000000000800231c                SAI1_IRQHandler
                0x000000000800231c                DMA2_Channel3_IRQHandler
                0x000000000800231c                TIM1_BRK_TIM15_IRQHandler
 *fill*         0x000000000800231e        0x2 
 .text.BSP_LED_Init
                0x0000000008002320       0x24 Drivers/BSP/B-L4S5I-IOT01A/b_l4s5i_iot01a.o
                0x0000000008002320                BSP_LED_Init
 .text.BSP_LED_On
                0x0000000008002344       0x2c Drivers/BSP/B-L4S5I-IOT01A/b_l4s5i_iot01a.o
                0x0000000008002344                BSP_LED_On
 .text.BSP_LED_Off
                0x0000000008002370       0x2c Drivers/BSP/B-L4S5I-IOT01A/b_l4s5i_iot01a.o
                0x0000000008002370                BSP_LED_Off
 .text.BSP_LED_Toggle
                0x000000000800239c       0x2c Drivers/BSP/B-L4S5I-IOT01A/b_l4s5i_iot01a.o
                0x000000000800239c                BSP_LED_Toggle
 .text.LED_USER_GPIO_Init
                0x00000000080023c8       0x80 Drivers/BSP/B-L4S5I-IOT01A/b_l4s5i_iot01a.o
 .text.BSP_PB_Init
                0x0000000008002448       0xa8 Drivers/BSP/B-L4S5I-IOT01A/b_l4s5i_iot01a.o
                0x0000000008002448                BSP_PB_Init
 .text.BSP_PB_GetState
                0x00000000080024f0       0x38 Drivers/BSP/B-L4S5I-IOT01A/b_l4s5i_iot01a.o
                0x00000000080024f0                BSP_PB_GetState
 .text.BUTTON_USER_EXTI_Callback
                0x0000000008002528        0xe Drivers/BSP/B-L4S5I-IOT01A/b_l4s5i_iot01a.o
 *fill*         0x0000000008002536        0x2 
 .text.BUTTON_USER_GPIO_Init
                0x0000000008002538       0x74 Drivers/BSP/B-L4S5I-IOT01A/b_l4s5i_iot01a.o
 .text.BSP_COM_Init
                0x00000000080025ac       0x7c Drivers/BSP/B-L4S5I-IOT01A/b_l4s5i_iot01a.o
                0x00000000080025ac                BSP_COM_Init
 .text.MX_USART1_UART_Init
                0x0000000008002628       0xa4 Drivers/BSP/B-L4S5I-IOT01A/b_l4s5i_iot01a.o
                0x0000000008002628                MX_USART1_UART_Init
 .text.__io_putchar
                0x00000000080026cc       0x38 Drivers/BSP/B-L4S5I-IOT01A/b_l4s5i_iot01a.o
                0x00000000080026cc                __io_putchar
 .text.USART1_MspInit
                0x0000000008002704       0x88 Drivers/BSP/B-L4S5I-IOT01A/b_l4s5i_iot01a.o
 .text.BSP_SPI3_Init
                0x000000000800278c       0x60 Drivers/BSP/B-L4S5I-IOT01A/b_l4s5i_iot01a_bus.o
                0x000000000800278c                BSP_SPI3_Init
 .text.BSP_SPI3_SendRecv
                0x00000000080027ec       0x40 Drivers/BSP/B-L4S5I-IOT01A/b_l4s5i_iot01a_bus.o
                0x00000000080027ec                BSP_SPI3_SendRecv
 .text.BSP_GetTick
                0x000000000800282c        0xe Drivers/BSP/B-L4S5I-IOT01A/b_l4s5i_iot01a_bus.o
                0x000000000800282c                BSP_GetTick
 *fill*         0x000000000800283a        0x2 
 .text.MX_SPI3_Init
                0x000000000800283c       0x84 Drivers/BSP/B-L4S5I-IOT01A/b_l4s5i_iot01a_bus.o
                0x000000000800283c                MX_SPI3_Init
 .text.SPI3_MspInit
                0x00000000080028c0       0xb0 Drivers/BSP/B-L4S5I-IOT01A/b_l4s5i_iot01a_bus.o
 .text.HAL_Init
                0x0000000008002970       0x30 Drivers/STM32L4xx_HAL_Driver/Src/stm32l4xx_hal.o
                0x0000000008002970                HAL_Init
 .text.HAL_InitTick
                0x00000000080029a0       0x78 Drivers/STM32L4xx_HAL_Driver/Src/stm32l4xx_hal.o
                0x00000000080029a0                HAL_InitTick
 .text.HAL_IncTick
                0x0000000008002a18       0x28 Drivers/STM32L4xx_HAL_Driver/Src/stm32l4xx_hal.o
                0x0000000008002a18                HAL_IncTick
 .text.HAL_GetTick
                0x0000000008002a40       0x18 Drivers/STM32L4xx_HAL_Driver/Src/stm32l4xx_hal.o
                0x0000000008002a40                HAL_GetTick
 .text.HAL_Delay
                0x0000000008002a58       0x48 Drivers/STM32L4xx_HAL_Driver/Src/stm32l4xx_hal.o
                0x0000000008002a58                HAL_Delay
 .text.LL_ADC_SetCommonClock
                0x0000000008002aa0       0x26 Drivers/STM32L4xx_HAL_Driver/Src/stm32l4xx_hal_adc.o
 .text.LL_ADC_SetCommonPathInternalCh
                0x0000000008002ac6       0x26 Drivers/STM32L4xx_HAL_Driver/Src/stm32l4xx_hal_adc.o
 .text.LL_ADC_GetCommonPathInternalCh
                0x0000000008002aec       0x1c Drivers/STM32L4xx_HAL_Driver/Src/stm32l4xx_hal_adc.o
 .text.LL_ADC_SetOffset
                0x0000000008002b08       0x48 Drivers/STM32L4xx_HAL_Driver/Src/stm32l4xx_hal_adc.o
 .text.LL_ADC_GetOffsetChannel
                0x0000000008002b50       0x2c Drivers/STM32L4xx_HAL_Driver/Src/stm32l4xx_hal_adc.o
 .text.LL_ADC_SetOffsetState
                0x0000000008002b7c       0x36 Drivers/STM32L4xx_HAL_Driver/Src/stm32l4xx_hal_adc.o
 .text.LL_ADC_SetSamplingTimeCommonConfig
                0x0000000008002bb2       0x26 Drivers/STM32L4xx_HAL_Driver/Src/stm32l4xx_hal_adc.o
 .text.LL_ADC_REG_SetSequencerRanks
                0x0000000008002bd8       0x58 Drivers/STM32L4xx_HAL_Driver/Src/stm32l4xx_hal_adc.o
 .text.LL_ADC_SetChannelSamplingTime
                0x0000000008002c30       0x56 Drivers/STM32L4xx_HAL_Driver/Src/stm32l4xx_hal_adc.o
 *fill*         0x0000000008002c86        0x2 
 .text.LL_ADC_SetChannelSingleDiff
                0x0000000008002c88       0x48 Drivers/STM32L4xx_HAL_Driver/Src/stm32l4xx_hal_adc.o
 .text.LL_ADC_DisableDeepPowerDown
                0x0000000008002cd0       0x24 Drivers/STM32L4xx_HAL_Driver/Src/stm32l4xx_hal_adc.o
 .text.LL_ADC_IsDeepPowerDownEnabled
                0x0000000008002cf4       0x28 Drivers/STM32L4xx_HAL_Driver/Src/stm32l4xx_hal_adc.o
 .text.LL_ADC_EnableInternalRegulator
                0x0000000008002d1c       0x28 Drivers/STM32L4xx_HAL_Driver/Src/stm32l4xx_hal_adc.o
 .text.LL_ADC_IsInternalRegulatorEnabled
                0x0000000008002d44       0x28 Drivers/STM32L4xx_HAL_Driver/Src/stm32l4xx_hal_adc.o
 .text.LL_ADC_IsEnabled
                0x0000000008002d6c       0x26 Drivers/STM32L4xx_HAL_Driver/Src/stm32l4xx_hal_adc.o
 .text.LL_ADC_REG_IsConversionOngoing
                0x0000000008002d92       0x26 Drivers/STM32L4xx_HAL_Driver/Src/stm32l4xx_hal_adc.o
 .text.LL_ADC_INJ_IsConversionOngoing
                0x0000000008002db8       0x26 Drivers/STM32L4xx_HAL_Driver/Src/stm32l4xx_hal_adc.o
 *fill*         0x0000000008002dde        0x2 
 .text.HAL_ADC_Init
                0x0000000008002de0      0x298 Drivers/STM32L4xx_HAL_Driver/Src/stm32l4xx_hal_adc.o
                0x0000000008002de0                HAL_ADC_Init
 .text.HAL_ADC_ConfigChannel
                0x0000000008003078      0x7f8 Drivers/STM32L4xx_HAL_Driver/Src/stm32l4xx_hal_adc.o
                0x0000000008003078                HAL_ADC_ConfigChannel
 .text.__NVIC_SetPriorityGrouping
                0x0000000008003870       0x48 Drivers/STM32L4xx_HAL_Driver/Src/stm32l4xx_hal_cortex.o
 .text.__NVIC_GetPriorityGrouping
                0x00000000080038b8       0x1c Drivers/STM32L4xx_HAL_Driver/Src/stm32l4xx_hal_cortex.o
 .text.__NVIC_EnableIRQ
                0x00000000080038d4       0x3c Drivers/STM32L4xx_HAL_Driver/Src/stm32l4xx_hal_cortex.o
 .text.__NVIC_SetPriority
                0x0000000008003910       0x54 Drivers/STM32L4xx_HAL_Driver/Src/stm32l4xx_hal_cortex.o
 .text.NVIC_EncodePriority
                0x0000000008003964       0x66 Drivers/STM32L4xx_HAL_Driver/Src/stm32l4xx_hal_cortex.o
 *fill*         0x00000000080039ca        0x2 
 .text.SysTick_Config
                0x00000000080039cc       0x44 Drivers/STM32L4xx_HAL_Driver/Src/stm32l4xx_hal_cortex.o
 .text.HAL_NVIC_SetPriorityGrouping
                0x0000000008003a10       0x16 Drivers/STM32L4xx_HAL_Driver/Src/stm32l4xx_hal_cortex.o
                0x0000000008003a10                HAL_NVIC_SetPriorityGrouping
 .text.HAL_NVIC_SetPriority
                0x0000000008003a26       0x38 Drivers/STM32L4xx_HAL_Driver/Src/stm32l4xx_hal_cortex.o
                0x0000000008003a26                HAL_NVIC_SetPriority
 .text.HAL_NVIC_EnableIRQ
                0x0000000008003a5e       0x1c Drivers/STM32L4xx_HAL_Driver/Src/stm32l4xx_hal_cortex.o
                0x0000000008003a5e                HAL_NVIC_EnableIRQ
 .text.HAL_SYSTICK_Config
                0x0000000008003a7a       0x18 Drivers/STM32L4xx_HAL_Driver/Src/stm32l4xx_hal_cortex.o
                0x0000000008003a7a                HAL_SYSTICK_Config
 *fill*         0x0000000008003a92        0x2 
 .text.HAL_DFSDM_ChannelInit
                0x0000000008003a94      0x180 Drivers/STM32L4xx_HAL_Driver/Src/stm32l4xx_hal_dfsdm.o
                0x0000000008003a94                HAL_DFSDM_ChannelInit
 .text.DFSDM_GetChannelFromInstance
                0x0000000008003c14       0x98 Drivers/STM32L4xx_HAL_Driver/Src/stm32l4xx_hal_dfsdm.o
 .text.HAL_EXTI_RegisterCallback
                0x0000000008003cac       0x34 Drivers/STM32L4xx_HAL_Driver/Src/stm32l4xx_hal_exti.o
                0x0000000008003cac                HAL_EXTI_RegisterCallback
 .text.HAL_EXTI_GetHandle
                0x0000000008003ce0       0x28 Drivers/STM32L4xx_HAL_Driver/Src/stm32l4xx_hal_exti.o
                0x0000000008003ce0                HAL_EXTI_GetHandle
 .text.HAL_EXTI_IRQHandler
                0x0000000008003d08       0x60 Drivers/STM32L4xx_HAL_Driver/Src/stm32l4xx_hal_exti.o
                0x0000000008003d08                HAL_EXTI_IRQHandler
 .text.HAL_GPIO_Init
                0x0000000008003d68      0x324 Drivers/STM32L4xx_HAL_Driver/Src/stm32l4xx_hal_gpio.o
                0x0000000008003d68                HAL_GPIO_Init
 .text.HAL_GPIO_DeInit
                0x000000000800408c      0x1e4 Drivers/STM32L4xx_HAL_Driver/Src/stm32l4xx_hal_gpio.o
                0x000000000800408c                HAL_GPIO_DeInit
 .text.HAL_GPIO_ReadPin
                0x0000000008004270       0x30 Drivers/STM32L4xx_HAL_Driver/Src/stm32l4xx_hal_gpio.o
                0x0000000008004270                HAL_GPIO_ReadPin
 .text.HAL_GPIO_WritePin
                0x00000000080042a0       0x30 Drivers/STM32L4xx_HAL_Driver/Src/stm32l4xx_hal_gpio.o
                0x00000000080042a0                HAL_GPIO_WritePin
 .text.HAL_GPIO_TogglePin
                0x00000000080042d0       0x34 Drivers/STM32L4xx_HAL_Driver/Src/stm32l4xx_hal_gpio.o
                0x00000000080042d0                HAL_GPIO_TogglePin
 .text.HAL_GPIO_EXTI_IRQHandler
                0x0000000008004304       0x30 Drivers/STM32L4xx_HAL_Driver/Src/stm32l4xx_hal_gpio.o
                0x0000000008004304                HAL_GPIO_EXTI_IRQHandler
 .text.HAL_GPIO_EXTI_Callback
                0x0000000008004334       0x16 Drivers/STM32L4xx_HAL_Driver/Src/stm32l4xx_hal_gpio.o
                0x0000000008004334                HAL_GPIO_EXTI_Callback
 .text.HAL_I2C_Init
                0x000000000800434a      0x11e Drivers/STM32L4xx_HAL_Driver/Src/stm32l4xx_hal_i2c.o
                0x000000000800434a                HAL_I2C_Init
 .text.HAL_I2CEx_ConfigAnalogFilter
                0x0000000008004468       0x96 Drivers/STM32L4xx_HAL_Driver/Src/stm32l4xx_hal_i2c_ex.o
                0x0000000008004468                HAL_I2CEx_ConfigAnalogFilter
 .text.HAL_I2CEx_ConfigDigitalFilter
                0x00000000080044fe       0x98 Drivers/STM32L4xx_HAL_Driver/Src/stm32l4xx_hal_i2c_ex.o
                0x00000000080044fe                HAL_I2CEx_ConfigDigitalFilter
 *fill*         0x0000000008004596        0x2 
 .text.HAL_OSPI_Init
                0x0000000008004598      0x154 Drivers/STM32L4xx_HAL_Driver/Src/stm32l4xx_hal_ospi.o
                0x0000000008004598                HAL_OSPI_Init
 .text.HAL_OSPI_SetTimeout
                0x00000000080046ec       0x1e Drivers/STM32L4xx_HAL_Driver/Src/stm32l4xx_hal_ospi.o
                0x00000000080046ec                HAL_OSPI_SetTimeout
 *fill*         0x000000000800470a        0x2 
 .text.HAL_OSPIM_Config
                0x000000000800470c      0x6a8 Drivers/STM32L4xx_HAL_Driver/Src/stm32l4xx_hal_ospi.o
                0x000000000800470c                HAL_OSPIM_Config
 .text.OSPI_WaitFlagStateUntilTimeout
                0x0000000008004db4       0x6e Drivers/STM32L4xx_HAL_Driver/Src/stm32l4xx_hal_ospi.o
 *fill*         0x0000000008004e22        0x2 
 .text.OSPIM_GetConfig
                0x0000000008004e24      0x160 Drivers/STM32L4xx_HAL_Driver/Src/stm32l4xx_hal_ospi.o
 .text.HAL_PWR_EnableBkUpAccess
                0x0000000008004f84       0x20 Drivers/STM32L4xx_HAL_Driver/Src/stm32l4xx_hal_pwr.o
                0x0000000008004f84                HAL_PWR_EnableBkUpAccess
 .text.HAL_PWREx_GetVoltageRange
                0x0000000008004fa4       0x40 Drivers/STM32L4xx_HAL_Driver/Src/stm32l4xx_hal_pwr_ex.o
                0x0000000008004fa4                HAL_PWREx_GetVoltageRange
 .text.HAL_PWREx_ControlVoltageScaling
                0x0000000008004fe4      0x148 Drivers/STM32L4xx_HAL_Driver/Src/stm32l4xx_hal_pwr_ex.o
                0x0000000008004fe4                HAL_PWREx_ControlVoltageScaling
 .text.HAL_RCC_OscConfig
                0x000000000800512c      0x84c Drivers/STM32L4xx_HAL_Driver/Src/stm32l4xx_hal_rcc.o
                0x000000000800512c                HAL_RCC_OscConfig
 .text.HAL_RCC_ClockConfig
                0x0000000008005978      0x258 Drivers/STM32L4xx_HAL_Driver/Src/stm32l4xx_hal_rcc.o
                0x0000000008005978                HAL_RCC_ClockConfig
 .text.HAL_RCC_GetSysClockFreq
                0x0000000008005bd0      0x118 Drivers/STM32L4xx_HAL_Driver/Src/stm32l4xx_hal_rcc.o
                0x0000000008005bd0                HAL_RCC_GetSysClockFreq
 .text.HAL_RCC_GetHCLKFreq
                0x0000000008005ce8       0x18 Drivers/STM32L4xx_HAL_Driver/Src/stm32l4xx_hal_rcc.o
                0x0000000008005ce8                HAL_RCC_GetHCLKFreq
 .text.HAL_RCC_GetPCLK1Freq
                0x0000000008005d00       0x2c Drivers/STM32L4xx_HAL_Driver/Src/stm32l4xx_hal_rcc.o
                0x0000000008005d00                HAL_RCC_GetPCLK1Freq
 .text.HAL_RCC_GetPCLK2Freq
                0x0000000008005d2c       0x2c Drivers/STM32L4xx_HAL_Driver/Src/stm32l4xx_hal_rcc.o
                0x0000000008005d2c                HAL_RCC_GetPCLK2Freq
 .text.RCC_SetFlashLatencyFromMSIRange
                0x0000000008005d58       0xb4 Drivers/STM32L4xx_HAL_Driver/Src/stm32l4xx_hal_rcc.o
 .text.RCC_GetSysClockFreqFromPLLSource
                0x0000000008005e0c       0xd0 Drivers/STM32L4xx_HAL_Driver/Src/stm32l4xx_hal_rcc.o
 .text.HAL_RCCEx_PeriphCLKConfig
                0x0000000008005edc      0x660 Drivers/STM32L4xx_HAL_Driver/Src/stm32l4xx_hal_rcc_ex.o
                0x0000000008005edc                HAL_RCCEx_PeriphCLKConfig
 .text.HAL_RCCEx_EnableMSIPLLMode
                0x000000000800653c       0x20 Drivers/STM32L4xx_HAL_Driver/Src/stm32l4xx_hal_rcc_ex.o
                0x000000000800653c                HAL_RCCEx_EnableMSIPLLMode
 .text.RCCEx_PLLSAI1_Config
                0x000000000800655c      0x1e8 Drivers/STM32L4xx_HAL_Driver/Src/stm32l4xx_hal_rcc_ex.o
 .text.RCCEx_PLLSAI2_Config
                0x0000000008006744      0x1e8 Drivers/STM32L4xx_HAL_Driver/Src/stm32l4xx_hal_rcc_ex.o
 .text.HAL_SPI_Init
                0x000000000800692c      0x146 Drivers/STM32L4xx_HAL_Driver/Src/stm32l4xx_hal_spi.o
                0x000000000800692c                HAL_SPI_Init
 .text.HAL_SPI_TransmitReceive
                0x0000000008006a72      0x426 Drivers/STM32L4xx_HAL_Driver/Src/stm32l4xx_hal_spi.o
                0x0000000008006a72                HAL_SPI_TransmitReceive
 .text.HAL_SPI_GetState
                0x0000000008006e98       0x1c Drivers/STM32L4xx_HAL_Driver/Src/stm32l4xx_hal_spi.o
                0x0000000008006e98                HAL_SPI_GetState
 .text.SPI_WaitFlagStateUntilTimeout
                0x0000000008006eb4      0x110 Drivers/STM32L4xx_HAL_Driver/Src/stm32l4xx_hal_spi.o
 .text.SPI_WaitFifoStateUntilTimeout
                0x0000000008006fc4      0x124 Drivers/STM32L4xx_HAL_Driver/Src/stm32l4xx_hal_spi.o
 .text.SPI_EndRxTxTransaction
                0x00000000080070e8       0x8c Drivers/STM32L4xx_HAL_Driver/Src/stm32l4xx_hal_spi.o
 .text.HAL_UART_Init
                0x0000000008007174       0xa0 Drivers/STM32L4xx_HAL_Driver/Src/stm32l4xx_hal_uart.o
                0x0000000008007174                HAL_UART_Init
 .text.HAL_UART_Transmit
                0x0000000008007214      0x12e Drivers/STM32L4xx_HAL_Driver/Src/stm32l4xx_hal_uart.o
                0x0000000008007214                HAL_UART_Transmit
 *fill*         0x0000000008007342        0x2 
 .text.UART_SetConfig
                0x0000000008007344      0x594 Drivers/STM32L4xx_HAL_Driver/Src/stm32l4xx_hal_uart.o
                0x0000000008007344                UART_SetConfig
 .text.UART_AdvFeatureConfig
                0x00000000080078d8      0x144 Drivers/STM32L4xx_HAL_Driver/Src/stm32l4xx_hal_uart.o
                0x00000000080078d8                UART_AdvFeatureConfig
 .text.UART_CheckIdleState
                0x0000000008007a1c       0x96 Drivers/STM32L4xx_HAL_Driver/Src/stm32l4xx_hal_uart.o
                0x0000000008007a1c                UART_CheckIdleState
 .text.UART_WaitOnFlagUntilTimeout
                0x0000000008007ab2      0x100 Drivers/STM32L4xx_HAL_Driver/Src/stm32l4xx_hal_uart.o
                0x0000000008007ab2                UART_WaitOnFlagUntilTimeout
 .text.HAL_UARTEx_DisableFifoMode
                0x0000000008007bb2       0x72 Drivers/STM32L4xx_HAL_Driver/Src/stm32l4xx_hal_uart_ex.o
                0x0000000008007bb2                HAL_UARTEx_DisableFifoMode
 .text.HAL_UARTEx_SetTxFifoThreshold
                0x0000000008007c24       0x7c Drivers/STM32L4xx_HAL_Driver/Src/stm32l4xx_hal_uart_ex.o
                0x0000000008007c24                HAL_UARTEx_SetTxFifoThreshold
 .text.HAL_UARTEx_SetRxFifoThreshold
                0x0000000008007ca0       0x7c Drivers/STM32L4xx_HAL_Driver/Src/stm32l4xx_hal_uart_ex.o
                0x0000000008007ca0                HAL_UARTEx_SetRxFifoThreshold
 .text.UARTEx_SetNbDataToProcess
                0x0000000008007d1c       0x9c Drivers/STM32L4xx_HAL_Driver/Src/stm32l4xx_hal_uart_ex.o
 .text.aci_gap_init_IDB05A1
                0x0000000008007db8       0xa0 Middlewares/ST/BlueNRG-MS/hci/controller/bluenrg_gap_aci.o
                0x0000000008007db8                aci_gap_init_IDB05A1
 .text.aci_gap_init_IDB04A1
                0x0000000008007e58       0x94 Middlewares/ST/BlueNRG-MS/hci/controller/bluenrg_gap_aci.o
                0x0000000008007e58                aci_gap_init_IDB04A1
 .text.aci_gap_set_discoverable
                0x0000000008007eec      0x1de Middlewares/ST/BlueNRG-MS/hci/controller/bluenrg_gap_aci.o
                0x0000000008007eec                aci_gap_set_discoverable
 .text.aci_gap_set_auth_requirement
                0x00000000080080ca       0xae Middlewares/ST/BlueNRG-MS/hci/controller/bluenrg_gap_aci.o
                0x00000000080080ca                aci_gap_set_auth_requirement
 .text.aci_gap_create_connection
                0x0000000008008178       0xa8 Middlewares/ST/BlueNRG-MS/hci/controller/bluenrg_gap_aci.o
                0x0000000008008178                aci_gap_create_connection
 .text.aci_gap_start_observation_procedure
                0x0000000008008220       0x82 Middlewares/ST/BlueNRG-MS/hci/controller/bluenrg_gap_aci.o
                0x0000000008008220                aci_gap_start_observation_procedure
 .text.aci_gatt_init
                0x00000000080082a2       0x46 Middlewares/ST/BlueNRG-MS/hci/controller/bluenrg_gatt_aci.o
                0x00000000080082a2                aci_gatt_init
 .text.aci_gatt_add_serv
                0x00000000080082e8      0x118 Middlewares/ST/BlueNRG-MS/hci/controller/bluenrg_gatt_aci.o
                0x00000000080082e8                aci_gatt_add_serv
 .text.aci_gatt_add_char
                0x0000000008008400      0x1a4 Middlewares/ST/BlueNRG-MS/hci/controller/bluenrg_gatt_aci.o
                0x0000000008008400                aci_gatt_add_char
 .text.aci_gatt_update_char_value
                0x00000000080085a4      0x124 Middlewares/ST/BlueNRG-MS/hci/controller/bluenrg_gatt_aci.o
                0x00000000080085a4                aci_gatt_update_char_value
 .text.aci_gatt_disc_charac_by_uuid
                0x00000000080086c8      0x11e Middlewares/ST/BlueNRG-MS/hci/controller/bluenrg_gatt_aci.o
                0x00000000080086c8                aci_gatt_disc_charac_by_uuid
 .text.aci_gatt_write_charac_descriptor
                0x00000000080087e6       0xf8 Middlewares/ST/BlueNRG-MS/hci/controller/bluenrg_gatt_aci.o
                0x00000000080087e6                aci_gatt_write_charac_descriptor
 .text.aci_gatt_write_without_response
                0x00000000080088de       0x8a Middlewares/ST/BlueNRG-MS/hci/controller/bluenrg_gatt_aci.o
                0x00000000080088de                aci_gatt_write_without_response
 .text.aci_hal_write_config_data
                0x0000000008008968       0xce Middlewares/ST/BlueNRG-MS/hci/controller/bluenrg_hal_aci.o
                0x0000000008008968                aci_hal_write_config_data
 .text.aci_hal_set_tx_power_level
                0x0000000008008a36       0x62 Middlewares/ST/BlueNRG-MS/hci/controller/bluenrg_hal_aci.o
                0x0000000008008a36                aci_hal_set_tx_power_level
 .text.getBlueNRGVersion
                0x0000000008008a98       0x88 Middlewares/ST/BlueNRG-MS/hci/controller/bluenrg_utils_small.o
                0x0000000008008a98                getBlueNRGVersion
 .text.hci_reset
                0x0000000008008b20       0x44 Middlewares/ST/BlueNRG-MS/hci/hci_le.o
                0x0000000008008b20                hci_reset
 .text.hci_le_read_local_version
                0x0000000008008b64       0x94 Middlewares/ST/BlueNRG-MS/hci/hci_le.o
                0x0000000008008b64                hci_le_read_local_version
 .text.hci_le_set_scan_resp_data
                0x0000000008008bf8       0x82 Middlewares/ST/BlueNRG-MS/hci/hci_le.o
                0x0000000008008bf8                hci_le_set_scan_resp_data
 .text.verify_packet
                0x0000000008008c7a       0x40 Middlewares/ST/BlueNRG-MS/hci/hci_tl_patterns/Basic/hci_tl.o
 *fill*         0x0000000008008cba        0x2 
 .text.send_cmd
                0x0000000008008cbc       0x80 Middlewares/ST/BlueNRG-MS/hci/hci_tl_patterns/Basic/hci_tl.o
 .text.move_list
                0x0000000008008d3c       0x38 Middlewares/ST/BlueNRG-MS/hci/hci_tl_patterns/Basic/hci_tl.o
 .text.free_event_list
                0x0000000008008d74       0x3c Middlewares/ST/BlueNRG-MS/hci/hci_tl_patterns/Basic/hci_tl.o
 .text.hci_init
                0x0000000008008db0       0x84 Middlewares/ST/BlueNRG-MS/hci/hci_tl_patterns/Basic/hci_tl.o
                0x0000000008008db0                hci_init
 .text.hci_register_io_bus
                0x0000000008008e34       0x40 Middlewares/ST/BlueNRG-MS/hci/hci_tl_patterns/Basic/hci_tl.o
                0x0000000008008e34                hci_register_io_bus
 .text.hci_send_req
                0x0000000008008e74      0x234 Middlewares/ST/BlueNRG-MS/hci/hci_tl_patterns/Basic/hci_tl.o
                0x0000000008008e74                hci_send_req
 .text.hci_user_evt_proc
                0x00000000080090a8       0x58 Middlewares/ST/BlueNRG-MS/hci/hci_tl_patterns/Basic/hci_tl.o
                0x00000000080090a8                hci_user_evt_proc
 .text.hci_notify_asynch_evt
                0x0000000008009100       0x9c Middlewares/ST/BlueNRG-MS/hci/hci_tl_patterns/Basic/hci_tl.o
                0x0000000008009100                hci_notify_asynch_evt
 .text.list_init_head
                0x000000000800919c       0x20 Middlewares/ST/BlueNRG-MS/utils/ble_list.o
                0x000000000800919c                list_init_head
 .text.list_is_empty
                0x00000000080091bc       0x44 Middlewares/ST/BlueNRG-MS/utils/ble_list.o
                0x00000000080091bc                list_is_empty
 .text.list_insert_head
                0x0000000008009200       0x4c Middlewares/ST/BlueNRG-MS/utils/ble_list.o
                0x0000000008009200                list_insert_head
 .text.list_insert_tail
                0x000000000800924c       0x4c Middlewares/ST/BlueNRG-MS/utils/ble_list.o
                0x000000000800924c                list_insert_tail
 .text.list_remove_node
                0x0000000008009298       0x42 Middlewares/ST/BlueNRG-MS/utils/ble_list.o
                0x0000000008009298                list_remove_node
 .text.list_remove_head
                0x00000000080092da       0x4e Middlewares/ST/BlueNRG-MS/utils/ble_list.o
                0x00000000080092da                list_remove_head
 .text.list_remove_tail
                0x0000000008009328       0x4e Middlewares/ST/BlueNRG-MS/utils/ble_list.o
                0x0000000008009328                list_remove_tail
 .text.list_get_size
                0x0000000008009376       0x50 Middlewares/ST/BlueNRG-MS/utils/ble_list.o
                0x0000000008009376                list_get_size
 *fill*         0x00000000080093c6        0x2 
 .text.__errno  0x00000000080093c8        0xc c:/st/stm32cubeide_1.6.0/stm32cubeide/plugins/com.st.stm32cube.ide.mcu.externaltools.gnu-tools-for-stm32.9-2020-q2-update.win32_1.5.0.202011040924/tools/bin/../lib/gcc/arm-none-eabi/9.3.1/../../../../arm-none-eabi/lib/thumb/v7e-m+fp/hard\libc_nano.a(lib_a-errno.o)
                0x00000000080093c8                __errno
 .text.__sflush_r
                0x00000000080093d4      0x10c c:/st/stm32cubeide_1.6.0/stm32cubeide/plugins/com.st.stm32cube.ide.mcu.externaltools.gnu-tools-for-stm32.9-2020-q2-update.win32_1.5.0.202011040924/tools/bin/../lib/gcc/arm-none-eabi/9.3.1/../../../../arm-none-eabi/lib/thumb/v7e-m+fp/hard\libc_nano.a(lib_a-fflush.o)
                0x00000000080093d4                __sflush_r
 .text._fflush_r
                0x00000000080094e0       0x78 c:/st/stm32cubeide_1.6.0/stm32cubeide/plugins/com.st.stm32cube.ide.mcu.externaltools.gnu-tools-for-stm32.9-2020-q2-update.win32_1.5.0.202011040924/tools/bin/../lib/gcc/arm-none-eabi/9.3.1/../../../../arm-none-eabi/lib/thumb/v7e-m+fp/hard\libc_nano.a(lib_a-fflush.o)
                0x00000000080094e0                _fflush_r
 .text.fflush   0x0000000008009558       0x24 c:/st/stm32cubeide_1.6.0/stm32cubeide/plugins/com.st.stm32cube.ide.mcu.externaltools.gnu-tools-for-stm32.9-2020-q2-update.win32_1.5.0.202011040924/tools/bin/../lib/gcc/arm-none-eabi/9.3.1/../../../../arm-none-eabi/lib/thumb/v7e-m+fp/hard\libc_nano.a(lib_a-fflush.o)
                0x0000000008009558                fflush
 .text.std      0x000000000800957c       0x48 c:/st/stm32cubeide_1.6.0/stm32cubeide/plugins/com.st.stm32cube.ide.mcu.externaltools.gnu-tools-for-stm32.9-2020-q2-update.win32_1.5.0.202011040924/tools/bin/../lib/gcc/arm-none-eabi/9.3.1/../../../../arm-none-eabi/lib/thumb/v7e-m+fp/hard\libc_nano.a(lib_a-findfp.o)
 .text._cleanup_r
                0x00000000080095c4        0xc c:/st/stm32cubeide_1.6.0/stm32cubeide/plugins/com.st.stm32cube.ide.mcu.externaltools.gnu-tools-for-stm32.9-2020-q2-update.win32_1.5.0.202011040924/tools/bin/../lib/gcc/arm-none-eabi/9.3.1/../../../../arm-none-eabi/lib/thumb/v7e-m+fp/hard\libc_nano.a(lib_a-findfp.o)
                0x00000000080095c4                _cleanup_r
 .text.__sfmoreglue
                0x00000000080095d0       0x2c c:/st/stm32cubeide_1.6.0/stm32cubeide/plugins/com.st.stm32cube.ide.mcu.externaltools.gnu-tools-for-stm32.9-2020-q2-update.win32_1.5.0.202011040924/tools/bin/../lib/gcc/arm-none-eabi/9.3.1/../../../../arm-none-eabi/lib/thumb/v7e-m+fp/hard\libc_nano.a(lib_a-findfp.o)
                0x00000000080095d0                __sfmoreglue
 .text.__sfp_lock_acquire
                0x00000000080095fc        0xc c:/st/stm32cubeide_1.6.0/stm32cubeide/plugins/com.st.stm32cube.ide.mcu.externaltools.gnu-tools-for-stm32.9-2020-q2-update.win32_1.5.0.202011040924/tools/bin/../lib/gcc/arm-none-eabi/9.3.1/../../../../arm-none-eabi/lib/thumb/v7e-m+fp/hard\libc_nano.a(lib_a-findfp.o)
                0x00000000080095fc                __sfp_lock_acquire
 .text.__sfp_lock_release
                0x0000000008009608        0xc c:/st/stm32cubeide_1.6.0/stm32cubeide/plugins/com.st.stm32cube.ide.mcu.externaltools.gnu-tools-for-stm32.9-2020-q2-update.win32_1.5.0.202011040924/tools/bin/../lib/gcc/arm-none-eabi/9.3.1/../../../../arm-none-eabi/lib/thumb/v7e-m+fp/hard\libc_nano.a(lib_a-findfp.o)
                0x0000000008009608                __sfp_lock_release
 .text.__sinit_lock_acquire
                0x0000000008009614        0xc c:/st/stm32cubeide_1.6.0/stm32cubeide/plugins/com.st.stm32cube.ide.mcu.externaltools.gnu-tools-for-stm32.9-2020-q2-update.win32_1.5.0.202011040924/tools/bin/../lib/gcc/arm-none-eabi/9.3.1/../../../../arm-none-eabi/lib/thumb/v7e-m+fp/hard\libc_nano.a(lib_a-findfp.o)
                0x0000000008009614                __sinit_lock_acquire
 .text.__sinit_lock_release
                0x0000000008009620        0xc c:/st/stm32cubeide_1.6.0/stm32cubeide/plugins/com.st.stm32cube.ide.mcu.externaltools.gnu-tools-for-stm32.9-2020-q2-update.win32_1.5.0.202011040924/tools/bin/../lib/gcc/arm-none-eabi/9.3.1/../../../../arm-none-eabi/lib/thumb/v7e-m+fp/hard\libc_nano.a(lib_a-findfp.o)
                0x0000000008009620                __sinit_lock_release
 .text.__sinit  0x000000000800962c       0x70 c:/st/stm32cubeide_1.6.0/stm32cubeide/plugins/com.st.stm32cube.ide.mcu.externaltools.gnu-tools-for-stm32.9-2020-q2-update.win32_1.5.0.202011040924/tools/bin/../lib/gcc/arm-none-eabi/9.3.1/../../../../arm-none-eabi/lib/thumb/v7e-m+fp/hard\libc_nano.a(lib_a-findfp.o)
                0x000000000800962c                __sinit
 .text.__sfp    0x000000000800969c       0x8c c:/st/stm32cubeide_1.6.0/stm32cubeide/plugins/com.st.stm32cube.ide.mcu.externaltools.gnu-tools-for-stm32.9-2020-q2-update.win32_1.5.0.202011040924/tools/bin/../lib/gcc/arm-none-eabi/9.3.1/../../../../arm-none-eabi/lib/thumb/v7e-m+fp/hard\libc_nano.a(lib_a-findfp.o)
                0x000000000800969c                __sfp
 .text._fwalk_reent
                0x0000000008009728       0x3e c:/st/stm32cubeide_1.6.0/stm32cubeide/plugins/com.st.stm32cube.ide.mcu.externaltools.gnu-tools-for-stm32.9-2020-q2-update.win32_1.5.0.202011040924/tools/bin/../lib/gcc/arm-none-eabi/9.3.1/../../../../arm-none-eabi/lib/thumb/v7e-m+fp/hard\libc_nano.a(lib_a-fwalk.o)
                0x0000000008009728                _fwalk_reent
 *fill*         0x0000000008009766        0x2 
 .text.__libc_init_array
                0x0000000008009768       0x48 c:/st/stm32cubeide_1.6.0/stm32cubeide/plugins/com.st.stm32cube.ide.mcu.externaltools.gnu-tools-for-stm32.9-2020-q2-update.win32_1.5.0.202011040924/tools/bin/../lib/gcc/arm-none-eabi/9.3.1/../../../../arm-none-eabi/lib/thumb/v7e-m+fp/hard\libc_nano.a(lib_a-init.o)
                0x0000000008009768                __libc_init_array
 .text.__retarget_lock_init_recursive
                0x00000000080097b0        0x2 c:/st/stm32cubeide_1.6.0/stm32cubeide/plugins/com.st.stm32cube.ide.mcu.externaltools.gnu-tools-for-stm32.9-2020-q2-update.win32_1.5.0.202011040924/tools/bin/../lib/gcc/arm-none-eabi/9.3.1/../../../../arm-none-eabi/lib/thumb/v7e-m+fp/hard\libc_nano.a(lib_a-lock.o)
                0x00000000080097b0                __retarget_lock_init_recursive
 .text.__retarget_lock_acquire_recursive
                0x00000000080097b2        0x2 c:/st/stm32cubeide_1.6.0/stm32cubeide/plugins/com.st.stm32cube.ide.mcu.externaltools.gnu-tools-for-stm32.9-2020-q2-update.win32_1.5.0.202011040924/tools/bin/../lib/gcc/arm-none-eabi/9.3.1/../../../../arm-none-eabi/lib/thumb/v7e-m+fp/hard\libc_nano.a(lib_a-lock.o)
                0x00000000080097b2                __retarget_lock_acquire_recursive
 .text.__retarget_lock_release_recursive
                0x00000000080097b4        0x2 c:/st/stm32cubeide_1.6.0/stm32cubeide/plugins/com.st.stm32cube.ide.mcu.externaltools.gnu-tools-for-stm32.9-2020-q2-update.win32_1.5.0.202011040924/tools/bin/../lib/gcc/arm-none-eabi/9.3.1/../../../../arm-none-eabi/lib/thumb/v7e-m+fp/hard\libc_nano.a(lib_a-lock.o)
                0x00000000080097b4                __retarget_lock_release_recursive
 .text.memcpy   0x00000000080097b6       0x1c c:/st/stm32cubeide_1.6.0/stm32cubeide/plugins/com.st.stm32cube.ide.mcu.externaltools.gnu-tools-for-stm32.9-2020-q2-update.win32_1.5.0.202011040924/tools/bin/../lib/gcc/arm-none-eabi/9.3.1/../../../../arm-none-eabi/lib/thumb/v7e-m+fp/hard\libc_nano.a(lib_a-memcpy-stub.o)
                0x00000000080097b6                memcpy
 .text.memset   0x00000000080097d2       0x10 c:/st/stm32cubeide_1.6.0/stm32cubeide/plugins/com.st.stm32cube.ide.mcu.externaltools.gnu-tools-for-stm32.9-2020-q2-update.win32_1.5.0.202011040924/tools/bin/../lib/gcc/arm-none-eabi/9.3.1/../../../../arm-none-eabi/lib/thumb/v7e-m+fp/hard\libc_nano.a(lib_a-memset.o)
                0x00000000080097d2                memset
 *fill*         0x00000000080097e2        0x2 
 .text._free_r  0x00000000080097e4       0xa0 c:/st/stm32cubeide_1.6.0/stm32cubeide/plugins/com.st.stm32cube.ide.mcu.externaltools.gnu-tools-for-stm32.9-2020-q2-update.win32_1.5.0.202011040924/tools/bin/../lib/gcc/arm-none-eabi/9.3.1/../../../../arm-none-eabi/lib/thumb/v7e-m+fp/hard\libc_nano.a(lib_a-nano-freer.o)
                0x00000000080097e4                _free_r
 .text._malloc_r
                0x0000000008009884       0xb4 c:/st/stm32cubeide_1.6.0/stm32cubeide/plugins/com.st.stm32cube.ide.mcu.externaltools.gnu-tools-for-stm32.9-2020-q2-update.win32_1.5.0.202011040924/tools/bin/../lib/gcc/arm-none-eabi/9.3.1/../../../../arm-none-eabi/lib/thumb/v7e-m+fp/hard\libc_nano.a(lib_a-nano-mallocr.o)
                0x0000000008009884                _malloc_r
 .text.printf   0x0000000008009938       0x30 c:/st/stm32cubeide_1.6.0/stm32cubeide/plugins/com.st.stm32cube.ide.mcu.externaltools.gnu-tools-for-stm32.9-2020-q2-update.win32_1.5.0.202011040924/tools/bin/../lib/gcc/arm-none-eabi/9.3.1/../../../../arm-none-eabi/lib/thumb/v7e-m+fp/hard\libc_nano.a(lib_a-printf.o)
                0x0000000008009938                iprintf
                0x0000000008009938                printf
 .text.putchar  0x0000000008009968       0x2c c:/st/stm32cubeide_1.6.0/stm32cubeide/plugins/com.st.stm32cube.ide.mcu.externaltools.gnu-tools-for-stm32.9-2020-q2-update.win32_1.5.0.202011040924/tools/bin/../lib/gcc/arm-none-eabi/9.3.1/../../../../arm-none-eabi/lib/thumb/v7e-m+fp/hard\libc_nano.a(lib_a-putchar.o)
                0x0000000008009968                putchar
 .text._puts_r  0x0000000008009994       0xdc c:/st/stm32cubeide_1.6.0/stm32cubeide/plugins/com.st.stm32cube.ide.mcu.externaltools.gnu-tools-for-stm32.9-2020-q2-update.win32_1.5.0.202011040924/tools/bin/../lib/gcc/arm-none-eabi/9.3.1/../../../../arm-none-eabi/lib/thumb/v7e-m+fp/hard\libc_nano.a(lib_a-puts.o)
                0x0000000008009994                _puts_r
 .text.puts     0x0000000008009a70       0x10 c:/st/stm32cubeide_1.6.0/stm32cubeide/plugins/com.st.stm32cube.ide.mcu.externaltools.gnu-tools-for-stm32.9-2020-q2-update.win32_1.5.0.202011040924/tools/bin/../lib/gcc/arm-none-eabi/9.3.1/../../../../arm-none-eabi/lib/thumb/v7e-m+fp/hard\libc_nano.a(lib_a-puts.o)
                0x0000000008009a70                puts
 .text._sbrk_r  0x0000000008009a80       0x20 c:/st/stm32cubeide_1.6.0/stm32cubeide/plugins/com.st.stm32cube.ide.mcu.externaltools.gnu-tools-for-stm32.9-2020-q2-update.win32_1.5.0.202011040924/tools/bin/../lib/gcc/arm-none-eabi/9.3.1/../../../../arm-none-eabi/lib/thumb/v7e-m+fp/hard\libc_nano.a(lib_a-sbrkr.o)
                0x0000000008009a80                _sbrk_r
 .text.__sread  0x0000000008009aa0       0x22 c:/st/stm32cubeide_1.6.0/stm32cubeide/plugins/com.st.stm32cube.ide.mcu.externaltools.gnu-tools-for-stm32.9-2020-q2-update.win32_1.5.0.202011040924/tools/bin/../lib/gcc/arm-none-eabi/9.3.1/../../../../arm-none-eabi/lib/thumb/v7e-m+fp/hard\libc_nano.a(lib_a-stdio.o)
                0x0000000008009aa0                __sread
 .text.__swrite
                0x0000000008009ac2       0x38 c:/st/stm32cubeide_1.6.0/stm32cubeide/plugins/com.st.stm32cube.ide.mcu.externaltools.gnu-tools-for-stm32.9-2020-q2-update.win32_1.5.0.202011040924/tools/bin/../lib/gcc/arm-none-eabi/9.3.1/../../../../arm-none-eabi/lib/thumb/v7e-m+fp/hard\libc_nano.a(lib_a-stdio.o)
                0x0000000008009ac2                __swrite
 .text.__sseek  0x0000000008009afa       0x24 c:/st/stm32cubeide_1.6.0/stm32cubeide/plugins/com.st.stm32cube.ide.mcu.externaltools.gnu-tools-for-stm32.9-2020-q2-update.win32_1.5.0.202011040924/tools/bin/../lib/gcc/arm-none-eabi/9.3.1/../../../../arm-none-eabi/lib/thumb/v7e-m+fp/hard\libc_nano.a(lib_a-stdio.o)
                0x0000000008009afa                __sseek
 .text.__sclose
                0x0000000008009b1e        0x8 c:/st/stm32cubeide_1.6.0/stm32cubeide/plugins/com.st.stm32cube.ide.mcu.externaltools.gnu-tools-for-stm32.9-2020-q2-update.win32_1.5.0.202011040924/tools/bin/../lib/gcc/arm-none-eabi/9.3.1/../../../../arm-none-eabi/lib/thumb/v7e-m+fp/hard\libc_nano.a(lib_a-stdio.o)
                0x0000000008009b1e                __sclose
 *fill*         0x0000000008009b26        0x2 
 .text.__swbuf_r
                0x0000000008009b28       0xa4 c:/st/stm32cubeide_1.6.0/stm32cubeide/plugins/com.st.stm32cube.ide.mcu.externaltools.gnu-tools-for-stm32.9-2020-q2-update.win32_1.5.0.202011040924/tools/bin/../lib/gcc/arm-none-eabi/9.3.1/../../../../arm-none-eabi/lib/thumb/v7e-m+fp/hard\libc_nano.a(lib_a-wbuf.o)
                0x0000000008009b28                __swbuf_r
 .text._write_r
                0x0000000008009bcc       0x24 c:/st/stm32cubeide_1.6.0/stm32cubeide/plugins/com.st.stm32cube.ide.mcu.externaltools.gnu-tools-for-stm32.9-2020-q2-update.win32_1.5.0.202011040924/tools/bin/../lib/gcc/arm-none-eabi/9.3.1/../../../../arm-none-eabi/lib/thumb/v7e-m+fp/hard\libc_nano.a(lib_a-writer.o)
                0x0000000008009bcc                _write_r
 .text.__swsetup_r
                0x0000000008009bf0       0xdc c:/st/stm32cubeide_1.6.0/stm32cubeide/plugins/com.st.stm32cube.ide.mcu.externaltools.gnu-tools-for-stm32.9-2020-q2-update.win32_1.5.0.202011040924/tools/bin/../lib/gcc/arm-none-eabi/9.3.1/../../../../arm-none-eabi/lib/thumb/v7e-m+fp/hard\libc_nano.a(lib_a-wsetup.o)
                0x0000000008009bf0                __swsetup_r
 .text._close_r
                0x0000000008009ccc       0x20 c:/st/stm32cubeide_1.6.0/stm32cubeide/plugins/com.st.stm32cube.ide.mcu.externaltools.gnu-tools-for-stm32.9-2020-q2-update.win32_1.5.0.202011040924/tools/bin/../lib/gcc/arm-none-eabi/9.3.1/../../../../arm-none-eabi/lib/thumb/v7e-m+fp/hard\libc_nano.a(lib_a-closer.o)
                0x0000000008009ccc                _close_r
 .text._lseek_r
                0x0000000008009cec       0x24 c:/st/stm32cubeide_1.6.0/stm32cubeide/plugins/com.st.stm32cube.ide.mcu.externaltools.gnu-tools-for-stm32.9-2020-q2-update.win32_1.5.0.202011040924/tools/bin/../lib/gcc/arm-none-eabi/9.3.1/../../../../arm-none-eabi/lib/thumb/v7e-m+fp/hard\libc_nano.a(lib_a-lseekr.o)
                0x0000000008009cec                _lseek_r
 .text.__swhatbuf_r
                0x0000000008009d10       0x48 c:/st/stm32cubeide_1.6.0/stm32cubeide/plugins/com.st.stm32cube.ide.mcu.externaltools.gnu-tools-for-stm32.9-2020-q2-update.win32_1.5.0.202011040924/tools/bin/../lib/gcc/arm-none-eabi/9.3.1/../../../../arm-none-eabi/lib/thumb/v7e-m+fp/hard\libc_nano.a(lib_a-makebuf.o)
                0x0000000008009d10                __swhatbuf_r
 .text.__smakebuf_r
                0x0000000008009d58       0x80 c:/st/stm32cubeide_1.6.0/stm32cubeide/plugins/com.st.stm32cube.ide.mcu.externaltools.gnu-tools-for-stm32.9-2020-q2-update.win32_1.5.0.202011040924/tools/bin/../lib/gcc/arm-none-eabi/9.3.1/../../../../arm-none-eabi/lib/thumb/v7e-m+fp/hard\libc_nano.a(lib_a-makebuf.o)
                0x0000000008009d58                __smakebuf_r
 .text.__malloc_lock
                0x0000000008009dd8        0xc c:/st/stm32cubeide_1.6.0/stm32cubeide/plugins/com.st.stm32cube.ide.mcu.externaltools.gnu-tools-for-stm32.9-2020-q2-update.win32_1.5.0.202011040924/tools/bin/../lib/gcc/arm-none-eabi/9.3.1/../../../../arm-none-eabi/lib/thumb/v7e-m+fp/hard\libc_nano.a(lib_a-mlock.o)
                0x0000000008009dd8                __malloc_lock
 .text.__malloc_unlock
                0x0000000008009de4        0xc c:/st/stm32cubeide_1.6.0/stm32cubeide/plugins/com.st.stm32cube.ide.mcu.externaltools.gnu-tools-for-stm32.9-2020-q2-update.win32_1.5.0.202011040924/tools/bin/../lib/gcc/arm-none-eabi/9.3.1/../../../../arm-none-eabi/lib/thumb/v7e-m+fp/hard\libc_nano.a(lib_a-mlock.o)
                0x0000000008009de4                __malloc_unlock
 .text.__sfputc_r
                0x0000000008009df0       0x2e c:/st/stm32cubeide_1.6.0/stm32cubeide/plugins/com.st.stm32cube.ide.mcu.externaltools.gnu-tools-for-stm32.9-2020-q2-update.win32_1.5.0.202011040924/tools/bin/../lib/gcc/arm-none-eabi/9.3.1/../../../../arm-none-eabi/lib/thumb/v7e-m+fp/hard\libc_nano.a(lib_a-nano-vfprintf.o)
 .text.__sfputs_r
                0x0000000008009e1e       0x24 c:/st/stm32cubeide_1.6.0/stm32cubeide/plugins/com.st.stm32cube.ide.mcu.externaltools.gnu-tools-for-stm32.9-2020-q2-update.win32_1.5.0.202011040924/tools/bin/../lib/gcc/arm-none-eabi/9.3.1/../../../../arm-none-eabi/lib/thumb/v7e-m+fp/hard\libc_nano.a(lib_a-nano-vfprintf.o)
                0x0000000008009e1e                __sfputs_r
 *fill*         0x0000000008009e42        0x2 
 .text._vfprintf_r
                0x0000000008009e44      0x260 c:/st/stm32cubeide_1.6.0/stm32cubeide/plugins/com.st.stm32cube.ide.mcu.externaltools.gnu-tools-for-stm32.9-2020-q2-update.win32_1.5.0.202011040924/tools/bin/../lib/gcc/arm-none-eabi/9.3.1/../../../../arm-none-eabi/lib/thumb/v7e-m+fp/hard\libc_nano.a(lib_a-nano-vfprintf.o)
                0x0000000008009e44                _vfprintf_r
                0x0000000008009e44                _vfiprintf_r
 .text._printf_common
                0x000000000800a0a4       0xda c:/st/stm32cubeide_1.6.0/stm32cubeide/plugins/com.st.stm32cube.ide.mcu.externaltools.gnu-tools-for-stm32.9-2020-q2-update.win32_1.5.0.202011040924/tools/bin/../lib/gcc/arm-none-eabi/9.3.1/../../../../arm-none-eabi/lib/thumb/v7e-m+fp/hard\libc_nano.a(lib_a-nano-vfprintf_i.o)
                0x000000000800a0a4                _printf_common
 *fill*         0x000000000800a17e        0x2 
 .text._printf_i
                0x000000000800a180      0x24c c:/st/stm32cubeide_1.6.0/stm32cubeide/plugins/com.st.stm32cube.ide.mcu.externaltools.gnu-tools-for-stm32.9-2020-q2-update.win32_1.5.0.202011040924/tools/bin/../lib/gcc/arm-none-eabi/9.3.1/../../../../arm-none-eabi/lib/thumb/v7e-m+fp/hard\libc_nano.a(lib_a-nano-vfprintf_i.o)
                0x000000000800a180                _printf_i
 .text._putc_r  0x000000000800a3cc       0x90 c:/st/stm32cubeide_1.6.0/stm32cubeide/plugins/com.st.stm32cube.ide.mcu.externaltools.gnu-tools-for-stm32.9-2020-q2-update.win32_1.5.0.202011040924/tools/bin/../lib/gcc/arm-none-eabi/9.3.1/../../../../arm-none-eabi/lib/thumb/v7e-m+fp/hard\libc_nano.a(lib_a-putc.o)
                0x000000000800a3cc                _putc_r
 .text._read_r  0x000000000800a45c       0x24 c:/st/stm32cubeide_1.6.0/stm32cubeide/plugins/com.st.stm32cube.ide.mcu.externaltools.gnu-tools-for-stm32.9-2020-q2-update.win32_1.5.0.202011040924/tools/bin/../lib/gcc/arm-none-eabi/9.3.1/../../../../arm-none-eabi/lib/thumb/v7e-m+fp/hard\libc_nano.a(lib_a-readr.o)
                0x000000000800a45c                _read_r
 .text._fstat_r
                0x000000000800a480       0x24 c:/st/stm32cubeide_1.6.0/stm32cubeide/plugins/com.st.stm32cube.ide.mcu.externaltools.gnu-tools-for-stm32.9-2020-q2-update.win32_1.5.0.202011040924/tools/bin/../lib/gcc/arm-none-eabi/9.3.1/../../../../arm-none-eabi/lib/thumb/v7e-m+fp/hard\libc_nano.a(lib_a-fstatr.o)
                0x000000000800a480                _fstat_r
 .text._isatty_r
                0x000000000800a4a4       0x20 c:/st/stm32cubeide_1.6.0/stm32cubeide/plugins/com.st.stm32cube.ide.mcu.externaltools.gnu-tools-for-stm32.9-2020-q2-update.win32_1.5.0.202011040924/tools/bin/../lib/gcc/arm-none-eabi/9.3.1/../../../../arm-none-eabi/lib/thumb/v7e-m+fp/hard\libc_nano.a(lib_a-isattyr.o)
                0x000000000800a4a4                _isatty_r
 *(.glue_7)
 .glue_7        0x000000000800a4c4        0x0 linker stubs
 *(.glue_7t)
 .glue_7t       0x000000000800a4c4        0x0 linker stubs
 *(.eh_frame)
 .eh_frame      0x000000000800a4c4        0x0 c:/st/stm32cubeide_1.6.0/stm32cubeide/plugins/com.st.stm32cube.ide.mcu.externaltools.gnu-tools-for-stm32.9-2020-q2-update.win32_1.5.0.202011040924/tools/bin/../lib/gcc/arm-none-eabi/9.3.1/thumb/v7e-m+fp/hard/crtbegin.o
 *(.init)
 .init          0x000000000800a4c4        0x4 c:/st/stm32cubeide_1.6.0/stm32cubeide/plugins/com.st.stm32cube.ide.mcu.externaltools.gnu-tools-for-stm32.9-2020-q2-update.win32_1.5.0.202011040924/tools/bin/../lib/gcc/arm-none-eabi/9.3.1/thumb/v7e-m+fp/hard/crti.o
                0x000000000800a4c4                _init
 .init          0x000000000800a4c8        0x8 c:/st/stm32cubeide_1.6.0/stm32cubeide/plugins/com.st.stm32cube.ide.mcu.externaltools.gnu-tools-for-stm32.9-2020-q2-update.win32_1.5.0.202011040924/tools/bin/../lib/gcc/arm-none-eabi/9.3.1/thumb/v7e-m+fp/hard/crtn.o
 *(.fini)
 .fini          0x000000000800a4d0        0x4 c:/st/stm32cubeide_1.6.0/stm32cubeide/plugins/com.st.stm32cube.ide.mcu.externaltools.gnu-tools-for-stm32.9-2020-q2-update.win32_1.5.0.202011040924/tools/bin/../lib/gcc/arm-none-eabi/9.3.1/thumb/v7e-m+fp/hard/crti.o
                0x000000000800a4d0                _fini
 .fini          0x000000000800a4d4        0x8 c:/st/stm32cubeide_1.6.0/stm32cubeide/plugins/com.st.stm32cube.ide.mcu.externaltools.gnu-tools-for-stm32.9-2020-q2-update.win32_1.5.0.202011040924/tools/bin/../lib/gcc/arm-none-eabi/9.3.1/thumb/v7e-m+fp/hard/crtn.o
                0x000000000800a4dc                . = ALIGN (0x4)
                0x000000000800a4dc                _etext = .

.vfp11_veneer   0x000000000800a4dc        0x0
 .vfp11_veneer  0x000000000800a4dc        0x0 linker stubs

.v4_bx          0x000000000800a4dc        0x0
 .v4_bx         0x000000000800a4dc        0x0 linker stubs

.iplt           0x000000000800a4dc        0x0
 .iplt          0x000000000800a4dc        0x0 c:/st/stm32cubeide_1.6.0/stm32cubeide/plugins/com.st.stm32cube.ide.mcu.externaltools.gnu-tools-for-stm32.9-2020-q2-update.win32_1.5.0.202011040924/tools/bin/../lib/gcc/arm-none-eabi/9.3.1/thumb/v7e-m+fp/hard/crtbegin.o

.rodata         0x000000000800a4dc      0x338
                0x000000000800a4dc                . = ALIGN (0x4)
 *(.rodata)
 .rodata        0x000000000800a4dc      0x11c BlueNRG_MS/App/app_bluenrg_ms.o
 .rodata        0x000000000800a5f8       0xed BlueNRG_MS/App/sample_service.o
 *fill*         0x000000000800a6e5        0x3 
 .rodata        0x000000000800a6e8        0xd BlueNRG_MS/Target/hci_tl_interface.o
 *(.rodata*)
 *fill*         0x000000000800a6f5        0x3 
 .rodata.AHBPrescTable
                0x000000000800a6f8       0x10 Core/Src/system_stm32l4xx.o
                0x000000000800a6f8                AHBPrescTable
 .rodata.APBPrescTable
                0x000000000800a708        0x8 Core/Src/system_stm32l4xx.o
                0x000000000800a708                APBPrescTable
 .rodata.MSIRangeTable
                0x000000000800a710       0x30 Core/Src/system_stm32l4xx.o
                0x000000000800a710                MSIRangeTable
 .rodata.LedGpioInit.9989
                0x000000000800a740        0x4 Drivers/BSP/B-L4S5I-IOT01A/b_l4s5i_iot01a.o
 .rodata.ButtonGpioInit.10020
                0x000000000800a744        0x4 Drivers/BSP/B-L4S5I-IOT01A/b_l4s5i_iot01a.o
 .rodata.BUTTON_EXTI_LINE.10019
                0x000000000800a748        0x4 Drivers/BSP/B-L4S5I-IOT01A/b_l4s5i_iot01a.o
 .rodata.ButtonCallback.10017
                0x000000000800a74c        0x4 Drivers/BSP/B-L4S5I-IOT01A/b_l4s5i_iot01a.o
 .rodata.BSP_BUTTON_PRIO.10018
                0x000000000800a750        0x4 Drivers/BSP/B-L4S5I-IOT01A/b_l4s5i_iot01a.o
 .rodata.UARTPrescTable
                0x000000000800a754       0x18 Drivers/STM32L4xx_HAL_Driver/Src/stm32l4xx_hal_uart.o
                0x000000000800a754                UARTPrescTable
 .rodata.numerator.9936
                0x000000000800a76c        0x8 Drivers/STM32L4xx_HAL_Driver/Src/stm32l4xx_hal_uart_ex.o
 .rodata.denominator.9937
                0x000000000800a774        0x8 Drivers/STM32L4xx_HAL_Driver/Src/stm32l4xx_hal_uart_ex.o
 .rodata.__sf_fake_stderr
                0x000000000800a77c       0x20 c:/st/stm32cubeide_1.6.0/stm32cubeide/plugins/com.st.stm32cube.ide.mcu.externaltools.gnu-tools-for-stm32.9-2020-q2-update.win32_1.5.0.202011040924/tools/bin/../lib/gcc/arm-none-eabi/9.3.1/../../../../arm-none-eabi/lib/thumb/v7e-m+fp/hard\libc_nano.a(lib_a-findfp.o)
                0x000000000800a77c                __sf_fake_stderr
 .rodata.__sf_fake_stdin
                0x000000000800a79c       0x20 c:/st/stm32cubeide_1.6.0/stm32cubeide/plugins/com.st.stm32cube.ide.mcu.externaltools.gnu-tools-for-stm32.9-2020-q2-update.win32_1.5.0.202011040924/tools/bin/../lib/gcc/arm-none-eabi/9.3.1/../../../../arm-none-eabi/lib/thumb/v7e-m+fp/hard\libc_nano.a(lib_a-findfp.o)
                0x000000000800a79c                __sf_fake_stdin
 .rodata.__sf_fake_stdout
                0x000000000800a7bc       0x20 c:/st/stm32cubeide_1.6.0/stm32cubeide/plugins/com.st.stm32cube.ide.mcu.externaltools.gnu-tools-for-stm32.9-2020-q2-update.win32_1.5.0.202011040924/tools/bin/../lib/gcc/arm-none-eabi/9.3.1/../../../../arm-none-eabi/lib/thumb/v7e-m+fp/hard\libc_nano.a(lib_a-findfp.o)
                0x000000000800a7bc                __sf_fake_stdout
 .rodata._global_impure_ptr
                0x000000000800a7dc        0x4 c:/st/stm32cubeide_1.6.0/stm32cubeide/plugins/com.st.stm32cube.ide.mcu.externaltools.gnu-tools-for-stm32.9-2020-q2-update.win32_1.5.0.202011040924/tools/bin/../lib/gcc/arm-none-eabi/9.3.1/../../../../arm-none-eabi/lib/thumb/v7e-m+fp/hard\libc_nano.a(lib_a-impure.o)
                0x000000000800a7dc                _global_impure_ptr
 .rodata._vfprintf_r.str1.1
                0x000000000800a7e0       0x11 c:/st/stm32cubeide_1.6.0/stm32cubeide/plugins/com.st.stm32cube.ide.mcu.externaltools.gnu-tools-for-stm32.9-2020-q2-update.win32_1.5.0.202011040924/tools/bin/../lib/gcc/arm-none-eabi/9.3.1/../../../../arm-none-eabi/lib/thumb/v7e-m+fp/hard\libc_nano.a(lib_a-nano-vfprintf.o)
 .rodata._printf_i.str1.1
                0x000000000800a7f1       0x22 c:/st/stm32cubeide_1.6.0/stm32cubeide/plugins/com.st.stm32cube.ide.mcu.externaltools.gnu-tools-for-stm32.9-2020-q2-update.win32_1.5.0.202011040924/tools/bin/../lib/gcc/arm-none-eabi/9.3.1/../../../../arm-none-eabi/lib/thumb/v7e-m+fp/hard\libc_nano.a(lib_a-nano-vfprintf_i.o)
                0x000000000800a814                . = ALIGN (0x4)
 *fill*         0x000000000800a813        0x1 

.ARM.extab      0x000000000800a814        0x0
                0x000000000800a814                . = ALIGN (0x4)
 *(.ARM.extab* .gnu.linkonce.armextab.*)
                0x000000000800a814                . = ALIGN (0x4)

.ARM            0x000000000800a814        0x8
                0x000000000800a814                . = ALIGN (0x4)
                0x000000000800a814                __exidx_start = .
 *(.ARM.exidx*)
 .ARM.exidx     0x000000000800a814        0x8 c:/st/stm32cubeide_1.6.0/stm32cubeide/plugins/com.st.stm32cube.ide.mcu.externaltools.gnu-tools-for-stm32.9-2020-q2-update.win32_1.5.0.202011040924/tools/bin/../lib/gcc/arm-none-eabi/9.3.1/thumb/v7e-m+fp/hard\libgcc.a(_udivmoddi4.o)
                0x000000000800a81c                __exidx_end = .
                0x000000000800a81c                . = ALIGN (0x4)

.rel.dyn        0x000000000800a81c        0x0
 .rel.iplt      0x000000000800a81c        0x0 c:/st/stm32cubeide_1.6.0/stm32cubeide/plugins/com.st.stm32cube.ide.mcu.externaltools.gnu-tools-for-stm32.9-2020-q2-update.win32_1.5.0.202011040924/tools/bin/../lib/gcc/arm-none-eabi/9.3.1/thumb/v7e-m+fp/hard/crtbegin.o

.preinit_array  0x000000000800a81c        0x0
                0x000000000800a81c                . = ALIGN (0x4)
                0x000000000800a81c                PROVIDE (__preinit_array_start = .)
 *(.preinit_array*)
                0x000000000800a81c                PROVIDE (__preinit_array_end = .)
                0x000000000800a81c                . = ALIGN (0x4)

.init_array     0x000000000800a81c        0x4
                0x000000000800a81c                . = ALIGN (0x4)
                0x000000000800a81c                PROVIDE (__init_array_start = .)
 *(SORT_BY_NAME(.init_array.*))
 *(.init_array*)
 .init_array    0x000000000800a81c        0x4 c:/st/stm32cubeide_1.6.0/stm32cubeide/plugins/com.st.stm32cube.ide.mcu.externaltools.gnu-tools-for-stm32.9-2020-q2-update.win32_1.5.0.202011040924/tools/bin/../lib/gcc/arm-none-eabi/9.3.1/thumb/v7e-m+fp/hard/crtbegin.o
                0x000000000800a820                PROVIDE (__init_array_end = .)
                0x000000000800a820                . = ALIGN (0x4)

.fini_array     0x000000000800a820        0x4
                0x000000000800a820                . = ALIGN (0x4)
                [!provide]                        PROVIDE (__fini_array_start = .)
 *(SORT_BY_NAME(.fini_array.*))
 *(.fini_array*)
 .fini_array    0x000000000800a820        0x4 c:/st/stm32cubeide_1.6.0/stm32cubeide/plugins/com.st.stm32cube.ide.mcu.externaltools.gnu-tools-for-stm32.9-2020-q2-update.win32_1.5.0.202011040924/tools/bin/../lib/gcc/arm-none-eabi/9.3.1/thumb/v7e-m+fp/hard/crtbegin.o
                [!provide]                        PROVIDE (__fini_array_end = .)
                0x000000000800a824                . = ALIGN (0x4)
                0x000000000800a824                _sidata = LOADADDR (.data)

.data           0x0000000020000000       0x88 load address 0x000000000800a824
                0x0000000020000000                . = ALIGN (0x4)
                0x0000000020000000                _sdata = .
 *(.data)
 *(.data*)
 .data.user_button_init_state
                0x0000000020000000        0x1 BlueNRG_MS/App/app_bluenrg_ms.o
 .data.set_connectable
                0x0000000020000001        0x1 BlueNRG_MS/App/sample_service.o
                0x0000000020000001                set_connectable
 *fill*         0x0000000020000002        0x2 
 .data.SystemCoreClock
                0x0000000020000004        0x4 Core/Src/system_stm32l4xx.o
                0x0000000020000004                SystemCoreClock
 .data.LED_PORT
                0x0000000020000008        0x4 Drivers/BSP/B-L4S5I-IOT01A/b_l4s5i_iot01a.o
 .data.BUTTON_PORT
                0x000000002000000c        0x4 Drivers/BSP/B-L4S5I-IOT01A/b_l4s5i_iot01a.o
 .data.hpb_exti
                0x0000000020000010        0x8 Drivers/BSP/B-L4S5I-IOT01A/b_l4s5i_iot01a.o
                0x0000000020000010                hpb_exti
 .data.COM_USART
                0x0000000020000018        0x4 Drivers/BSP/B-L4S5I-IOT01A/b_l4s5i_iot01a.o
                0x0000000020000018                COM_USART
 .data.uwTickPrio
                0x000000002000001c        0x4 Drivers/STM32L4xx_HAL_Driver/Src/stm32l4xx_hal.o
                0x000000002000001c                uwTickPrio
 .data.uwTickFreq
                0x0000000020000020        0x1 Drivers/STM32L4xx_HAL_Driver/Src/stm32l4xx_hal.o
                0x0000000020000020                uwTickFreq
 *fill*         0x0000000020000021        0x3 
 .data._impure_ptr
                0x0000000020000024        0x4 c:/st/stm32cubeide_1.6.0/stm32cubeide/plugins/com.st.stm32cube.ide.mcu.externaltools.gnu-tools-for-stm32.9-2020-q2-update.win32_1.5.0.202011040924/tools/bin/../lib/gcc/arm-none-eabi/9.3.1/../../../../arm-none-eabi/lib/thumb/v7e-m+fp/hard\libc_nano.a(lib_a-impure.o)
                0x0000000020000024                _impure_ptr
 .data.impure_data
                0x0000000020000028       0x60 c:/st/stm32cubeide_1.6.0/stm32cubeide/plugins/com.st.stm32cube.ide.mcu.externaltools.gnu-tools-for-stm32.9-2020-q2-update.win32_1.5.0.202011040924/tools/bin/../lib/gcc/arm-none-eabi/9.3.1/../../../../arm-none-eabi/lib/thumb/v7e-m+fp/hard\libc_nano.a(lib_a-impure.o)
 *(.RamFunc)
 *(.RamFunc*)
                0x0000000020000088                . = ALIGN (0x4)
                0x0000000020000088                _edata = .

.igot.plt       0x0000000020000088        0x0 load address 0x000000000800a8ac
 .igot.plt      0x0000000020000088        0x0 c:/st/stm32cubeide_1.6.0/stm32cubeide/plugins/com.st.stm32cube.ide.mcu.externaltools.gnu-tools-for-stm32.9-2020-q2-update.win32_1.5.0.202011040924/tools/bin/../lib/gcc/arm-none-eabi/9.3.1/thumb/v7e-m+fp/hard/crtbegin.o
                0x0000000020000088                . = ALIGN (0x4)

.bss            0x0000000020000088      0x87c load address 0x000000000800a8ac
                0x0000000020000088                _sbss = .
                0x0000000020000088                __bss_start__ = _sbss
 *(.bss)
 .bss           0x0000000020000088       0x1c c:/st/stm32cubeide_1.6.0/stm32cubeide/plugins/com.st.stm32cube.ide.mcu.externaltools.gnu-tools-for-stm32.9-2020-q2-update.win32_1.5.0.202011040924/tools/bin/../lib/gcc/arm-none-eabi/9.3.1/thumb/v7e-m+fp/hard/crtbegin.o
 *(.bss*)
 .bss.bnrg_expansion_board
                0x00000000200000a4        0x1 BlueNRG_MS/App/app_bluenrg_ms.o
                0x00000000200000a4                bnrg_expansion_board
 .bss.user_button_pressed
                0x00000000200000a5        0x1 BlueNRG_MS/App/app_bluenrg_ms.o
 .bss.BLE_Role  0x00000000200000a6        0x1 BlueNRG_MS/App/app_bluenrg_ms.o
                0x00000000200000a6                BLE_Role
 *fill*         0x00000000200000a7        0x1 
 .bss.connected
                0x00000000200000a8        0x4 BlueNRG_MS/App/sample_service.o
                0x00000000200000a8                connected
 .bss.connection_handle
                0x00000000200000ac        0x2 BlueNRG_MS/App/sample_service.o
                0x00000000200000ac                connection_handle
 .bss.notification_enabled
                0x00000000200000ae        0x1 BlueNRG_MS/App/sample_service.o
                0x00000000200000ae                notification_enabled
 .bss.start_read_tx_char_handle
                0x00000000200000af        0x1 BlueNRG_MS/App/sample_service.o
                0x00000000200000af                start_read_tx_char_handle
 .bss.start_read_rx_char_handle
                0x00000000200000b0        0x1 BlueNRG_MS/App/sample_service.o
                0x00000000200000b0                start_read_rx_char_handle
 .bss.end_read_tx_char_handle
                0x00000000200000b1        0x1 BlueNRG_MS/App/sample_service.o
                0x00000000200000b1                end_read_tx_char_handle
 .bss.end_read_rx_char_handle
                0x00000000200000b2        0x1 BlueNRG_MS/App/sample_service.o
                0x00000000200000b2                end_read_rx_char_handle
 *fill*         0x00000000200000b3        0x1 
 .bss.read_char_buf.10422
                0x00000000200000b4       0xff BlueNRG_MS/Target/hci_tl_interface.o
 *fill*         0x00000000200001b3        0x1 
 .bss.DFSDM1_Init
                0x00000000200001b4        0x4 Core/Src/stm32l4xx_hal_msp.o
 .bss.__sbrk_heap_end
                0x00000000200001b8        0x4 Core/Src/sysmem.o
 .bss.COM_ActiveLogPort
                0x00000000200001bc        0x1 Drivers/BSP/B-L4S5I-IOT01A/b_l4s5i_iot01a.o
 *fill*         0x00000000200001bd        0x3 
 .bss.SPI3InitCounter
                0x00000000200001c0        0x4 Drivers/BSP/B-L4S5I-IOT01A/b_l4s5i_iot01a_bus.o
 .bss.v_dfsdm1ChannelCounter
                0x00000000200001c4        0x4 Drivers/STM32L4xx_HAL_Driver/Src/stm32l4xx_hal_dfsdm.o
 .bss.a_dfsdm1ChannelHandle
                0x00000000200001c8       0x20 Drivers/STM32L4xx_HAL_Driver/Src/stm32l4xx_hal_dfsdm.o
 .bss.hciReadPacketBuffer
                0x00000000200001e8      0x2bc Middlewares/ST/BlueNRG-MS/hci/hci_tl_patterns/Basic/hci_tl.o
 .bss.hciContext
                0x00000000200004a4       0x20 Middlewares/ST/BlueNRG-MS/hci/hci_tl_patterns/Basic/hci_tl.o
 .bss.__malloc_free_list
                0x00000000200004c4        0x4 c:/st/stm32cubeide_1.6.0/stm32cubeide/plugins/com.st.stm32cube.ide.mcu.externaltools.gnu-tools-for-stm32.9-2020-q2-update.win32_1.5.0.202011040924/tools/bin/../lib/gcc/arm-none-eabi/9.3.1/../../../../arm-none-eabi/lib/thumb/v7e-m+fp/hard\libc_nano.a(lib_a-nano-mallocr.o)
                0x00000000200004c4                __malloc_free_list
 .bss.__malloc_sbrk_start
                0x00000000200004c8        0x4 c:/st/stm32cubeide_1.6.0/stm32cubeide/plugins/com.st.stm32cube.ide.mcu.externaltools.gnu-tools-for-stm32.9-2020-q2-update.win32_1.5.0.202011040924/tools/bin/../lib/gcc/arm-none-eabi/9.3.1/../../../../arm-none-eabi/lib/thumb/v7e-m+fp/hard\libc_nano.a(lib_a-nano-mallocr.o)
                0x00000000200004c8                __malloc_sbrk_start
 *(COMMON)
 COMMON         0x00000000200004cc        0xa BlueNRG_MS/App/sample_service.o
                0x00000000200004cc                tx_handle
                0x00000000200004ce                rx_handle
                0x00000000200004d0                TXCharHandle
                0x00000000200004d2                sampleServHandle
                0x00000000200004d4                RXCharHandle
 *fill*         0x00000000200004d6        0x2 
 COMMON         0x00000000200004d8        0x8 BlueNRG_MS/Target/hci_tl_interface.o
                0x00000000200004d8                hexti6
 COMMON         0x00000000200004e0      0x30c Core/Src/main.o
                0x00000000200004e0                huart3
                0x0000000020000570                hi2c1
                0x00000000200005bc                hospi1
                0x000000002000060c                hi2c2
                0x0000000020000658                hadc1
                0x00000000200006c0                hspi1
                0x0000000020000724                huart2
                0x00000000200007b4                hdfsdm1_channel2
 COMMON         0x00000000200007ec       0x90 Drivers/BSP/B-L4S5I-IOT01A/b_l4s5i_iot01a.o
                0x00000000200007ec                hcom_uart
 COMMON         0x000000002000087c       0x64 Drivers/BSP/B-L4S5I-IOT01A/b_l4s5i_iot01a_bus.o
                0x000000002000087c                hspi3
 COMMON         0x00000000200008e0        0x4 Drivers/STM32L4xx_HAL_Driver/Src/stm32l4xx_hal.o
                0x00000000200008e0                uwTick
 COMMON         0x00000000200008e4       0x10 Middlewares/ST/BlueNRG-MS/hci/hci_tl_patterns/Basic/hci_tl.o
                0x00000000200008e4                hciReadPktPool
                0x00000000200008ec                hciReadPktRxQueue
 COMMON         0x00000000200008f4        0x9 c:/st/stm32cubeide_1.6.0/stm32cubeide/plugins/com.st.stm32cube.ide.mcu.externaltools.gnu-tools-for-stm32.9-2020-q2-update.win32_1.5.0.202011040924/tools/bin/../lib/gcc/arm-none-eabi/9.3.1/../../../../arm-none-eabi/lib/thumb/v7e-m+fp/hard\libc_nano.a(lib_a-lock.o)
                0x00000000200008f4                __lock___atexit_recursive_mutex
                0x00000000200008f5                __lock___arc4random_mutex
                0x00000000200008f6                __lock___env_recursive_mutex
                0x00000000200008f7                __lock___sinit_recursive_mutex
                0x00000000200008f8                __lock___malloc_recursive_mutex
                0x00000000200008f9                __lock___at_quick_exit_mutex
                0x00000000200008fa                __lock___dd_hash_mutex
                0x00000000200008fb                __lock___tz_mutex
                0x00000000200008fc                __lock___sfp_recursive_mutex
 *fill*         0x00000000200008fd        0x3 
 COMMON         0x0000000020000900        0x4 c:/st/stm32cubeide_1.6.0/stm32cubeide/plugins/com.st.stm32cube.ide.mcu.externaltools.gnu-tools-for-stm32.9-2020-q2-update.win32_1.5.0.202011040924/tools/bin/../lib/gcc/arm-none-eabi/9.3.1/../../../../arm-none-eabi/lib/thumb/v7e-m+fp/hard\libc_nano.a(lib_a-reent.o)
                0x0000000020000900                errno
                0x0000000020000904                . = ALIGN (0x4)
                0x0000000020000904                _ebss = .
                0x0000000020000904                __bss_end__ = _ebss

._user_heap_stack
                0x0000000020000904      0x604 load address 0x000000000800a8ac
                0x0000000020000908                . = ALIGN (0x8)
 *fill*         0x0000000020000904        0x4 
                [!provide]                        PROVIDE (end = .)
                0x0000000020000908                PROVIDE (_end = .)
                0x0000000020000b08                . = (. + _Min_Heap_Size)
 *fill*         0x0000000020000908      0x200 
                0x0000000020000f08                . = (. + _Min_Stack_Size)
 *fill*         0x0000000020000b08      0x400 
                0x0000000020000f08                . = ALIGN (0x8)

/DISCARD/
 libc.a(*)
 libm.a(*)
 libgcc.a(*)

.ARM.attributes
                0x0000000000000000       0x30
 *(.ARM.attributes)
 .ARM.attributes
                0x0000000000000000       0x1e c:/st/stm32cubeide_1.6.0/stm32cubeide/plugins/com.st.stm32cube.ide.mcu.externaltools.gnu-tools-for-stm32.9-2020-q2-update.win32_1.5.0.202011040924/tools/bin/../lib/gcc/arm-none-eabi/9.3.1/thumb/v7e-m+fp/hard/crti.o
 .ARM.attributes
                0x000000000000001e       0x34 c:/st/stm32cubeide_1.6.0/stm32cubeide/plugins/com.st.stm32cube.ide.mcu.externaltools.gnu-tools-for-stm32.9-2020-q2-update.win32_1.5.0.202011040924/tools/bin/../lib/gcc/arm-none-eabi/9.3.1/thumb/v7e-m+fp/hard/crtbegin.o
 .ARM.attributes
                0x0000000000000052       0x34 BlueNRG_MS/App/app_bluenrg_ms.o
 .ARM.attributes
                0x0000000000000086       0x34 BlueNRG_MS/App/sample_service.o
 .ARM.attributes
                0x00000000000000ba       0x34 BlueNRG_MS/Target/hci_tl_interface.o
 .ARM.attributes
                0x00000000000000ee       0x34 Core/Src/main.o
 .ARM.attributes
                0x0000000000000122       0x34 Core/Src/stm32l4xx_hal_msp.o
 .ARM.attributes
                0x0000000000000156       0x34 Core/Src/stm32l4xx_it.o
 .ARM.attributes
                0x000000000000018a       0x34 Core/Src/syscalls.o
 .ARM.attributes
                0x00000000000001be       0x34 Core/Src/sysmem.o
 .ARM.attributes
                0x00000000000001f2       0x34 Core/Src/system_stm32l4xx.o
 .ARM.attributes
                0x0000000000000226       0x21 Core/Startup/startup_stm32l4s5vitx.o
 .ARM.attributes
                0x0000000000000247       0x34 Drivers/BSP/B-L4S5I-IOT01A/b_l4s5i_iot01a.o
 .ARM.attributes
                0x000000000000027b       0x34 Drivers/BSP/B-L4S5I-IOT01A/b_l4s5i_iot01a_bus.o
 .ARM.attributes
                0x00000000000002af       0x34 Drivers/STM32L4xx_HAL_Driver/Src/stm32l4xx_hal.o
 .ARM.attributes
                0x00000000000002e3       0x34 Drivers/STM32L4xx_HAL_Driver/Src/stm32l4xx_hal_adc.o
 .ARM.attributes
                0x0000000000000317       0x34 Drivers/STM32L4xx_HAL_Driver/Src/stm32l4xx_hal_cortex.o
 .ARM.attributes
                0x000000000000034b       0x34 Drivers/STM32L4xx_HAL_Driver/Src/stm32l4xx_hal_dfsdm.o
 .ARM.attributes
                0x000000000000037f       0x34 Drivers/STM32L4xx_HAL_Driver/Src/stm32l4xx_hal_exti.o
 .ARM.attributes
                0x00000000000003b3       0x34 Drivers/STM32L4xx_HAL_Driver/Src/stm32l4xx_hal_gpio.o
 .ARM.attributes
                0x00000000000003e7       0x34 Drivers/STM32L4xx_HAL_Driver/Src/stm32l4xx_hal_i2c.o
 .ARM.attributes
                0x000000000000041b       0x34 Drivers/STM32L4xx_HAL_Driver/Src/stm32l4xx_hal_i2c_ex.o
 .ARM.attributes
                0x000000000000044f       0x34 Drivers/STM32L4xx_HAL_Driver/Src/stm32l4xx_hal_ospi.o
 .ARM.attributes
                0x0000000000000483       0x34 Drivers/STM32L4xx_HAL_Driver/Src/stm32l4xx_hal_pwr.o
 .ARM.attributes
                0x00000000000004b7       0x34 Drivers/STM32L4xx_HAL_Driver/Src/stm32l4xx_hal_pwr_ex.o
 .ARM.attributes
                0x00000000000004eb       0x34 Drivers/STM32L4xx_HAL_Driver/Src/stm32l4xx_hal_rcc.o
 .ARM.attributes
                0x000000000000051f       0x34 Drivers/STM32L4xx_HAL_Driver/Src/stm32l4xx_hal_rcc_ex.o
 .ARM.attributes
                0x0000000000000553       0x34 Drivers/STM32L4xx_HAL_Driver/Src/stm32l4xx_hal_spi.o
 .ARM.attributes
                0x0000000000000587       0x34 Drivers/STM32L4xx_HAL_Driver/Src/stm32l4xx_hal_uart.o
 .ARM.attributes
                0x00000000000005bb       0x34 Drivers/STM32L4xx_HAL_Driver/Src/stm32l4xx_hal_uart_ex.o
 .ARM.attributes
                0x00000000000005ef       0x34 Middlewares/ST/BlueNRG-MS/hci/controller/bluenrg_gap_aci.o
 .ARM.attributes
                0x0000000000000623       0x34 Middlewares/ST/BlueNRG-MS/hci/controller/bluenrg_gatt_aci.o
 .ARM.attributes
                0x0000000000000657       0x34 Middlewares/ST/BlueNRG-MS/hci/controller/bluenrg_hal_aci.o
 .ARM.attributes
                0x000000000000068b       0x34 Middlewares/ST/BlueNRG-MS/hci/controller/bluenrg_utils_small.o
 .ARM.attributes
                0x00000000000006bf       0x34 Middlewares/ST/BlueNRG-MS/hci/hci_le.o
 .ARM.attributes
                0x00000000000006f3       0x34 Middlewares/ST/BlueNRG-MS/hci/hci_tl_patterns/Basic/hci_tl.o
 .ARM.attributes
                0x0000000000000727       0x34 Middlewares/ST/BlueNRG-MS/utils/ble_list.o
 .ARM.attributes
                0x000000000000075b       0x34 c:/st/stm32cubeide_1.6.0/stm32cubeide/plugins/com.st.stm32cube.ide.mcu.externaltools.gnu-tools-for-stm32.9-2020-q2-update.win32_1.5.0.202011040924/tools/bin/../lib/gcc/arm-none-eabi/9.3.1/../../../../arm-none-eabi/lib/thumb/v7e-m+fp/hard\libc_nano.a(lib_a-errno.o)
 .ARM.attributes