main.c:87:5:main	8	static
main.c:140:6:SystemClock_Config	248	static
main.c:223:13:MX_ADC1_Init	32	static
main.c:279:13:MX_DFSDM1_Init	8	static
main.c:317:13:MX_I2C1_Init	8	static
main.c:363:13:MX_I2C2_Init	8	static
main.c:409:13:MX_OCTOSPI1_Init	32	static
main.c:457:13:MX_SPI1_Init	8	static
main.c:497:13:MX_USART2_UART_Init	8	static
main.c:545:13:MX_USART3_UART_Init	8	static
main.c:593:13:MX_USB_OTG_FS_USB_Init	4	static
main.c:614:13:MX_GPIO_Init	56	static
main.c:752:6:Error_Handler	4	static,ignoring_inline_asm
